Serial port 1 (console) output for keyvalue
[2J[01;01H[=3h[2J[01;01H[2J[01;01H[=3h[2J[01;01H[2J[01;01H[=3h[2J[01;01H[0m[35m[40m[2J[01;01H[=3h[2J[01;01H[0m[37m[40m[2J[01;01H[=3h[2J[01;01H[0m[35m[40m[0m[37m[40mBdsDxe: loading Boot0001 "UEFI Google PersistentDisk " from PciRoot(0x0)/Pci(0x3,0x0)/Scsi(0x1,0x0)
BdsDxe: starting Boot0001 "UEFI Google PersistentDisk " from PciRoot(0x0)/Pci(0x3,0x0)/Scsi(0x1,0x0)

UEFI: Attempting to start image.
Description: UEFI Google PersistentDisk 
FilePath: PciRoot(0x0)/Pci(0x3,0x0)/Scsi(0x1,0x0)
OptionNumber: 1.

[0m[30m[40m[2J[01;01H[0m[37m[40merror: no such device: root.


Press any key to continue...

[    0.000000] Linux version 5.4.0-1028-gcp (buildd@lcy01-amd64-018) (gcc version 7.5.0 (Ubuntu 7.5.0-3ubuntu1~18.04)) #29~18.04.1-Ubuntu SMP Mon Oct 5 16:41:43 UTC 2020 (Ubuntu 5.4.0-1028.29~18.04.1-gcp 5.4.65)
[    0.000000] Command line: BOOT_IMAGE=/boot/vmlinuz-5.4.0-1028-gcp root=LABEL=cloudimg-rootfs ro console=ttyS0
[    0.000000] KERNEL supported cpus:
[    0.000000]   Intel GenuineIntel
[    0.000000]   AMD AuthenticAMD
[    0.000000]   Hygon HygonGenuine
[    0.000000]   Centaur CentaurHauls
[    0.000000]   zhaoxin   Shanghai  
[    0.000000] x86/fpu: Supporting XSAVE feature 0x001: 'x87 floating point registers'
[    0.000000] x86/fpu: Supporting XSAVE feature 0x002: 'SSE registers'
[    0.000000] x86/fpu: Supporting XSAVE feature 0x004: 'AVX registers'
[    0.000000] x86/fpu: xstate_offset[2]:  576, xstate_sizes[2]:  256
[    0.000000] x86/fpu: Enabled xstate features 0x7, context size is 832 bytes, using 'standard' format.
[    0.000000] BIOS-provided physical RAM map:
[    0.000000] BIOS-e820: [mem 0x0000000000000000-0x0000000000000fff] reserved
[    0.000000] BIOS-e820: [mem 0x0000000000001000-0x0000000000054fff] usable
[    0.000000] BIOS-e820: [mem 0x0000000000055000-0x000000000005ffff] reserved
[    0.000000] BIOS-e820: [mem 0x0000000000060000-0x0000000000097fff] usable
[    0.000000] BIOS-e820: [mem 0x0000000000098000-0x000000000009ffff] reserved
[    0.000000] BIOS-e820: [mem 0x0000000000100000-0x00000000bd956fff] usable
[    0.000000] BIOS-e820: [mem 0x00000000bd957000-0x00000000bd959fff] ACPI data
[    0.000000] BIOS-e820: [mem 0x00000000bd95a000-0x00000000bd95afff] ACPI NVS
[    0.000000] BIOS-e820: [mem 0x00000000bd95b000-0x00000000bdadcfff] usable
[    0.000000] BIOS-e820: [mem 0x00000000bdadd000-0x00000000bdae4fff] ACPI NVS
[    0.000000] BIOS-e820: [mem 0x00000000bdae5000-0x00000000bdb1afff] reserved
[    0.000000] BIOS-e820: [mem 0x00000000bdb1b000-0x00000000beb9afff] usable
[    0.000000] BIOS-e820: [mem 0x00000000beb9b000-0x00000000bebf2fff] reserved
[    0.000000] BIOS-e820: [mem 0x00000000bebf3000-0x00000000bebfafff] ACPI data
[    0.000000] BIOS-e820: [mem 0x00000000bebfb000-0x00000000bebfefff] ACPI NVS
[    0.000000] BIOS-e820: [mem 0x00000000bebff000-0x00000000bffdffff] usable
[    0.000000] BIOS-e820: [mem 0x00000000bffe0000-0x00000000bfffffff] reserved
[    0.000000] BIOS-e820: [mem 0x0000000100000000-0x000000012fffffff] usable
[    0.000000] NX (Execute Disable) protection: active
[    0.000000] efi: EFI v2.70 by EDK II
[    0.000000] efi:  TPMFinalLog=0xbdadd000  ACPI=0xbebfa000  ACPI 2.0=0xbebfa014  SMBIOS=0xbebcd000  MEMATTR=0xbdefa218  TPMEventLog=0xbd177018 
[    0.000000] secureboot: Secure boot disabled
[    0.000000] SMBIOS 2.4 present.
[    0.000000] DMI: Google Google Compute Engine/Google Compute Engine, BIOS Google 01/01/2011
[    0.000000] Hypervisor detected: KVM
[    0.000000] kvm-clock: Using msrs 4b564d01 and 4b564d00
[    0.000000] kvm-clock: cpu 0, msr 11f801001, primary cpu clock
[    0.000000] kvm-clock: using sched offset of 18806847287 cycles
[    0.000003] clocksource: kvm-clock: mask: 0xffffffffffffffff max_cycles: 0x1cd42e4dffb, max_idle_ns: 881590591483 ns
[    0.000005] tsc: Detected 2300.000 MHz processor
[    0.000087] last_pfn = 0x130000 max_arch_pfn = 0x400000000
[    0.000137] x86/PAT: Configuration [0-7]: WB  WC  UC- UC  WB  WP  UC- WT  
[    0.000147] last_pfn = 0xbffe0 max_arch_pfn = 0x400000000
[    0.013902] check: Scanning 1 areas for low memory corruption
[    0.013938] Using GB pages for direct mapping
[    0.014183] secureboot: Secure boot disabled
[    0.014185] RAMDISK: [mem 0x3b1c7000-0x3d490fff]
[    0.014196] ACPI: Early table checksum verification disabled
[    0.014199] ACPI: RSDP 0x00000000BEBFA014 000024 (v02 Google)
[    0.014203] ACPI: XSDT 0x00000000BEBF90E8 00005C (v01 Google GOOGFACP 00000001      01000013)
[    0.014209] ACPI: FACP 0x00000000BEBF4000 0000F4 (v02 Google GOOGFACP 00000001 GOOG 00000001)
[    0.014216] ACPI: DSDT 0x00000000BEBF5000 0018BA (v01 Google GOOGDSDT 00000001 GOOG 00000001)
[    0.014219] ACPI: FACS 0x00000000BD95A000 000040
[    0.014223] ACPI: SSDT 0x00000000BEBF8000 000316 (v02 GOOGLE Tpm2Tabl 00001000 INTL 20160527)
[    0.014226] ACPI: TPM2 0x00000000BEBF7000 000034 (v04 GOOGLE          00000001 GOOG 00000001)
[    0.014230] ACPI: SRAT 0x00000000BEBF3000 0000B8 (v03 Google GOOGSRAT 00000001 GOOG 00000001)
[    0.014233] ACPI: APIC 0x00000000BD959000 00006E (v05 Google GOOGAPIC 00000001 GOOG 00000001)
[    0.014237] ACPI: SSDT 0x00000000BD958000 00091F (v01 Google GOOGSSDT 00000001 GOOG 00000001)
[    0.014240] ACPI: WAET 0x00000000BD957000 000028 (v01 Google GOOGWAET 00000001 GOOG 00000001)
[    0.014322] SRAT: PXM 0 -> APIC 0x00 -> Node 0
[    0.014326] ACPI: SRAT: Node 0 PXM 0 [mem 0x00000000-0x0009ffff]
[    0.014328] ACPI: SRAT: Node 0 PXM 0 [mem 0x00100000-0xbfffffff]
[    0.014330] ACPI: SRAT: Node 0 PXM 0 [mem 0x100000000-0x12fffffff]
[    0.014334] NUMA: Node 0 [mem 0x00000000-0x0009ffff] + [mem 0x00100000-0xbfffffff] -> [mem 0x00000000-0xbfffffff]
[    0.014337] NUMA: Node 0 [mem 0x00000000-0xbfffffff] + [mem 0x100000000-0x12fffffff] -> [mem 0x00000000-0x12fffffff]
[    0.014352] NODE_DATA(0) allocated [mem 0x12ffd5000-0x12fffffff]
[    0.015971] Zone ranges:
[    0.015972]   DMA      [mem 0x0000000000001000-0x0000000000ffffff]
[    0.015974]   DMA32    [mem 0x0000000001000000-0x00000000ffffffff]
[    0.015975]   Normal   [mem 0x0000000100000000-0x000000012fffffff]
[    0.015976]   Device   empty
[    0.015977] Movable zone start for each node
[    0.015980] Early memory node ranges
[    0.015981]   node   0: [mem 0x0000000000001000-0x0000000000054fff]
[    0.015982]   node   0: [mem 0x0000000000060000-0x0000000000097fff]
[    0.015983]   node   0: [mem 0x0000000000100000-0x00000000bd956fff]
[    0.015984]   node   0: [mem 0x00000000bd95b000-0x00000000bdadcfff]
[    0.015985]   node   0: [mem 0x00000000bdb1b000-0x00000000beb9afff]
[    0.015985]   node   0: [mem 0x00000000bebff000-0x00000000bffdffff]
[    0.015986]   node   0: [mem 0x0000000100000000-0x000000012fffffff]
[    0.017354] Zeroed struct page in unavailable ranges: 314 pages
[    0.017355] Initmem setup node 0 [mem 0x0000000000001000-0x000000012fffffff]
[    0.050888] ACPI: PM-Timer IO Port: 0xb008
[    0.050905] ACPI: LAPIC_NMI (acpi_id[0xff] dfl dfl lint[0x1])
[    0.050978] IOAPIC[0]: apic_id 0, version 17, address 0xfec00000, GSI 0-23
[    0.050981] ACPI: INT_SRC_OVR (bus 0 bus_irq 5 global_irq 5 high level)
[    0.050983] ACPI: INT_SRC_OVR (bus 0 bus_irq 9 global_irq 9 high level)
[    0.050984] ACPI: INT_SRC_OVR (bus 0 bus_irq 10 global_irq 10 high level)
[    0.050985] ACPI: INT_SRC_OVR (bus 0 bus_irq 11 global_irq 11 high level)
[    0.050991] Using ACPI (MADT) for SMP configuration information
[    0.050994] smpboot: Allowing 1 CPUs, 0 hotplug CPUs
[    0.051042] PM: Registered nosave memory: [mem 0x00000000-0x00000fff]
[    0.051046] PM: Registered nosave memory: [mem 0x00055000-0x0005ffff]
[    0.051049] PM: Registered nosave memory: [mem 0x00098000-0x0009ffff]
[    0.051051] PM: Registered nosave memory: [mem 0x000a0000-0x000fffff]
[    0.051055] PM: Registered nosave memory: [mem 0xbd957000-0xbd959fff]
[    0.051056] PM: Registered nosave memory: [mem 0xbd95a000-0xbd95afff]
[    0.051060] PM: Registered nosave memory: [mem 0xbdadd000-0xbdae4fff]
[    0.051061] PM: Registered nosave memory: [mem 0xbdae5000-0xbdb1afff]
[    0.051065] PM: Registered nosave memory: [mem 0xbeb9b000-0xbebf2fff]
[    0.051067] PM: Registered nosave memory: [mem 0xbebf3000-0xbebfafff]
[    0.051068] PM: Registered nosave memory: [mem 0xbebfb000-0xbebfefff]
[    0.051072] PM: Registered nosave memory: [mem 0xbffe0000-0xbfffffff]
[    0.051074] PM: Registered nosave memory: [mem 0xc0000000-0xffffffff]
[    0.051076] [mem 0xc0000000-0xffffffff] available for PCI devices
[    0.051078] Booting paravirtualized kernel on KVM
[    0.051082] clocksource: refined-jiffies: mask: 0xffffffff max_cycles: 0xffffffff, max_idle_ns: 7645519600211568 ns
[    0.051095] setup_percpu: NR_CPUS:8192 nr_cpumask_bits:1 nr_cpu_ids:1 nr_node_ids:1
[    0.051915] percpu: Embedded 54 pages/cpu s184320 r8192 d28672 u2097152
[    0.051953] Built 1 zonelists, mobility grouping on.  Total pages: 964251
[    0.051954] Policy zone: Normal
[    0.051956] Kernel command line: BOOT_IMAGE=/boot/vmlinuz-5.4.0-1028-gcp root=LABEL=cloudimg-rootfs ro console=ttyS0
[    0.053501] Dentry cache hash table entries: 524288 (order: 10, 4194304 bytes, linear)
[    0.054252] Inode-cache hash table entries: 262144 (order: 9, 2097152 bytes, linear)
[    0.054291] mem auto-init: stack:off, heap alloc:off, heap free:off
[    0.080834] Memory: 3684912K/3930904K available (14339K kernel code, 2385K rwdata, 4852K rodata, 2672K init, 5044K bss, 245992K reserved, 0K cma-reserved)
[    0.080845] random: get_random_u64 called from __kmem_cache_create+0x41/0x550 with crng_init=0
[    0.081652] SLUB: HWalign=64, Order=0-3, MinObjects=0, CPUs=1, Nodes=1
[    0.081664] Kernel/User page tables isolation: enabled
[    0.081678] ftrace: allocating 44397 entries in 174 pages
[    0.099360] rcu: Hierarchical RCU implementation.
[    0.099364] rcu: 	RCU restricting CPUs from NR_CPUS=8192 to nr_cpu_ids=1.
[    0.099365] 	Tasks RCU enabled.
[    0.099366] rcu: RCU calculated value of scheduler-enlistment delay is 25 jiffies.
[    0.099367] rcu: Adjusting geometry for rcu_fanout_leaf=16, nr_cpu_ids=1
[    0.101964] NR_IRQS: 524544, nr_irqs: 256, preallocated irqs: 16
[    0.102169] random: crng done (trusting CPU's manufacturer)
[    0.102193] Console: colour dummy device 80x25
[    0.218234] printk: console [ttyS0] enabled
[    0.218823] ACPI: Core revision 20190816
[    0.219475] APIC: Switch to symmetric I/O mode setup
[    0.220671] x2apic enabled
[    0.222245] Switched APIC routing to physical x2apic.
[    0.226056] ..TIMER: vector=0x30 apic1=0 pin1=0 apic2=-1 pin2=-1
[    0.227095] clocksource: tsc-early: mask: 0xffffffffffffffff max_cycles: 0x212735223b2, max_idle_ns: 440795277976 ns
[    0.228508] Calibrating delay loop (skipped) preset value.. 4600.00 BogoMIPS (lpj=9200000)
[    0.229606] pid_max: default: 32768 minimum: 301
[    0.232919] LSM: Security Framework initializing
[    0.233578] Yama: becoming mindful.
[    0.234088] AppArmor: AppArmor initialized
[    0.234714] Mount-cache hash table entries: 8192 (order: 4, 65536 bytes, linear)
[    0.235727] Mountpoint-cache hash table entries: 8192 (order: 4, 65536 bytes, linear)
[    0.236970] Last level iTLB entries: 4KB 1024, 2MB 1024, 4MB 1024
[    0.237789] Last level dTLB entries: 4KB 1024, 2MB 1024, 4MB 1024, 1GB 4
[    0.238688] Spectre V1 : Mitigation: usercopy/swapgs barriers and __user pointer sanitization
[    0.239826] Spectre V2 : Mitigation: Full generic retpoline
[    0.240508] Spectre V2 : Spectre v2 / SpectreRSB mitigation: Filling RSB on context switch
[    0.241602] Spectre V2 : Enabling Restricted Speculation for firmware calls
[    0.242795] Spectre V2 : mitigation: Enabling conditional Indirect Branch Prediction Barrier
[    0.244030] Speculative Store Bypass: Mitigation: Speculative Store Bypass disabled via prctl and seccomp
[    0.244509] MDS: Mitigation: Clear CPU buffers
[    0.251621] Freeing SMP alternatives memory: 40K
[    0.362494] smpboot: CPU0: Intel(R) Xeon(R) CPU @ 2.30GHz (family: 0x6, model: 0x3f, stepping: 0x0)
[    0.364505] Performance Events: unsupported p6 CPU model 63 no PMU driver, software events only.
[    0.364505] rcu: Hierarchical SRCU implementation.
[    0.365464] NMI watchdog: Perf NMI watchdog permanently disabled
[    0.366309] smp: Bringing up secondary CPUs ...
[    0.366959] smp: Brought up 1 node, 1 CPU
[    0.367508] smpboot: Max logical packages: 1
[    0.368144] smpboot: Total of 1 processors activated (4600.00 BogoMIPS)
[    0.368741] devtmpfs: initialized
[    0.369242] x86/mm: Memory block size: 128MB
[    0.370176] PM: Registering ACPI NVS region [mem 0xbd95a000-0xbd95afff] (4096 bytes)
[    0.371272] PM: Registering ACPI NVS region [mem 0xbdadd000-0xbdae4fff] (32768 bytes)
[    0.372512] PM: Registering ACPI NVS region [mem 0xbebfb000-0xbebfefff] (16384 bytes)
[    0.373619] clocksource: jiffies: mask: 0xffffffff max_cycles: 0xffffffff, max_idle_ns: 7645041785100000 ns
[    0.374904] futex hash table entries: 256 (order: 2, 16384 bytes, linear)
[    0.375858] pinctrl core: initialized pinctrl subsystem
[    0.376630] PM: RTC time: 01:18:48, date: 2020-10-24
[    0.377408] NET: Registered protocol family 16
[    0.378080] audit: initializing netlink subsys (disabled)
[    0.378922] EISA bus registered
[    0.379364] cpuidle: using governor ladder
[    0.380508] cpuidle: using governor menu
[    0.381142] ACPI: bus type PCI registered
[    0.381693] acpiphp: ACPI Hot Plug PCI Controller Driver version: 0.5
[    0.382788] PCI: Using configuration type 1 for base access
[    0.384517] audit: type=2000 audit(1603502328.603:1): state=initialized audit_enabled=0 res=1
[    0.386175] HugeTLB registered 1.00 GiB page size, pre-allocated 0 pages
[    0.387088] HugeTLB registered 2.00 MiB page size, pre-allocated 0 pages
[    0.388732] ACPI: Added _OSI(Module Device)
[    0.389328] ACPI: Added _OSI(Processor Device)
[    0.390219] ACPI: Added _OSI(3.0 _SCP Extensions)
[    0.390936] ACPI: Added _OSI(Processor Aggregator Device)
[    0.391665] ACPI: Added _OSI(Linux-Dell-Video)
[    0.392337] ACPI: Added _OSI(Linux-Lenovo-NV-HDMI-Audio)
[    0.392565] ACPI: Added _OSI(Linux-HPI-Hybrid-Graphics)
[    0.394980] ACPI: 3 ACPI AML tables successfully acquired and loaded
[    0.397367] ACPI: Interpreter enabled
[    0.397909] ACPI: (supports S0 S3 S4 S5)
[    0.398449] ACPI: Using IOAPIC for interrupt routing
[    0.399132] PCI: Using host bridge windows from ACPI; if necessary, use "pci=nocrs" and report a bug
[    0.400705] ACPI: Enabled 16 GPEs in block 00 to 0F
[    0.403921] ACPI: PCI Root Bridge [PCI0] (domain 0000 [bus 00-ff])
[    0.404520] acpi PNP0A03:00: _OSC: OS supports [ASPM ClockPM Segments MSI HPX-Type3]
[    0.405636] acpi PNP0A03:00: fail to add MMCONFIG information, can't access extended PCI configuration space under this bridge.
[    0.407946] PCI host bridge to bus 0000:00
[    0.408509] pci_bus 0000:00: root bus resource [io  0x0000-0x0cf7 window]
[    0.409498] pci_bus 0000:00: root bus resource [io  0x0d00-0xffff window]
[    0.410432] pci_bus 0000:00: root bus resource [mem 0x000a0000-0x000bffff window]
[    0.411537] pci_bus 0000:00: root bus resource [mem 0xc0000000-0xfebfefff window]
[    0.412507] pci_bus 0000:00: root bus resource [bus 00-ff]
[    0.413408] pci 0000:00:00.0: [8086:1237] type 00 class 0x060000
[    0.417144] pci 0000:00:01.0: [8086:7110] type 00 class 0x060100
[    0.431644] pci 0000:00:01.3: [8086:7113] type 00 class 0x068000
[    0.441140] pci 0000:00:01.3: quirk: [io  0xb000-0xb03f] claimed by PIIX4 ACPI
[    0.442974] pci 0000:00:03.0: [1af4:1004] type 00 class 0x000000
[    0.447782] pci 0000:00:03.0: reg 0x10: [io  0xc040-0xc07f]
[    0.451174] pci 0000:00:03.0: reg 0x14: [mem 0xc0000000-0xc000007f]
[    0.462952] pci 0000:00:04.0: [1af4:1000] type 00 class 0x020000
[    0.468073] pci 0000:00:04.0: reg 0x10: [io  0xc000-0xc03f]
[    0.471328] pci 0000:00:04.0: reg 0x14: [mem 0xc0002000-0xc000203f]
[    0.481762] pci 0000:00:05.0: [1af4:1005] type 00 class 0x00ff00
[    0.486381] pci 0000:00:05.0: reg 0x10: [io  0xc080-0xc09f]
[    0.490394] pci 0000:00:05.0: reg 0x14: [mem 0xc0001000-0xc000103f]
[    0.508322] ACPI: PCI Interrupt Link [LNKA] (IRQs 5 *10 11)
[    0.509352] ACPI: PCI Interrupt Link [LNKB] (IRQs 5 *10 11)
[    0.510862] ACPI: PCI Interrupt Link [LNKC] (IRQs 5 10 *11)
[    0.512586] ACPI: PCI Interrupt Link [LNKD] (IRQs 5 10 *11)
[    0.516556] ACPI: PCI Interrupt Link [LNKS] (IRQs *9)
[    0.517688] iommu: Default domain type: Translated 
[    0.519331] SCSI subsystem initialized
[    0.520585] vgaarb: loaded
[    0.521037] ACPI: bus type USB registered
[    0.521600] usbcore: registered new interface driver usbfs
[    0.522355] usbcore: registered new interface driver hub
[    0.523079] usbcore: registered new device driver usb
[    0.523781] pps_core: LinuxPPS API ver. 1 registered
[    0.524507] pps_core: Software ver. 5.3.6 - Copyright 2005-2007 Rodolfo Giometti <giometti@linux.it>
[    0.525725] PTP clock support registered
[    0.526312] EDAC MC: Ver: 3.0.0
[    0.526917] Registered efivars operations
[    0.527551] PCI: Using ACPI for IRQ routing
[    0.528683] NetLabel: Initializing
[    0.529156] NetLabel:  domain hash size = 128
[    0.529748] NetLabel:  protocols = UNLABELED CIPSOv4 CALIPSO
[    0.530576] NetLabel:  unlabeled traffic allowed by default
[    0.531426] clocksource: Switched to clocksource kvm-clock
[    0.542185] VFS: Disk quotas dquot_6.6.0
[    0.542794] VFS: Dquot-cache hash table entries: 512 (order 0, 4096 bytes)
[    0.543799] AppArmor: AppArmor Filesystem Enabled
[    0.544503] pnp: PnP ACPI init
[    0.545531] pnp: PnP ACPI: found 7 devices
[    0.546994] thermal_sys: Registered thermal governor 'fair_share'
[    0.546995] thermal_sys: Registered thermal governor 'bang_bang'
[    0.547864] thermal_sys: Registered thermal governor 'step_wise'
[    0.548674] thermal_sys: Registered thermal governor 'user_space'
[    0.549479] thermal_sys: Registered thermal governor 'power_allocator'
[    0.554854] clocksource: acpi_pm: mask: 0xffffff max_cycles: 0xffffff, max_idle_ns: 2085701024 ns
[    0.556973] pci_bus 0000:00: resource 4 [io  0x0000-0x0cf7 window]
[    0.557850] pci_bus 0000:00: resource 5 [io  0x0d00-0xffff window]
[    0.558737] pci_bus 0000:00: resource 6 [mem 0x000a0000-0x000bffff window]
[    0.559684] pci_bus 0000:00: resource 7 [mem 0xc0000000-0xfebfefff window]
[    0.560673] NET: Registered protocol family 2
[    0.561405] tcp_listen_portaddr_hash hash table entries: 2048 (order: 3, 32768 bytes, linear)
[    0.562571] TCP established hash table entries: 32768 (order: 6, 262144 bytes, linear)
[    0.563662] TCP bind hash table entries: 32768 (order: 7, 524288 bytes, linear)
[    0.564770] TCP: Hash tables configured (established 32768 bind 32768)
[    0.565728] UDP hash table entries: 2048 (order: 4, 65536 bytes, linear)
[    0.566660] UDP-Lite hash table entries: 2048 (order: 4, 65536 bytes, linear)
[    0.568417] NET: Registered protocol family 1
[    0.569040] NET: Registered protocol family 44
[    0.569651] pci 0000:00:00.0: Limiting direct PCI/PCI transfers
[    0.570496] PCI: CLS 0 bytes, default 64
[    0.571076] Trying to unpack rootfs image as initramfs...
[    1.138623] Freeing initrd memory: 35624K
[    1.139357] PCI-DMA: Using software bounce buffering for IO (SWIOTLB)
[    1.140231] software IO TLB: mapped [mem 0xb6ff7000-0xbaff7000] (64MB)
[    1.141163] clocksource: tsc: mask: 0xffffffffffffffff max_cycles: 0x212735223b2, max_idle_ns: 440795277976 ns
[    1.142655] clocksource: Switched to clocksource tsc
[    1.143452] check: Scanning for low memory corruption every 60 seconds
[    1.144611] Initialise system trusted keyrings
[    1.145230] Key type blacklist registered
[    1.145838] workingset: timestamp_bits=36 max_order=20 bucket_order=0
[    1.147794] zbud: loaded
[    1.148481] squashfs: version 4.0 (2009/01/31) Phillip Lougher
[    1.149436] fuse: init (API version 7.31)
[    1.150108] Platform Keyring initialized
[    1.153342] Key type asymmetric registered
[    1.153915] Asymmetric key parser 'x509' registered
[    1.154584] Block layer SCSI generic (bsg) driver version 0.4 loaded (major 244)
[    1.155617] io scheduler mq-deadline registered
[    1.156318] shpchp: Standard Hot Plug PCI Controller Driver version: 0.4
[    1.157445] input: Power Button as /devices/LNXSYSTM:00/LNXPWRBN:00/input/input0
[    1.158585] ACPI: Power Button [PWRF]
[    1.159258] input: Sleep Button as /devices/LNXSYSTM:00/LNXSLPBN:00/input/input1
[    1.160276] ACPI: Sleep Button [SLPF]
[    1.162377] PCI Interrupt Link [LNKC] enabled at IRQ 11
[    1.163202] virtio-pci 0000:00:03.0: virtio_pci: leaving for legacy driver
[    1.166829] PCI Interrupt Link [LNKD] enabled at IRQ 10
[    1.167667] virtio-pci 0000:00:04.0: virtio_pci: leaving for legacy driver
[    1.171030] PCI Interrupt Link [LNKA] enabled at IRQ 10
[    1.171871] virtio-pci 0000:00:05.0: virtio_pci: leaving for legacy driver
[    1.175068] Serial: 8250/16550 driver, 32 ports, IRQ sharing enabled
[    1.198035] 00:03: ttyS0 at I/O 0x3f8 (irq = 4, base_baud = 115200) is a 16550A
[    1.220656] 00:04: ttyS1 at I/O 0x2f8 (irq = 3, base_baud = 115200) is a 16550A
[    1.243293] 00:05: ttyS2 at I/O 0x3e8 (irq = 6, base_baud = 115200) is a 16550A
[    1.266165] 00:06: ttyS3 at I/O 0x2e8 (irq = 7, base_baud = 115200) is a 16550A
[    1.268463] Linux agpgart interface v0.103
[    1.281525] tpm_tis MSFT0101:00: 2.0 TPM (device-id 0x9009, rev-id 0)
[    1.289367] loop: module loaded
[    1.296849] scsi host0: Virtio SCSI HBA
[    1.303201] scsi 0:0:1:0: Direct-Access     Google   PersistentDisk   1    PQ: 0 ANSI: 6
[    1.304740] libphy: Fixed MDIO Bus: probed
[    1.305401] tun: Universal TUN/TAP device driver, 1.6
[    1.306326] PPP generic driver version 2.4.2
[    1.307201] VFIO - User Level meta-driver version: 0.3
[    1.308327] ehci_hcd: USB 2.0 'Enhanced' Host Controller (EHCI) Driver
[    1.309577] ehci-pci: EHCI PCI platform driver
[    1.310547] ehci-platform: EHCI generic platform driver
[    1.311510] ohci_hcd: USB 1.1 'Open' Host Controller (OHCI) Driver
[    1.312846] ohci-pci: OHCI PCI platform driver
[    1.313981] ohci-platform: OHCI generic platform driver
[    1.314951] uhci_hcd: USB Universal Host Controller Interface driver
[    1.316648] i8042: PNP: PS/2 Controller [PNP0303:KBD,PNP0f13:MOU] at 0x60,0x64 irq 1,12
[    1.318449] i8042: Warning: Keylock active
[    1.319842] serio: i8042 KBD port at 0x60,0x64 irq 1
[    1.320718] serio: i8042 AUX port at 0x60,0x64 irq 12
[    1.321984] mousedev: PS/2 mouse device common for all mice
[    1.323308] rtc_cmos 00:00: RTC can wake from S4
[    1.324768] rtc_cmos 00:00: registered as rtc0
[    1.325518] rtc_cmos 00:00: alarms up to one day, 114 bytes nvram
[    1.326421] i2c /dev entries driver
[    1.326947] device-mapper: uevent: version 1.0.3
[    1.328088] device-mapper: ioctl: 4.41.0-ioctl (2019-09-16) initialised: dm-devel@redhat.com
[    1.329691] platform eisa.0: Probing EISA bus 0
[    1.330424] platform eisa.0: EISA: Cannot allocate resource for mainboard
[    1.331834] platform eisa.0: Cannot allocate resource for EISA slot 1
[    1.333285] platform eisa.0: Cannot allocate resource for EISA slot 2
[    1.334604] platform eisa.0: Cannot allocate resource for EISA slot 3
[    1.335862] platform eisa.0: Cannot allocate resource for EISA slot 4
[    1.337253] platform eisa.0: Cannot allocate resource for EISA slot 5
[    1.338588] platform eisa.0: Cannot allocate resource for EISA slot 6
[    1.339682] platform eisa.0: Cannot allocate resource for EISA slot 7
[    1.340809] platform eisa.0: Cannot allocate resource for EISA slot 8
[    1.341937] platform eisa.0: EISA: Detected 0 cards
[    1.342820] intel_pstate: CPU model not supported
[    1.343618] ledtrig-cpu: registered to indicate activity on CPUs
[    1.345030] EFI Variables Facility v0.08 2004-May-17
[    1.350735] drop_monitor: Initializing network drop monitor service
[    1.352938] NET: Registered protocol family 10
[    1.354496] sd 0:0:1:0: Attached scsi generic sg0 type 0
[    1.355871] sd 0:0:1:0: [sda] 20971520 512-byte logical blocks: (10.7 GB/10.0 GiB)
[    1.357218] sd 0:0:1:0: [sda] 4096-byte physical blocks
[    1.358452] sd 0:0:1:0: [sda] Write Protect is off
[    1.359555] sd 0:0:1:0: [sda] Write cache: enabled, read cache: enabled, doesn't support DPO or FUA
[    1.364866] Segment Routing with IPv6
[    1.365839] NET: Registered protocol family 17
[    1.366811] Key type dns_resolver registered
[    1.367851] RAS: Correctable Errors collector initialized.
[    1.368981] IPI shorthand broadcast: enabled
[    1.369838] sched_clock: Marking stable (1250494385, 118373681)->(1372769772, -3901706)
[    1.371091] registered taskstats version 1
[    1.371670] Loading compiled-in X.509 certificates
[    1.373041] Loaded X.509 cert 'Build time autogenerated kernel key: 954c5aaf9a5f3e9318effb99eb295b60a4b3bd45'
[    1.374420] zswap: loaded using pool lzo/zbud
[    1.375193] Key type ._fscrypt registered
[    1.375826] Key type .fscrypt registered
[    1.379173] Key type big_key registered
[    1.379764] Key type trusted registered
[    1.381703] Key type encrypted registered
[    1.382332] AppArmor: AppArmor sha1 policy hashing enabled
[    1.383242] integrity: Loading X.509 certificate: UEFI:db
[    1.384090] integrity: Loaded X.509 cert 'Microsoft Corporation UEFI CA 2011: 13adbf4309bd82709c8cd54f316ed522988a1bd4'
[    1.385664] integrity: Loading X.509 certificate: UEFI:db
[    1.386707] integrity: Loaded X.509 cert 'Microsoft Windows Production PCA 2011: a92902398e16c49778cd90f99e4f9ae17c55af53'
[    1.388353] integrity: Loading X.509 certificate: UEFI:MokListRT
[    1.389410] integrity: Loaded X.509 cert 'SomeOrg: shim: a01ee84e9b37ace407961cc468c5909447878469'
[    1.390694] integrity: Loading X.509 certificate: UEFI:MokListRT
[    1.391899] integrity: Loaded X.509 cert 'Canonical Ltd. Master Certificate Authority: ad91990bc22ab1f517048c23b6655a268e345a63'
[    1.393941] ima: Allocated hash algorithm: sha1
[    1.421407] ima: No architecture policies found
[    1.422190] evm: Initialising EVM extended attributes:
[    1.423394] evm: security.selinux
[    1.423882] evm: security.SMACK64
[    1.424346] evm: security.SMACK64EXEC
[    1.425092] evm: security.SMACK64TRANSMUTE
[    1.425981] evm: security.SMACK64MMAP
[    1.426613] evm: security.apparmor
[    1.427130] evm: security.ima
[    1.427787] evm: security.capability
[    1.428412] evm: HMAC attrs: 0x1
[    1.429970] PM:   Magic number: 8:203:307
[    1.430798] tty tty36: hash matches
[    1.431422] rtc_cmos 00:00: setting system clock to 2020-10-24T01:18:49 UTC (1603502329)
[    1.432825]  sda: sda1 sda14 sda15
[    1.434298] sd 0:0:1:0: [sda] Attached SCSI disk
[    1.435810] Freeing unused decrypted memory: 2040K
[    1.437070] Freeing unused kernel image memory: 2672K
[    1.444535] Write protecting the kernel read-only data: 22528k
[    1.445966] Freeing unused kernel image memory: 2008K
[    1.446951] Freeing unused kernel image memory: 1292K
[    1.455493] x86/mm: Checked W+X mappings: passed, no W+X pages found.
[    1.456440] x86/mm: Checking user space page tables
[    1.464826] x86/mm: Checked W+X mappings: passed, no W+X pages found.
[    1.465739] Run /init as init process
Loading, please wait...
starting version 237
[    1.524738] input: AT Translated Set 2 keyboard as /devices/platform/i8042/serio0/input/input2
[    1.572168] piix4_smbus 0000:00:01.3: SMBus base address uninitialized - upgrade BIOS or use force_addr=0xaddr
[    1.598882] cryptd: max_cpu_qlen set to 1000
[    1.627744] AVX2 version of gcm_enc/dec engaged.
[    1.628584] AES CTR mode by8 optimization enabled
[    1.653272] virtio_net virtio1 ens4: renamed from eth0
[    2.443151] input: ImExPS/2 Generic Explorer Mouse as /devices/platform/i8042/serio1/input/input4
Begin: Loading essential drivers ... [    3.104516] raid6: avx2x4   gen() 25822 MB/s
[    3.152513] raid6: avx2x4   xor() 16968 MB/s
[    3.200513] raid6: avx2x2   gen() 23839 MB/s
[    3.248513] raid6: avx2x2   xor() 15564 MB/s
[    3.296514] raid6: avx2x1   gen() 18467 MB/s
[    3.344513] raid6: avx2x1   xor() 14207 MB/s
[    3.392513] raid6: sse2x4   gen() 11118 MB/s
[    3.440516] raid6: sse2x4   xor()  7105 MB/s
[    3.488515] raid6: sse2x2   gen() 10075 MB/s
[    3.536513] raid6: sse2x2   xor()  6728 MB/s
[    3.584519] raid6: sse2x1   gen()  8812 MB/s
[    3.632513] raid6: sse2x1   xor()  5079 MB/s
[    3.633215] raid6: using algorithm avx2x4 gen() 25822 MB/s
[    3.633975] raid6: .... xor() 16968 MB/s, rmw enabled
[    3.634695] raid6: using avx2x2 recovery algorithm
[    3.637272] xor: automatically using best checksumming function   avx       
[    3.639798] async_tx: api initialized (async)
done.
Begin: Running /scripts/init-premount ... done.
Begin: Mounting root file system ... Begin: Running /scripts/local-top ... done.
Begin: Running /scripts/local-premount ... [    3.690747] Btrfs loaded, crc32c=crc32c-intel
Scanning for Btrfs filesystems
done.
Warning: fsck not present, so skipping root file system
[    3.846806] EXT4-fs (sda1): mounted filesystem with ordered data mode. Opts: (null)
done.
Begin: Running /scripts/local-bottom ... done.
Begin: Running /scripts/init-bottom ... done.
[    5.824765] systemd[1]: systemd 237 running in system mode. (+PAM +AUDIT +SELINUX +IMA +APPARMOR +SMACK +SYSVINIT +UTMP +LIBCRYPTSETUP +GCRYPT +GNUTLS +ACL +XZ +LZ4 +SECCOMP +BLKID +ELFUTILS +KMOD -IDN2 +IDN -PCRE2 default-hierarchy=hybrid)
[    5.827728] systemd[1]: Detected virtualization kvm.
[    5.828422] systemd[1]: Detected architecture x86-64.

Welcome to [1mUbuntu 18.04.5 LTS[0m!

[    5.889443] systemd[1]: Set hostname to <instance-1>.
[    7.014215] systemd[1]: Created slice System Slice.
[[0;32m  OK  [0m] Created slice System Slice.
[    7.024683] systemd[1]: Listening on Syslog Socket.
[[0;32m  OK  [0m] Listening on Syslog Socket.
[    7.036659] systemd[1]: Started Forward Password Requests to Wall Directory Watch.
[[0;32m  OK  [0m] Started Forward Password Requests to Wall Directory Watch.
[    7.048879] systemd[1]: Created slice User and Session Slice.
[[0;32m  OK  [0m] Created slice User and Session Slice.
[    7.060592] systemd[1]: Reached target Slices.
[[0;32m  OK  [0m] Reached target Slices.
[    7.072588] systemd[1]: Reached target User and Group Name Lookups.
[[0;32m  OK  [0m] Reached target User and Group Name Lookups.
[[0;32m  OK  [0m] Listening on Network Service Netlink Socket.
[[0;32m  OK  [0m] Listening on Journal Socket.
         Starting Set the console keyboard layout...
         Mounting Huge Pages File System...
         Mounting POSIX Message Queue File System...
         Starting Uncomplicated firewall...
         Starting Load Kernel Modules...
         Mounting Kernel Debug File System...
[[0;32m  OK  [0m] Listening on /dev/initctl Compatibility Named Pipe.
[[0;32m  OK  [0m] Listening on Journal Audit Socket.
[[0;32m  OK  [0m] Listening on udev Control Socket.
[[0;32m  OK  [0m] Listening on Journal Socket (/dev/log).
         Starting Journal Service...
[[0;32m  OK  [0m] Created slice system-serial\x2dgetty.slice.
[    7.204051] Loading iSCSI transport class v2.0-870.
[[0;32m  OK  [0m] Set up automount Arbitrary Executabâ€¦rmats File System Automount Point.
[[0;32m  OK  [0m] Reached target System Time Synchronized.
[[0;32m  OK  [0m] Listening on LVM2 metadata daemon socket.
[[0;32m  OK  [0m] Listening on Device-mapper event daemon FIFOs.
         Starting Monitoring of LVM2 mirrorsâ€¦ng dmeventd or progress polling...
[[0;32m  OK  [0m] Listening on LVM2 poll daemon socket.
         Starting Create list of required stâ€¦ce nodes for the current kernel...
[[0;32m  OK  [0m] Listening on udev Kernel Socket.
[    7.306285] iscsi: registered transport (tcp)
         Starting udev Coldplug all Devices...
         Starting Remount Root and Kernel File Systems...
[[0;32m  OK  [0m] Reached target Swap.
[[0;32m  OK  [0m] Started Journal Service.
[[0;32m  OK  [0m] Mounted Huge Pages File System.
[[0;32m  OK  [0m] Started Set the console keyboard layout.
[[0;32m  OK  [0m] Mounted POSIX Message Queue File System.
[    7.370663] EXT4-fs (sda1): re-mounted. Opts: (null)
[[0;32m  OK  [0m] Started Uncomplicated firewall.
[[0;32m  OK  [0m] Mounted Kernel Debug File System.
[[0;32m  OK  [0m] Started Create list of required staâ€¦vice nodes for the current kernel.
[[0;32m  OK  [0m] Started Remount Root and Kernel File Systems.
         Starting Load/Save Random Seed...
         Starting Create Static Device Nodes in /dev...
[    7.442938] iscsi: registered transport (iser)
         Starting Flush Journal to Persistent Storage...
[[0;32m  OK  [0m] Started Load Kernel Modules.
[[0;32m  OK  [0m] Started Load/Save Random Seed.
[[0;32m  OK  [0m] Started udev Coldplug all Devices.
         Starting Apply Kernel Variables...
         Mounting FUSE Control File System...
         Mounting Kernel Configuration File System...
[[0;32m  OK  [0m] Mounted FUSE Control File System.
[[0;32m  OK  [0m] Mounted Kernel Configuration File System.
[[0;32m  OK  [0m] Started LVM2 metadata daemon.
[[0;32m  OK  [0m] Started Create Static Device Nodes in /dev.
         Starting udev Kernel Device Manager...
[[0;32m  OK  [0m] Started Apply Kernel Variables.
[[0;32m  OK  [0m] Started Monitoring of LVM2 mirrors,â€¦sing dmeventd or progress polling.
[[0;32m  OK  [0m] Reached target Local File Systems (Pre).
         Mounting Mount unit for snapd, revision 9607...
         Mounting Mount unit for google-cloud-sdk, revision 155...
         Mounting Mount unit for core18, revision 1885...
[[0;32m  OK  [0m] Started Flush Journal to Persistent Storage.
[[0;32m  OK  [0m] Started udev Kernel Device Manager.
[[0;32m  OK  [0m] Mounted Mount unit for snapd, revision 9607.
[[0;32m  OK  [0m] Mounted Mount unit for google-cloud-sdk, revision 155.
[[0;32m  OK  [0m] Started Dispatch Password Requests to Console Directory Watch.
[[0;32m  OK  [0m] Reached target Local Encrypted Volumes.
[[0;32m  OK  [0m] Mounted Mount unit for core18, revision 1885.
[[0;32m  OK  [0m] Found device /dev/ttyS0.
[[0;32m  OK  [0m] Listening on Load/Save RF Kill Switch Status /dev/rfkill Watch.
[[0;32m  OK  [0m] Found device PersistentDisk UEFI.
         Mounting /boot/efi...
[[0;32m  OK  [0m] Mounted /boot/efi.
[[0;32m  OK  [0m] Reached target Local File Systems.
         Starting ebtables ruleset management...
         Starting Set console font and keymap...
         Starting AppArmor initialization...
         Starting Create Volatile Files and Directories...
         Starting Tell Plymouth To Write Out Runtime Data...
[[0;32m  OK  [0m] Started Set console font and keymap.
[[0;32m  OK  [0m] Started Tell Plymouth To Write Out Runtime Data.
[[0;32m  OK  [0m] Started ebtables ruleset management.
[[0;32m  OK  [0m] Started Create Volatile Files and Directories.
         Starting Update UTMP about System Boot/Shutdown...
[[0;32m  OK  [0m] Started Update UTMP about System Boot/Shutdown.
[[0;32m  OK  [0m] Started AppArmor initialization.
         Starting Load AppArmor profiles managed internally by snapd...
         Starting Initial cloud-init job (pre-networking)...
[[0;32m  OK  [0m] Started Load AppArmor profiles managed internally by snapd.
[   14.808463] cloud-init[656]: Cloud-init v. 20.3-2-g371b392c-0ubuntu1~18.04.1 running 'init-local' at Sat, 24 Oct 2020 01:19:02 +0000. Up 14.39 seconds.
[[0;32m  OK  [0m] Started Initial cloud-init job (pre-networking).
[[0;32m  OK  [0m] Reached target Network (Pre).
         Starting Network Service...
[[0;32m  OK  [0m] Started Network Service.
         Starting Wait for Network to be Configured...
         Starting Network Name Resolution...
[[0;32m  OK  [0m] Started Network Name Resolution.
[[0;32m  OK  [0m] Reached target Host and Network Name Lookups.
[[0;32m  OK  [0m] Reached target Network.
[[0;32m  OK  [0m] Started Wait for Network to be Configured.
         Starting Initial cloud-init job (metadata service crawler)...
[   17.045306] cloud-init[798]: Cloud-init v. 20.3-2-g371b392c-0ubuntu1~18.04.1 running 'init' at Sat, 24 Oct 2020 01:19:04 +0000. Up 16.59 seconds.
[   17.066343] cloud-init[798]: ci-info: ++++++++++++++++++++++++++++++++++++++Net device info+++++++++++++++++++++++++++++++++++++++
[   17.086321] cloud-init[798]: ci-info: +--------+------+---------------------------+-----------------+--------+-------------------+
[   17.106318] cloud-init[798]: ci-info: | Device |  Up  |          Address          |       Mask      | Scope  |     Hw-Address    |
[   17.126387] cloud-init[798]: ci-info: +--------+------+---------------------------+-----------------+--------+-------------------+
[   17.146337] cloud-init[798]: ci-info: |  ens4  | True |        10.128.0.32        | 255.255.255.255 | global | 42:01:0a:80:00:20 |
[   17.166307] cloud-init[798]: ci-info: |  ens4  | True | fe80::4001:aff:fe80:20/64 |        .        |  link  | 42:01:0a:80:00:20 |
[   17.186331] cloud-init[798]: ci-info: |   lo   | True |         127.0.0.1         |    255.0.0.0    |  host  |         .         |
[   17.206356] cloud-init[798]: ci-info: |   lo   | True |          ::1/128          |        .        |  host  |         .         |
[   17.226328] cloud-init[798]: ci-info: +--------+------+---------------------------+-----------------+--------+-------------------+
[   17.246342] cloud-init[798]: ci-info: +++++++++++++++++++++++++++++Route IPv4 info++++++++++++++++++++++++++++++
[   17.266363] cloud-init[798]: ci-info: +-------+-------------+------------+-----------------+-----------+-------+
[   17.286337] cloud-init[798]: ci-info: | Route | Destination |  Gateway   |     Genmask     | Interface | Flags |
[   17.306328] cloud-init[798]: ci-info: +-------+-------------+------------+-----------------+-----------+-------+
[   17.326344] cloud-init[798]: ci-info: |   0   |   0.0.0.0   | 10.128.0.1 |     0.0.0.0     |    ens4   |   UG  |
[   17.346318] cloud-init[798]: ci-info: |   1   |  10.128.0.1 |  0.0.0.0   | 255.255.255.255 |    ens4   |   UH  |
[   17.366367] cloud-init[798]: ci-info: +-------+-------------+------------+-----------------+-----------+-------+
[   17.386314] cloud-init[798]: ci-info: +++++++++++++++++++Route IPv6 info+++++++++++++++++++
[   17.406326] cloud-init[798]: ci-info: +-------+-------------+---------+-----------+-------+
[   17.426336] cloud-init[798]: ci-info: | Route | Destination | Gateway | Interface | Flags |
[   17.446342] cloud-init[798]: ci-info: +-------+-------------+---------+-----------+-------+
[   17.466316] cloud-init[798]: ci-info: |   1   |  fe80::/64  |    ::   |    ens4   |   U   |
[   17.486320] cloud-init[798]: ci-info: |   3   |    local    |    ::   |    ens4   |   U   |
[   17.506369] cloud-init[798]: ci-info: |   4   |   ff00::/8  |    ::   |    ens4   |   U   |
[   17.526366] cloud-init[798]: ci-info: +-------+-------------+---------+-----------+-------+
[   18.330390] cloud-init[798]: Generating public/private rsa key pair.
[   18.346357] cloud-init[798]: Your identification has been saved in /etc/ssh/ssh_host_rsa_key.
[   18.366359] cloud-init[798]: Your public key has been saved in /etc/ssh/ssh_host_rsa_key.pub.
[[0;32m  OK  [0m] Started Initial cloud-init job (metadata service crawler).
[[0;32m  OK  [0m] Reached target System Initialization.
[[0;32m  OK  [0m] Started Daily Cleanup of Temporary Directories.
[[0;32m  OK  [0m] Listening on D-Bus System Message Bus Socket.
[[0;32m  OK  [0m] Listening on Open-iSCSI iscsid Socket.
[   18.388995] cloud-init[798]: The key fingerprint is:
[   18.486354] cloud-init[798]: SHA256:209ilbpcugL+almw5diDECugJ9ouXrjIe3nkTUK+7Bo root@keyvalue
[   18.506351] cloud-init[798]: The key's randomart image is:
[[0;32m  OK  [0m] Started ACPI Events Check.
[[0;32m  OK  [0m] Reached target Paths.
[   18.525421] cloud-init[798]: +---[RSA 2048]----+
[   18.566312] cloud-init[798]: |                 |
[   18.582353] cloud-init[798]: |.   .            |
[   18.598330] cloud-init[798]: |..   o           |
[   18.614364] cloud-init[798]: |o o o.. .    .   |
[[0;32m  OK  [0m] Started Discard unused blocks once a week.
[   18.631859] cloud-init[798]: |.+ .o. OS   o    |
[   18.662455] cloud-init[798]: |. o  +=.=o o     |
         Starting LXD - unix socket.
[[0;32m  OK  [0m] Started Message of the Day.
[[0;32m  OK  [0m] Listening on ACPID Listen Socket.
         Starting Socket activation for snappy daemon.
[[0;32m  OK  [0m] Started Daily apt download activities.
[[0;32m  OK  [0m] Started Daily apt upgrade and clean activities.
[[0;32m  OK  [0m] Reached target Timers.
[[0;32m  OK  [0m] Listening on UUID daemon activation socket.
[[0;32m  OK  [0m] Reached target Cloud-config availability.
[[0;32m  OK  [0m] Reached target Network is Online.
[   18.671373] cloud-init[798]: | o E=.=+..= o    |
[   18.834362] cloud-init[798]: |+ +o.=+..o B     |
         Starting Availability of block devices...
[[0;32m  OK  [0m] Reached target Remote File Systems (Pre).
[[0;32m  OK  [0m] Reached target Remote File Systems.
[[0;32m  OK  [0m] Listening on LXD - unix socket.
[[0;32m  OK  [0m] Listening on Socket activation for snappy daemon.
[[0;32m  OK  [0m] Started Availability of block devices.
[[0;32m  OK  [0m] Reached target Sockets.
[[0;32m  OK  [0m] Reached target Basic System.
         Starting System Logging Service...
         Starting Permit User Sessions...
[   18.853568] cloud-init[798]: |o*o.+o.o..=..    |
[   19.022400] cloud-init[798]: +----[SHA256]-----+
[[0;32m  OK  [0m] Started Regular background program processing daemon.
[   19.041675] cloud-init[798]: Generating public/private dsa key pair.
[   19.074320] cloud-init[798]: Your identification has been saved in /etc/ssh/ssh_host_dsa_key.
         Starting chrony, an NTP client/server...
[[0;32m  OK  [0m] Started D-Bus System Message Bus.
Oct 24 01:19:07 keyvalue systemd-modules-load[404]: Inserted module 'iscsi_tcp'
Oct 24 01:19:07 keyvalue systemd[1]: Mounted Huge Pages File System.
Oct 24 01:19:07 keyvalue systemd[1]: Started Set the console keyboard layout.
Oct 24 01:19:07 keyvalue systemd[1]: Mounted POSIX Message Queue File System.
Oct 24 01:19:07 keyvalue systemd[1]: Started Uncomplicated firewall.
Oct 24 01:19:07 keyvalue systemd[1]: Mounted Kernel Debug File System.
Oct 24 01:19:07 keyvalue systemd[1]: Started Create list of required static device nodes for the current kernel.
Oct 24 01:19:07 keyvalue systemd[1]: Started Remount Root and Kernel File Systems.
Oct 24 01:19:07 keyvalue systemd[1]: Starting Load/Save Random Seed...
Oct 24 01:19:07 keyvalue systemd[1]: Starting Create Static Device Nodes in /dev...
Oct 24 01:19:07 keyvalue systemd-modules-load[404]: Inserted module 'ib_iser'
Oct 24 01:19:07 keyvalue systemd[1]: Starting Flush Journal to Persistent Storage...
Oct 24 01:19:07 keyvalue systemd[1]: Started Load Kernel Modules.
Oct 24 01:19:07 keyvalue systemd[1]: Started Load/Save Random Seed.
Oct 24 01:19:07 keyvalue systemd[1]: Started udev Coldplug all Devices.
Oct 24 01:19:07 keyvalue systemd[1]: Starting Apply Kernel Variables...
Oct 24 01:19:07 keyvalue systemd[1]: Mounting FUSE Control File System...
Oct 24 01:19:07 keyvalue systemd[1]: Mounting Kernel Configuration File System...
Oct 24 01:19:07 keyvalue systemd[1]: Mounted FUSE Control File System.
Oct 24 01:19:07 keyvalue systemd[1]: Mounted Kernel Configuration File System.
Oct 24 01:19:07 keyvalue systemd[1]: Started LVM2 metadata daemon.
Oct 24 01:19:07 keyvalue systemd[1]: Started Create Static Device Nodes in /dev.
Oct 24 01:19:07 keyvalue systemd[1]: Starting udev Kernel Device Manager...
Oct 24 01:19:07 keyvalue systemd[1]: Started Apply Kernel Variables.
Oct 24 01:19:07 keyvalue systemd[1]: Started Monitoring of LVM2 mirrors, snapshots etc. using dmeventd or progress polling.
Oct 24 01:19:07 keyvalue systemd[1]: Reached target Local File Systems (Pre).
Oct 24 01:19:07 keyvalue systemd[1]: Mounting Mount unit for snapd, revision 9607...
Oct 24 01:19:07 keyvalue systemd[1]: Mounting Mount unit for google-cloud-sdk, revision 155...
Oct 24 01:19:07 keyvalue systemd[1]: Mounting Mount unit for core18, revision 1885...
Oct 24 01:19:07 keyvalue systemd[1]: Started Flush Journal to Persistent Storage.
Oct 24 01:19:07 keyvalue systemd[1]: Started udev Kernel Device Manager.
Oct 24 01:19:07 keyvalue systemd[1]: Mounted Mount unit for snapd, revision 9607.
Oct 24 01:19:07 keyvalue systemd[1]: Mounted Mount unit for google-cloud-sdk, revision 155.
Oct 24 01:19:07 keyvalue systemd[1]: Started Dispatch Password Requests to Console Directory Watch.
Oct 24 01:19:07 keyvalue systemd[1]: Reached target Local Encrypted Volumes.
Oct 24 01:19:07 keyvalue systemd[1]: Mounted Mount unit for core18, revision 1885.
Oct 24 01:19:07 keyvalue systemd-udevd[446]: link_config: autonegotiation is unset or enabled, the speed and duplex are not writable.
Oct 24 01:19:07 keyvalue systemd[1]: Found device /dev/ttyS0.
Oct 24 01:19:07 keyvalue systemd[1]: Listening on Load/Save RF Kill Switch Status /dev/rfkill Watch.
Oct 24 01:19:07 keyvalue systemd-udevd[450]: link_config: autonegotiation is unset or enabled, the speed and duplex are not writable.
Oct 24 01:19:07 keyvalue systemd[1]: Found device PersistentDisk UEFI.
Oct 24 01:19:07 keyvalue systemd[1]: Mounting /boot/efi...
Oct 24 01:19:07 keyvalue systemd[1]: Mounted /boot/efi.
Oct 24 01:19:07 keyvalue systemd[1]: Reached target Local File Systems.
Oct 24 01:19:07 keyvalue systemd[1]: Starting ebtables ruleset management...
Oct 24 01:19:07 keyvalue systemd[1]: Starting Set console font and keymap...
Oct 24 01:19:07 keyvalue systemd[1]: Starting AppArmor initialization...
Oct 24 01:19:07 keyvalue systemd[1]: Starting Create Volatile Files and Directories...
Oct 24 01:19:07 keyvalue systemd[1]: Starting Tell Plymouth To Write Out Runtime Data...
Oct 24 01:19:07 keyvalue systemd[1]: Started Set console font and keymap.
Oct 24 01:19:07 keyvalue systemd[1]: Started Tell Plymouth To Write Out Runtime Data.
Oct 24 01:19:07 keyvalue apparmor[535]:  * Starting AppArmor profiles
Oct 24 01:19:07 keyvalue systemd[1]: Started ebtables ruleset management.
Oct 24 01:19:07 keyvalue systemd[1]: Started Create Volatile Files and Directories.
Oct 24 01:19:07 keyvalue systemd[1]: Starting Update UTMP about System Boot/Shutdown...
Oct 24 01:19:07 keyvalue systemd[1]: Started Update UTMP about System Boot/Shutdown.
Oct 24 01:19:07 keyvalue apparmor[535]: Skipping profile in /etc/apparmor.d/disable: usr.sbin.rsyslogd
Oct 24 01:19:07 keyvalue apparmor[535]:    ...done.
Oct 24 01:19:07 keyvalue systemd[1]: Started AppArmor initialization.
Oct 24 01:19:07 keyvalue systemd[1]: Starting Load AppArmor profiles managed internally by snapd...
Oct 24 01:19:07 keyvalue systemd[1]: Starting Initial cloud-init job (pre-networking)...
Oct 24 01:19:07 keyvalue systemd[1]: Started Load AppArmor profiles managed internally by snapd.
Oct 24 01:19:07 keyvalue cloud-init[656]: Cloud-init v. 20.3-2-g371b392c-0ubuntu1~18.04.1 running 'init-local' at Sat, 24 Oct 2020 01:19:02 +0000. Up 14.39 seconds.
Oct 24 01:19:07 keyvalue systemd[1]: Started Initial cloud-init job (pre-networking).
Oct 24 01:19:07 keyvalue systemd[1]: Reached target Network (Pre).
Oct 24 01:19:07 keyvalue systemd[1]: Starting Network Service...
Oct 24 01:19:07 keyvalue systemd-networkd[743]: Enumeration completed
Oct 24 01:19:07 keyvalue systemd[1]: Started Network Service.
Oct 24 01:19:07 keyvalue systemd-networkd[743]: ens4: IPv6 successfully enabled
Oct 24 01:19:07 keyvalue systemd-networkd[743]: lo: Link is not managed by us
Oct 24 01:19:07 keyvalue systemd-networkd[743]: ens4: Link UP
Oct 24 01:19:07 keyvalue systemd-networkd[743]: ens4: Gained carrier
Oct 24 01:19:07 keyvalue systemd-networkd[743]: ens4: DHCPv4 address 10.128.0.32/32 via 10.128.0.1
Oct 24 01:19:07 keyvalue systemd-networkd[743]: Not connected to system bus, not setting hostname.
Oct 24 01:19:07 keyvalue systemd[1]: Starting Wait for Network to be Configured...
Oct 24 01:19:07 keyvalue systemd[1]: Starting Network Name Resolution...
Oct 24 01:19:07 keyvalue systemd-resolved[781]: Positive Trust Anchors:
Oct 24 01:19:07 keyvalue systemd-resolved[781]: . IN DS 19036 8 2 49aac11d7b6f6446702e54a1607371607a1a41855200fd2ce1cdde32f24e8fb5
Oct 24 01:19:07 keyvalue systemd-resolved[781]: . IN DS 20326 8 2 e06d44b80b8f1d39a95c0b0d7c65d08458e880409bbc683457104237c7f8ec8d
Oct 24 01:19:07 keyvalue systemd-resolved[781]: Negative trust anchors: 10.in-addr.arpa 16.172.in-addr.arpa 17.172.in-addr.arpa 18.172.in-addr.arpa 19.172.in-addr.arpa 20.172.in-addr.arpa 21.172.in-addr.arpa 22.172.in-addr.arpa 23.172.in-addr.arpa 24.172.in-addr.arpa 25.172.in-addr.arpa 26.172.in-addr.arpa 27.172.in-addr.arpa 28.172.in-addr.arpa 29.172.in-addr.arpa 30.172.in-addr.arpa 31.172.in-addr.arpa 168.192.in-addr.arpa d.f.ip6.arpa corp home internal intranet lan local private test
Oct 24 01:19:07 keyvalue systemd-resolved[781]: Using system hostname 'instance-1'.
Oct 24 01:19:07 keyvalue systemd[1]: Started Network Name Resolution.
Oct 24 01:19:07 keyvalue systemd[1]: Reached target Host and Network Name Lookups.
Oct 24 01:19:07 keyvalue systemd[1]: Reached target Network.
Oct 24 01:19:07 keyvalue systemd-networkd[743]: ens4: Gained IPv6LL
Oct 24 01:19:07 keyvalue systemd-networkd[743]: ens4: Configured
Oct 24 01:19:07 keyvalue systemd-networkd-wait-online[770]: managing: ens4
Oct 24 01:19:07 keyvalue systemd-networkd-wait-online[770]: ignoring: lo
Oct 24 01:19:07 keyvalue systemd[1]: Started Wait for Network to be Configured.
Oct 24 01:19:07 keyvalue systemd[1]: Starting Initial cloud-init job (metadata service crawler)...
Oct 24 01:19:07 keyvalue systemd-resolved[781]: Server returned error NXDOMAIN, mitigating potential DNS violation DVE-2018-0001, retrying transaction with reduced feature level UDP.
Oct 24 01:19:07 keyvalue systemd-resolved[781]: message repeated 5 times: [ Server returned error NXDOMAIN, mitigating potential DNS violation DVE-2018-0001, retrying transaction with reduced feature level UDP[   19.097467]          Starting Accounts Service...
cloud-init[798]: Your public key has been saved in /etc/ssh/ssh_host_dsa_key.pub.
[   19.795651] cloud-init[798]: The key fingerprint is:
[   19.795704] cloud-init[798]: SHA256:+gKOj5cpsMeehPM+x+YXQoWxe6gTbsACDIuJOD8YFvI root@keyvalue
[   19.795760] cloud-init[798]: The key's randomart image is:
[   19.795796] cloud-init[798]: +---[DSA 1024]----+
[   19.795831] cloud-init[798]: |o.  .o           |
[   19.795869] cloud-init[798]: |B+. ...          |
[   19.796008] cloud-init[798]: |XoE ..           |
[   19.796055] cloud-init[798]: |+=  .o           |
[   19.796098] cloud-init[798]: |+.+.o . S        |
[   19.796137] cloud-init[798]: |o+ +o...         |
         Starting Snap Daemon...
.]
Oct 24 01:19:07 keyvalue systemd-resolved[781]: System hostname changed to 'keyvalue'.
Oct 24 01:19:07 keyvalue cloud-init[798]: Cloud-init v. 20.3-2-g371b392c-0ubuntu1~18.04.1 running 'init' at Sat, 24 Oct 2020 01:19:04 +0000. Up 16.59 seconds.
Oct 24 01:19:07 keyvalue cloud-init[798]: ci-info: ++++++++++++++++++++++++++++++++++++++Net device info+++++++++++++++++++++++++++++++++++++++
Oct 24 01:19:07 keyvalue cloud-init[798]: ci-info: +--------+------+---------------------------+-----------------+--------+-------------------+
Oct 24 01:19:07 keyvalue cloud-init[798]: ci-info: | Device |  Up  |          Address          |       Mask      | Scope  |     Hw-Address    |
Oct 24 01:19:07 keyvalue cloud-init[798]: ci-info: +--------+------+---------------------------+-----------------+--------+-------------------+
Oct 24 01:19:07 keyvalue cloud-init[798]: ci-info: |  ens4  | True |        10.128.0.32        | 255.255.255.255 | global | 42:01:0a:80:00:20 |
Oct 24 01:19:07 keyvalue cloud-init[798]: ci-info: |  ens4  | True | fe80::4001:aff:fe80:20/64 |        .        |  link  | 42:01:0a:80:00:20 |
Oct 24 01:19:07 keyvalue cloud-init[798]: ci-info: |   lo   | True |         127.0.0.1         |    255.0.0.0    |  host  |         .         |
Oct 24 01:19:07 keyvalue cloud-init[798]: ci-info: |   lo   | True |          ::1/128          |        .        |  host  |         .         |
Oct 24 01:19:07 keyvalue cloud-init[798]: ci-info: +--------+------+---------------------------+-----------------+--------+-------------------+
Oct 24 01:19:07 keyvalue cloud-init[798]: ci-info: +++++++++++++++++++++++++++++Route IPv4 info++++++++++++++++++++++++++++++
Oct 24 01:19:07 keyvalue cloud-init[798]: ci-info: +-------+-------------+------------+-----------------+-----------+-------+
Oct 24 01:19:07 keyvalue cloud-init[798]: ci-info: | Route | Destination |  Gateway   |     Genmask     | Interface | Flags |
Oct 24 01:19:07 keyvalue cloud-init[798]: ci-info: +-------+-------------+------------+-----------------+-----------+-------+
Oct 24 01:19:07 keyvalue cloud-init[798]: ci-info: |   0   |   0.0.0.0   | 10.128.0.1 |     0.0.0.0     |    ens4   |   UG  |
Oct 24 01:19:07 keyvalue cloud-init[798]: ci-info: |   1   |  10.128.0.1 |  0.0.0.0   | 255.255.255.255 |    ens4   |   UH  |
Oct 24 01:19:07 keyvalue cloud-init[798]: ci-info: +-------+-------------+------------+-----------------+-----------+-------+
Oct 24 01:19:07 keyvalue cloud-init[798]: ci-info: +++++++++++++++++++Route IPv6 info+++++++++++++++++++
Oct 24 01:19:07 keyvalue cloud-init[798]: ci-info: +-------+-------------+---------+-----------+-------+
Oct 24 01:19:07 keyvalue cloud-init[798]: ci-info: | Route | Destination | Gateway | Interface | Flags |
Oct 24 01:19:07 keyvalue cloud-init[798]: ci-info: +-------+-------------+---------+-----------+-------+
Oct 24 01:19:07 keyvalue cloud-init[798]: ci-info: |   1   |  fe80::/64  |    ::   |    ens4   |   U   |
Oct 24 01:19:07 keyvalue cloud-init[798]: ci-info: |   3   |    local    |    ::   |    ens4   |   U   |
Oct 24 01:19:07 keyvalue cloud-init[798]: ci-info: |   4   |   ff00::/8  |    ::   |    ens4   |   U   |
Oct 24 01:19:07 keyvalue cloud-init[798]: ci-info: +-------+-------------+---------+-----------+-------+
Oct 24 01:19:07 keyvalue cloud-init[798]: Generating public/private rsa key pair.
Oct 24 01:19:07 keyvalue cloud-init[798]: Your identification has been saved in /etc/ssh/ssh_host_rsa_key.
Oct 24 01:19:07 keyvalue cloud-init[798]: Your public key has been saved in /etc/ssh/ssh_host_rsa_key.pub.
Oct 24 01:19:07 keyvalue cloud-init[798]: The key fingerprint is:
Oct 24 01:19:07 keyvalue cloud-init[798]: SHA256:209ilbpcugL+almw5diDECugJ9ouXrjIe3nkTUK+7Bo root@keyvalue
Oct 24 01:19:07 keyvalue cloud-init[798]: The key's randomart image is:
Oct 24 01:19:07 keyvalue cloud-init[798]: +---[RSA 2048]----+
Oct 24 01:19:07 keyvalue cloud-init[798]: |                 |
Oct 24 01:19:07 keyvalue cloud-init[798]: |.   .            |
Oct 24 01:19:07 keyvalue cloud-init[798]: |..   o           |
Oct 24 01:19:07 keyvalue cloud-init[798]: |o o o.. .    .   |
Oct 24 01:19:07 keyvalue cloud-init[798]: |.+ .o. OS   o    |
Oct 24 01:19:07 keyvalue cloud-init[798]: |. o  +=.=o o     |
Oct 24 01:19:07 keyvalue cloud-init[798]: | o E=.=+..= o    |
Oct 24 01:19:07 keyvalue cloud-init[798]: |+ +o.=+..o B     |
Oct 24 01:19:07 keyvalue cloud-init[798]: |o*o.+o.o..=..    |
Oct 24 01:19:07 keyvalue cloud-init[798]: +----[SHA256]-----+
Oct 24 01:19:07 keyvalue cloud-init[798]: Generating public/private dsa key pair.
Oct 24 01:19:07 keyvalue cloud-init[798]: Your identification has been saved in /etc/ssh/ssh_host_dsa_key.
Oct 24 01:19:07 keyvalue kernel: [    0.000000] Linux version 5.4.0-1028-gcp (buildd@lcy01-amd64-018) (gcc version 7.5.0 (Ubuntu 7.5.0-3ubuntu1~18.04)) #29~18.04.1-Ubuntu SMP Mon Oct 5 16:41:43 UTC 2020 (Ubuntu 5.4.0-1028.29~18.04.1-gcp 5.4.65)
Oct 24 01:19:07 keyvalue kernel: [    0.000000] Command line: BOOT_IMAGE=/boot/vmlinuz-5.4.0-1028-gcp root=LABEL=cloudimg-rootfs ro console=ttyS0
Oct 24 01:19:07 keyvalue kernel: [    0.000000] KERNEL supported cpus:
Oct 24 01:19:07 keyvalue kernel: [    0.000000]   Intel GenuineIntel
Oct 24 01:19:07 keyvalue kernel: [    0.000000]   AMD AuthenticAMD
Oct 24 01:19:07 keyvalue kernel: [    0.000000]   Hygon HygonGenuine
Oct 24 01:19:07 keyvalue kernel: [    0.000000]   Centaur CentaurHauls
Oct 24 01:19:07 keyvalue kernel: [    0.000000]   zhaoxin   Shanghai  
Oct 24 01:19:07 keyvalue kernel: [    0.000000] x86/fpu: Supporting XSAVE feature 0x001: 'x87 floating point registers'
Oct 24 01:19:07 keyvalue kernel: [    0.000000] x86/fpu: Supporting XSAVE feature 0x002: 'SSE registers'
Oct 24 01:19:07 keyvalue kernel: [    0.000000] x86/fpu: Supporting XSAVE feature 0x004: 'AVX registers'
Oct 24 01:19:07 keyvalue kernel: [    0.000000] x86/fpu: xstate_offset[2]:  576, xstate_sizes[2]:  256
Oct 24 01:19:07 keyvalue kernel: [    0.000000] x86/fpu: Enabled xstate features 0x7, context size is 832 bytes, using 'standard' format.
Oct 24 01:19:07 keyvalue kernel: [    0.000000] BIOS-provided physical RAM map:
Oct 24 01:19:07 keyvalue kernel: [    0.000000] BIOS-e820: [mem 0x0000000000000000-0x0000000000000fff] reserved
Oct 24 01:19:07 keyvalue kernel: [    0.000000] BIOS-e820: [mem 0x0000000000001000-0x0000000000054fff] usable
Oct 24 01:19:07 keyvalue kernel: [    0.000000] BIOS-e820: [mem 0x0000000000055000-0x000000000005ffff] reserved
Oct 24 01:19:07 keyvalue kernel: [    0.000000] BIOS-e820: [mem 0x0000000000060000-0x0000000000097fff] usable
Oct 24 01:19:07 keyvalue kernel: [    0.000000] BIOS-e820: [mem 0x0000000000098000-0x000000000009ffff] reserved
Oct 24 01:19:07 keyvalue kernel: [    0.000000] BIOS-e820: [mem 0x0000000000100000-0x00000000bd956fff] usable
Oct 24 01:19:07 keyvalue kernel: [    0.000000] BIOS-e820: [mem 0x00000000bd957000-0x00000000bd959fff] ACPI data
Oct 24 01:19:07 keyvalue kernel: [    0.000000] BIOS-e820: [mem 0x00000000bd95a000-0x00000000bd95afff] ACPI NVS
Oct 24 01:19:07 keyvalue kernel: [    0.000000] BIOS-e820: [mem 0x00000000bd95b000-0x00000000bdadcfff] usable
Oct 24 01:19:07 keyvalue kernel: [    0.000000] BIOS-e820: [mem 0x00000000bdadd000-0x00000000bdae4fff] ACPI NVS
Oct 24 01:19:07 keyvalue kernel: [    0.000000] BIOS-e820: [mem 0x00000000bdae5000-0x00000000bdb1afff] reserved
Oct 24 01:19:07 keyvalue kernel: [    0.000000] BIOS-e820: [mem 0x00000000bdb1b000-0x00000000beb9afff] usable
Oct 24 01:19:07 keyvalue kernel: [    0.000000] BIOS-e820: [mem 0x00000000beb9b000-0x00000000bebf2fff] reserved
Oct 24 01:19:07 keyvalue kernel: [    0.000000] BIOS-e820: [mem 0x00000000bebf3000-0x00000000bebfafff] ACPI data
Oct 24 01:19:07 keyvalue kernel: [    0.000000] BIOS-e820: [mem 0x00000000bebfb000-0x00000000bebfefff] ACPI NVS
Oct 24 01:19:07 keyvalue kernel: [    0.000000] BIOS-e820: [mem 0x00000000bebff000-0x00000000bffdffff] usable
Oct 24 01:19:07 keyvalue kernel: [    0.000000] BIOS-e820: [mem 0x00000000bffe0000-0x00000000bfffffff] reserved
Oct 24 01:19:07 keyvalue kernel: [    0.000000] BIOS-e820: [mem 0x0000000100000000-0x000000012fffffff] usable
Oct 24 01:19:07 keyvalue kernel: [    0.000000] N[   19.798517]          Starting SSHGuard...
[[0;32m  OK  [0m] Started FUSE filesystem for LXC.
cloud-init[798]: |o+*+ =..         |
[   20.466294] cloud-init[798]: |.=*+O o.         |
[   20.466356] cloud-init[798]: | +*Oo. ..        |
[   20.466397] cloud-init[798]: +----[SHA256]-----+
[   20.466440] cloud-init[798]: Generating public/private ecdsa key pair.
[   20.466476] cloud-init[798]: Your identification has been saved in /etc/ssh/ssh_host_ecdsa_key.
[   20.466511] cloud-init[798]: Your public key has been saved in /etc/ssh/ssh_host_ecdsa_key.pub.
[   20.466555] cloud-init[798]: The key fingerprint is:
[   20.466591] cloud-init[798]: SHA256:OWXGqKz8e9/GWckPJpIbva6D4hLt+XeEvkoZv/fmUNU root@keyvalue
[   20.466626] cloud-init[798]: The key's randomart image is:
[   20.466660] cloud-init[798]: +---[ECDSA 256]---+
[   20.466698] cloud-init[798]: |                 |
[   20.466732] cloud-init[798]: |         o      .|
[   20.466773] cloud-init[798]: |        . =     E|
[   20.466812] cloud-init[798]: |     . . =     . |
[   20.466851] cloud-init[798]: |     .o S  + ... |
[   20.466889] cloud-init[798]: |   ....  == +.*  |
[   20.466927] cloud-init[798]: |    oo .oo.*.* o |
[   20.466961] cloud-init[798]: |    ..+.o =oB.. .|
[   20.467089] cloud-init[798]: |     o+=o+=Oo+o  |
[   20.467126] cloud-init[798]: +----[SHA256]-----+
[   20.467170] cloud-init[798]: Generating public/private ed25519 key pair.
[   20.467209] cloud-init[798]: Your identification has been saved in /etc/ssh/ssh_host_ed25519_key.
[   20.467244] cloud-init[798]: Your public key has been saved in /etc/ssh/ssh_host_ed25519_key.pub.
[   20.467278] cloud-init[798]: The key fingerprint is:
[   20.467312] cloud-init[798]: SHA256:o2Fz0Li/rOCFqUqQWUCZCgJsTm4QQFFi3va5DXO43z8 root@keyvalue
[   20.467349] cloud-init[798]: The key's randomart image is:
[   20.467384] cloud-init[798]: +--[ED25519 256]--+
[   20.467421] cloud-init[798]: |@B=.             |
[   20.467458] cloud-init[798]: |*Bo    o         |
[   20.467499] cloud-init[798]: |X..o  o .        |
[   20.467539] cloud-init[798]: |.B. . oo         |
[   20.467573] cloud-init[798]: |=    *=.S        |
[   20.467611] cloud-init[798]: |.    +B* .       |X (Execute Disable) protection: active
Oct 24 01:19:07 keyvalue kernel: [    0.000000] efi: EFI v2.70 by EDK II
Oct 24 01:19:07 keyvalue kernel: [    0.000000] efi:  TPMFinalLog=0xbdadd000  ACPI=0xbebfa000  ACPI 2.0=0xbebfa014  SMBIOS=0xbebcd000  MEMATTR=0xbdefa218  TPMEventLog=0xbd177018 
Oct 24 01:19:07 keyvalue kernel: [    0.000000] secureboot: Secure boot disabled
Oct 24 01:19:07 keyvalue kernel: [    0.000000] SMBIOS 2.4 present.
Oct 24 01:19:07 keyvalue kernel: [    0.000000] DMI: Google Google Compute Engine/Google Compute Engine, BIOS Google 01/01/2011
Oct 24 01:19:07 keyvalue kernel: [    0.000000] Hypervisor detected: KVM
Oct 24 01:19:07 keyvalue kernel: [    0.000000] kvm-clock: Using msrs 4b564d01 and 4b564d00
Oct 24 01:19:07 keyvalue kernel: [    0.000000] kvm-clock: cpu 0, msr 11f801001, primary cpu clock
Oct 24 01:19:07 keyvalue kernel: [    0.000000] kvm-clock: using sched offset of 18806847287 cycles
Oct 24 01:19:07 keyvalue kernel: [    0.000003] clocksource: kvm-clock: mask: 0xffffffffffffffff max_cycles: 0x1cd42e4dffb, max_idle_ns: 881590591483 ns
Oct 24 01:19:07 keyvalue kernel: [    0.000005] tsc: Detected 2300.000 MHz processor
Oct 24 01:19:07 keyvalue kernel: [    0.000081] e820: update [mem 0x00000000-0x00000fff] usable ==> reserved
Oct 24 01:19:07 keyvalue kernel: [    0.000082] e820: remove [mem 0x000a0000-0x000fffff] usable
Oct 24 01:19:07 keyvalue kernel: [    0.000087] last_pfn = 0x130000 max_arch_pfn = 0x400000000
Oct 24 01:19:07 keyvalue kernel: [    0.000122] MTRR default type: write-back
Oct 24 01:19:07 keyvalue kernel: [    0.000123] MTRR fixed ranges enabled:
Oct 24 01:19:07 keyvalue kernel: [    0.000124]   00000-9FFFF write-back
Oct 24 01:19:07 keyvalue kernel: [    0.000124]   A0000-FFFFF uncachable
Oct 24 01:19:07 keyvalue kernel: [    0.000125] MTRR variable ranges enabled:
Oct 24 01:19:07 keyvalue kernel: [    0.000126]   0 base 0000C0000000 mask 3FFFC0000000 uncachable
Oct 24 01:19:07 keyvalue kernel: [    0.000127]   1 disabled
Oct 24 01:19:07 keyvalue kernel: [    0.000127]   2 disabled
Oct 24 01:19:07 keyvalue kernel: [    0.000127]   3 disabled
Oct 24 01:19:07 keyvalue kernel: [    0.000128]   4 disabled
Oct 24 01:19:07 keyvalue kernel: [    0.000128]   5 disabled
Oct 24 01:19:07 keyvalue kernel: [    0.000129]   6 disabled
Oct 24 01:19:07 keyvalue kernel: [    0.000129]   7 disabled
Oct 24 01:19:07 keyvalue kernel: [    0.000137] x86/PAT: Configuration [0-7]: WB  WC  UC- UC  WB  WP  UC- WT  
Oct 24 01:19:07 keyvalue kernel: [    0.000147] last_pfn = 0xbffe0 max_arch_pfn = 0x400000000
Oct 24 01:19:07 keyvalue kernel: [    0.013902] check: Scanning 1 areas for low memory corruption
Oct 24 01:19:07 keyvalue kernel: [    0.013938] Using GB pages for direct mapping
Oct 24 01:19:07 keyvalue kernel: [    0.014183] secureboot: Secure boot disabled
Oct 24 01:19:07 keyvalue kernel: [    0.014185] RAMDISK: [mem 0x3b1c7000-0x3d490fff]
Oct 24 01:19:07 keyvalue kernel: [    0.014196] ACPI: Early table checksum verification disabled
Oct 24 01:19:07 keyvalue kernel: [    0.014199] ACPI: RSDP 0x00000000BEBFA014 000024 (v02 Google)
Oct 24 01:19:07 keyvalue kernel: [    0.014203] ACPI: XSDT 0x00000000BEBF90E8 00005C (v01 Google GOOGFACP 00000001      01000013)
Oct 24 01:19:07 keyvalue kernel: [    0.014209] ACPI: FACP 0x00000000BEBF4000 0000F4 (v02 Google GOOGFACP 00000001 GOOG 00000001)
Oct 24 01:19:07 keyvalue kernel: [    0.014216] ACPI: DSDT 0x00000000BEBF5000 0018BA (v01 Google GOOGDSDT 00000001 GOOG 00000001)
Oct 24 01:19:07 keyvalue kernel: [    0.014219] ACPI: FACS 0x00000000BD95A000 000040
Oct 24 01:19:07 keyvalue kernel: [    0.014223] ACPI: SSDT 0x00000000BEBF8000 000316 (v02 GOOGLE Tpm2Tabl 00001000 INTL 20160527)
Oct 24 01:19:07 keyvalue kernel: [    0.014226] ACPI: TPM2 0x00000000BEBF7000 000034 (v04 GOOGLE          00000001 GOOG 00000001)
Oct 24 01:19:07 keyvalue kernel: [    0.014230] ACPI: SRAT 0x00000000BEBF3000 0000B8 (v03 Google GOOGSRAT 00000001 GOOG 00000001)
Oct 24 01:19:07 keyvalue kernel: [    0.014233] ACPI: APIC 0x00000000BD959000 00006E (v05 Google GOOGAPIC 000000[[0;32m  OK  [0m] Started Deferred execution scheduler.

[   21.141124] cloud-init[798]: | .  +oo..        |
[   21.141178] cloud-init[798]: |.  o o.... E     |
[   21.141231] cloud-init[798]: |... . .oo....    |
         Starting Dispatcher daemon for systemd-networkd...
         Starting LSB: Record successful boot for GRUB...
         Starting LSB: automatic crash report generation...
         Starting Login Service...
01 GOOG 00000001)
Oct 24 01:19:07 keyvalue kernel: [    0.014237] ACPI: SSDT 0x00000000BD958000 00091F (v01 Google GOOGSSDT 00000001 GOOG 00000001)
Oct 24 01:19:07 keyvalue kernel: [    0.014240] ACPI: WAET 0x00000000BD957000 000028 (v01 Google GOOGWAET 00000001 GOOG 00000001)
Oct 24 01:19:07 keyvalue kernel: [    0.014249] ACPI: Local APIC address 0xfee00000
Oct 24 01:19:07 keyvalue kernel: [    0.014322] SRAT: PXM 0 -> APIC 0x00 -> Node 0
Oct 24 01:19:07 keyvalue kernel: [    0.014326] ACPI: SRAT: Node 0 PXM 0 [mem 0x00000000-0x0009ffff]
Oct 24 01:19:07 keyvalue kernel: [    0.014328] ACPI: SRAT: Node 0 PXM 0 [mem 0x00100000-0xbfffffff]
Oct 24 01:19:07 keyvalue kernel: [    0.014330] ACPI: SRAT: Node 0 PXM 0 [mem 0x100000000-0x12fffffff]
Oct 24 01:19:07 keyvalue kernel: [    0.014334] NUMA: Node 0 [mem 0x00000000-0x0009ffff] + [mem 0x00100000-0xbfffffff] -> [mem 0x00000000-0xbfffffff]
Oct 24 01:19:07 keyvalue kernel: [    0.014337] NUMA: Node 0 [mem 0x00000000-0xbfffffff] + [mem 0x100000000-0x12fffffff] -> [mem 0x00000000-0x12fffffff]
Oct 24 01:19:07 keyvalue kernel: [    0.014352] NODE_DATA(0) allocated [mem 0x12ffd5000-0x12fffffff]
Oct 24 01:19:07 keyvalue kernel: [    0.015971] Zone ranges:
Oct 24 01:19:07 keyvalue kernel: [    0.015972]   DMA      [mem 0x0000000000001000-0x0000000000ffffff]
Oct 24 01:19:07 keyvalue kernel: [    0.015974]   DMA32    [mem 0x0000000001000000-0x00000000ffffffff]
Oct 24 01:19:07 keyvalue kernel: [    0.015975]   Normal   [mem 0x0000000100000000-0x000000012fffffff]
Oct 24 01:19:07 keyvalue kernel: [    0.015976]   Device   empty
Oct 24 01:19:07 keyvalue kernel: [    0.015977] Movable zone start for each node
Oct 24 01:19:07 keyvalue kernel: [    0.015980] Early memory node ranges
Oct 24 01:19:07 keyvalue kernel: [    0.015981]   node   0: [mem 0x0000000000001000-0x0000000000054fff]
Oct 24 01:19:07 keyvalue kernel: [    0.015982]   node   0: [mem 0x0000000000060000-0x0000000000097fff]
Oct 24 01:19:07 keyvalue kernel: [    0.015983]   node   0: [mem 0x0000000000100000-0x00000000bd956fff]
Oct 24 01:19:07 keyvalue kernel: [    0.015984]   node   0: [mem 0x00000000bd95b000-0x00000000bdadcfff]
Oct 24 01:19:07 keyvalue kernel: [    0.015985]   node   0: [mem 0x00000000bdb1b000-0x00000000beb9afff]
Oct 24 01:19:07 keyvalue kernel: [    0.015985]   node   0: [mem 0x00000000bebff000-0x00000000bffdffff]
Oct 24 01:19:07 keyvalue kernel: [    0.015986]   node   0: [mem 0x0000000100000000-0x000000012fffffff]
Oct 24 01:19:07 keyvalue kernel: [    0.017354] Zeroed struct page in unavailable ranges: 314 pages
Oct 24 01:19:07 keyvalue kernel: [    0.017355] Initmem setup node 0 [mem 0x0000000000001000-0x000000012fffffff]
Oct 24 01:19:07 keyvalue kernel: [    0.017357] On node 0 totalpages: 982726
Oct 24 01:19:07 keyvalue kernel: [    0.017359]   DMA zone: 64 pages used for memmap
Oct 24 01:19:07 keyvalue kernel: [    0.017359]   DMA zone: 3118 pages reserved
Oct 24 01:19:07 keyvalue kernel: [    0.017360]   DMA zone: 3980 pages, LIFO batch:0
Oct 24 01:19:07 keyvalue kernel: [    0.017418]   DMA32 zone: 12221 pages used for memmap
Oct 24 01:19:07 keyvalue kernel: [    0.017419]   DMA32 zone: 782138 pages, LIFO batch:63
Oct 24 01:19:07 keyvalue kernel: [    0.043860]   Normal zone: 3072 pages used for memmap
Oct 24 01:19:07 keyvalue kernel: [    0.043862]   Normal zone: 196608 pages, LIFO batch:63
Oct 24 01:19:07 keyvalue kernel: [    0.050888] ACPI: PM-Timer IO Port: 0xb008
Oct 24 01:19:07 keyvalue kernel: [    0.050893] ACPI: Local APIC address 0xfee00000
Oct 24 01:19:07 keyvalue kernel: [    0.050905] ACPI: LAPIC_NMI (acpi_id[0xff] dfl dfl lint[0x1])
Oct 24 01:19:07 keyvalue kernel: [    0.050978] IOAPIC[0]: apic_id 0, version 17, address 0xfec00000, GSI 0-23
Oct 24 01:19:07 keyvalue kernel: [    0.050981] ACPI: INT_SRC_OVR (bus 0 bus_irq 5 global_irq 5 high level)
Oct 24 01:19:07 keyvalue kernel: [    0.050983] ACPI: INT_SRC_OVR (bus 0 bus_irq 9 global_irq 9 high level)
Oct 24 01:19:07 keyvalue kernel: [    0.050984] ACPI: INT_SRC_OVR (bus 0 bus_irq 10 global_irq 10 high level)
Oct 24 01:19:07 keyvalue kernel: [    0.050985] ACPI: INT_SRC_OVR (bus 0 bus_irq 11 global_irq 11 high level)
Oct 24 01:19:07 keyvalue kernel: [    0.050987] ACPI: IRQ5 used by override.
Oct 24 01:19:07 keyvalue kernel: [    0.050988] ACPI: IRQ9 used by override.
Oct 24 01:19:07 keyvalue kernel: [    0.050988] ACPI: IRQ10 used by override.
Oct 24 01:19:07 keyvalue kernel: [    0.050989] ACPI: IRQ11 used by override.
Oct 24 01:19:07 keyvalue kernel: [    0.050991] Using ACPI (MADT) for SMP configuration information
Oct 24 01:19:07 keyvalue kernel: [    0.050994] smpboot: Allowing 1 CPUs, 0 hotplug CPUs
Oct 24 01:19:07 keyvalue kernel: [    0.051042] PM: Registered nosave memory: [mem 0x00000000-0x00000fff]
Oct 24 01:19:07 keyvalue kernel: [    0.051046] PM: Registered nosave memory: [mem 0x00055000-0x0005ffff]
Oct 24 01:19:07 keyvalue kernel: [    0.051049] PM: Registered nosave memory: [mem 0x00098000-0x0009ffff]
Oct 24 01:19:07 keyvalue kernel: [    0.051051] PM: Registered nosave memory: [mem 0x000a0000-0x000fffff]
Oct 24 01:19:07 keyvalue kernel: [    0.051055] PM: Registered nosave memory: [mem 0xbd957000-0xbd959fff]
Oct 24 01:19:07 keyvalue kernel: [    0.051056] PM: Registered nosave memory: [mem 0xbd95a000-0xbd95afff]
Oct 24 01:19:07 keyvalue kernel: [    0.051060] PM: Registered nosave memory: [mem 0xbdadd000-0xbdae4fff]
Oct 24 01:19:07 keyvalue kernel: [    0.051061] PM: Registered nosave memory: [mem 0xbdae5000-0xbdb1afff]
Oct 24 01:19:07 keyvalue kernel: [    0.051065] PM: Registered nosave memory: [mem 0xbeb9b000-0xbebf2fff]
Oct 24 01:19:07 keyvalue kernel: [    0.051067] PM: Registered nosave memory: [mem 0xbebf3000-0xbebfafff]
Oct 24 01:19:07 keyvalue kernel: [    0.051068] PM: Registered nosave memory: [mem 0xbebfb000-0xbebfefff]
Oct 24 01:19:07 keyvalue kernel: [    0.051072] PM: Registered nosave memory: [mem 0xbffe0000-0xbfffffff]
Oct 24 01:19:07 keyvalue kernel: [    0.051074] PM: Registered nosave memory: [mem 0xc0000000-0xffffffff]
Oct 24 01:19:07 keyvalue kernel: [    0.051076] [mem 0xc0000000-0xffffffff] available for PCI devices
Oct 24 01:19:07 keyvalue kernel: [    0.051078] Booting paravirtualized kernel on KVM
Oct 24 01:19:07 keyvalue kernel: [    0.051082] clocksource: refined-jiffies: mask: 0xffffffff max_cycles: 0xffffffff, max_idle_ns: 7645519600211568 ns
Oct 24 01:19:07 keyvalue kernel: [    0.051095] setup_percpu: NR_CPUS:8192 nr_cpumask_bits:1 nr_cpu_ids:1 nr_node_ids:1
Oct 24 01:19:07 keyvalue kernel: [    0.051915] percpu: Embedded 54 pages/cpu s184320 r8192 d28672 u2097152
Oct 24 01:19:07 keyvalue kernel: [    0.051921] pcpu-alloc: s184320 r8192 d28672 u2097152 alloc=1*2097152
Oct 24 01:19:07 keyvalue kernel: [    0.051922] pcpu-alloc: [0] 0 
Oct 24 01:19:07 keyvalue kernel: [    0.051953] Built 1 zonelists, mobility grouping on.  Total pages: 964251
Oct 24 01:19:07 keyvalue kernel: [    0.051954] Policy zone: Normal
Oct 24 01:19:07 keyvalue kernel: [    0.051956] Kernel command line: BOOT_IMAGE=/boot/vmlinuz-5.4.0-1028-gcp root=LABEL=cloudimg-rootfs ro console=ttyS0
Oct 24 01:19:07 keyvalue kernel: [    0.053501] Dentry cache hash table entries: 524288 (order: 10, 4194304 bytes, linear)
Oct 24 01:19:07 keyvalue kernel: [    0.054252] Inode-cache hash table entries: 262144 (order: 9, 2097152 bytes, linear)
Oct 24 01:19:07 keyvalue kernel: [    0.054291] mem auto-init: stack:off, heap alloc:off, heap free:off
Oct 24 01:19:07 keyvalue kernel: [    0.072553] Calgary: detecting Calgary via BIOS EBDA area
Oct 24 01:19:07 keyvalue kernel: [    0.072555] Calgary: Unable to locate Rio Grande table in EBDA - bailing!
Oct 24 01:19:07 keyvalue kernel: [    0.080834] Memory: 3684912K/3930904K available (14339K kernel code, 2385K rwdata, 4852K rodata, 2672K init, 5044K bss, 245992K reserved, 0K cma-reserved)
Oct 24 01:19:07 keyvalue kernel: [    0.080845] random: get_random_u64 called from __kmem_cache_create+0x41/0x550 with crng_init=0
Oct 24 01:19:07 keyvalue kernel: [    0.081652] SLUB: HWalign=64, Order=0-3, MinObjects=0, CPUs=1, Nodes=1
Oct 24 01:19:07 keyvalue kernel: [    0.081664] Kernel/User page tables isolation: enabled
Oct 24 01:19:07 keyvalue kernel: [    0.081678] ftrace: allocating 44397 en[   21.149676]          Starting LXD - container startup/shutdown...
[[0;32m  OK  [0m] Started System Logging Service.
[[0;32m  OK  [0m] Started Dispatcher daemon for systemd-networkd.
[[0;32m  OK  [0m] Started Permit User Sessions.
cloud-init[798]: +----[SHA256]-----+
tries in 174 pages
Oct 24 01:19:07 keyvalue kernel: [    0.099360] rcu: Hierarchical RCU implementation.
Oct 24 01:19:07 keyvalue kernel: [    0.099364] rcu: 	RCU restricting CPUs from NR_CPUS=8192 to nr_cpu_ids=1.
Oct 24 01:19:07 keyvalue kernel: [    0.099365] 	Tasks RCU enabled.
Oct 24 01:19:07 keyvalue kernel: [    0.099366] rcu: RCU calculated value of scheduler-enlistment delay is 25 jiffies.
Oct 24 01:19:07 keyvalue kernel: [    0.099367] rcu: Adjusting geometry for rcu_fanout_leaf=16, nr_cpu_ids=1
Oct 24 01:19:07 keyvalue kernel: [    0.101964] NR_IRQS: 524544, nr_irqs: 256, preallocated irqs: 16
Oct 24 01:19:07 keyvalue kernel: [    0.102169] random: crng done (trusting CPU's manufacturer)
Oct 24 01:19:07 keyvalue kernel: [    0.102193] Console: colour dummy device 80x25
Oct 24 01:19:07 keyvalue kernel: [    0.218234] printk: console [ttyS0] enabled
Oct 24 01:19:07 keyvalue kernel: [    0.218823] ACPI: Core revision 20190816
Oct 24 01:19:07 keyvalue kernel: [    0.219475] APIC: Switch to symmetric I/O mode setup
Oct 24 01:19:07 keyvalue kernel: [    0.220671] x2apic enabled
Oct 24 01:19:07 keyvalue kernel: [    0.222245] Switched APIC routing to physical x2apic.
Oct 24 01:19:07 keyvalue kernel: [    0.226056] ..TIMER: vector=0x30 apic1=0 pin1=0 apic2=-1 pin2=-1
Oct 24 01:19:07 keyvalue kernel: [    0.227095] clocksource: tsc-early: mask: 0xffffffffffffffff max_cycles: 0x212735223b2, max_idle_ns: 440795277976 ns
Oct 24 01:19:07 keyvalue kernel: [    0.228508] Calibrating delay loop (skipped) preset value.. 4600.00 BogoMIPS (lpj=9200000)
Oct 24 01:19:07 keyvalue kernel: [    0.229606] pid_max: default: 32768 minimum: 301
Oct 24 01:19:07 keyvalue kernel: [    0.232919] LSM: Security Framework initializing
Oct 24 01:19:07 keyvalue kernel: [    0.233578] Yama: becoming mindful.
Oct 24 01:19:07 keyvalue kernel: [    0.234088] AppArmor: AppArmor initialized
Oct 24 01:19:07 keyvalue kernel: [    0.234714] Mount-cache hash table entries: 8192 (order: 4, 65536 bytes, linear)
Oct 24 01:19:07 keyvalue kernel: [    0.235727] Mountpoint-cache hash table entries: 8192 (order: 4, 65536 bytes, linear)
Oct 24 01:19:07 keyvalue kernel: [    0.236970] Last level iTLB entries: 4KB 1024, 2MB 1024, 4MB 1024
Oct 24 01:19:07 keyvalue kernel: [    0.237789] Last level dTLB entries: 4KB 1024, 2MB 1024, 4MB 1024, 1GB 4
Oct 24 01:19:07 keyvalue kernel: [    0.238688] Spectre V1 : Mitigation: usercopy/swapgs barriers and __user pointer sanitization
Oct 24 01:19:07 keyvalue kernel: [    0.239826] Spectre V2 : Mitigation: Full generic retpoline
Oct 24 01:19:07 keyvalue kernel: [    0.240508] Spectre V2 : Spectre v2 / SpectreRSB mitigation: Filling RSB on context switch
Oct 24 01:19:07 keyvalue kernel: [    0.241602] Spectre V2 : Enabling Restricted Speculation for firmware calls
Oct 24 01:19:07 keyvalue kernel: [    0.242795] Spectre V2 : mitigation: Enabling conditional Indirect Branch Prediction Barrier
Oct 24 01:19:07 keyvalue kernel: [    0.244030] Speculative Store Bypass: Mitigation: Speculative Store Bypass disabled via prctl and seccomp
Oct 24 01:19:07 keyvalue kernel: [    0.244509] MDS: Mitigation: Clear CPU buffers
Oct 24 01:19:07 keyvalue kernel: [    0.251621] Freeing SMP alternatives memory: 40K
Oct 24 01:19:07 keyvalue kernel: [    0.362494] smpboot: CPU0: Intel(R) Xeon(R) CPU @ 2.30GHz (family: 0x6, model: 0x3f, stepping: 0x0)
Oct 24 01:19:07 keyvalue kernel: [    0.364505] Performance Events: unsupported p6 CPU model 63 no PMU driver, software events only.
Oct 24 01:19:07 keyvalue kernel: [    0.364505] rcu: Hierarchical SRCU implementation.
Oct 24 01:19:07 keyvalue kernel: [    0.365464] NMI watchdog: Perf NMI watchdog permanently disabled
Oct 24 01:19:07 keyvalue kernel: [    0.366309] smp: Bringing up secondary CPUs ...
Oct 24 01:19:07 keyvalue kernel: [    0.366959] smp: Brought up 1 node, 1 CPU
Oct 24 01:19:07 keyvalue kernel: [    0.367508] smpboot: Max logical packages: 1
Oct 24 01:19:07 keyvalue kernel: [    0.368144] smpboot: Total of 1 processors activated (4600.00 BogoMIPS)
Oct 24 01:19:07 keyvalue kernel: [    0.36[[0;32m  OK  [0m] Started SSHGuard.
[[0;32m  OK  [0m] Started Snap Daemon.
[[0;32m  OK  [0m] Started chrony, an NTP client/server.
8741] devtmpfs: initialized
Oct 24 01:19:07 keyvalue kernel: [    0.369242] x86/mm: Memory block size: 128MB
Oct 24 01:19:07 keyvalue kernel: [    0.370176] PM: Registering ACPI NVS region [mem 0xbd95a000-0xbd95afff] (4096 bytes)
Oct 24 01:19:07 keyvalue kernel: [    0.371272] PM: Registering ACPI NVS region [mem 0xbdadd000-0xbdae4fff] (32768 bytes)
Oct 24 01:19:07 keyvalue kernel: [    0.372512] PM: Registering ACPI NVS region [mem 0xbebfb000-0xbebfefff] (16384 bytes)
Oct 24 01:19:07 keyvalue kernel: [    0.373619] clocksource: jiffies: mask: 0xffffffff max_cycles: 0xffffffff, max_idle_ns: 7645041785100000 ns
Oct 24 01:19:07 keyvalue kernel: [    0.374904] futex hash table entries: 256 (order: 2, 16384 bytes, linear)
Oct 24 01:19:07 keyvalue kernel: [    0.375858] pinctrl core: initialized pinctrl subsystem
Oct 24 01:19:07 keyvalue kernel: [    0.376630] PM: RTC time: 01:18:48, date: 2020-10-24
Oct 24 01:19:07 keyvalue kernel: [    0.377408] NET: Registered protocol family 16
Oct 24 01:19:07 keyvalue kernel: [    0.378080] audit: initializing netlink subsys (disabled)
Oct 24 01:19:07 keyvalue kernel: [    0.378922] EISA bus registered
Oct 24 01:19:07 keyvalue kernel: [    0.379364] cpuidle: using governor ladder
Oct 24 01:19:07 keyvalue kernel: [    0.380508] cpuidle: using governor menu
Oct 24 01:19:07 keyvalue kernel: [    0.381142] ACPI: bus type PCI registered
Oct 24 01:19:07 keyvalue kernel: [    0.381693] acpiphp: ACPI Hot Plug PCI Controller Driver version: 0.5
Oct 24 01:19:07 keyvalue kernel: [    0.382788] PCI: Using configuration type 1 for base access
Oct 24 01:19:07 keyvalue kernel: [    0.384517] audit: type=2000 audit(1603502328.603:1): state=initialized audit_enabled=0 res=1
Oct 24 01:19:07 keyvalue kernel: [    0.386175] HugeTLB registered 1.00 GiB page size, pre-allocated 0 pages
Oct 24 01:19:07 keyvalue kernel: [    0.387088] HugeTLB registered 2.00 MiB page size, pre-allocated 0 pages
Oct 24 01:19:07 keyvalue kernel: [    0.388732] ACPI: Added _OSI(Module Device)
Oct 24 01:19:07 keyvalue kernel: [    0.389328] ACPI: Added _OSI(Processor Device)
Oct 24 01:19:07 keyvalue kernel: [    0.390219] ACPI: Added _OSI(3.0 _SCP Extensions)
Oct 24 01:19:07 keyvalue kernel: [    0.390936] ACPI: Added _OSI(Processor Aggregator Device)
Oct 24 01:19:07 keyvalue kernel: [    0.391665] ACPI: Added _OSI(Linux-Dell-Video)
Oct 24 01:19:07 keyvalue kernel: [    0.392337] ACPI: Added _OSI(Linux-Lenovo-NV-HDMI-Audio)
Oct 24 01:19:07 keyvalue kernel: [    0.392565] ACPI: Added _OSI(Linux-HPI-Hybrid-Graphics)
Oct 24 01:19:07 keyvalue kernel: [    0.394980] ACPI: 3 ACPI AML tables successfully acquired and loaded
Oct 24 01:19:07 keyvalue kernel: [    0.397367] ACPI: Interpreter enabled
Oct 24 01:19:07 keyvalue kernel: [    0.397909] ACPI: (supports S0 S3 S4 S5)
Oct 24 01:19:07 keyvalue kernel: [    0.398449] ACPI: Using IOAPIC for interrupt routing
Oct 24 01:19:07 keyvalue kernel: [    0.399132] PCI: Using host bridge windows from ACPI; if necessary, use "pci=nocrs" and report a bug
Oct 24 01:19:07 keyvalue kernel: [    0.400705] ACPI: Enabled 16 GPEs in block 00 to 0F
Oct 24 01:19:07 keyvalue kernel: [    0.403921] ACPI: PCI Root Bridge [PCI0] (domain 0000 [bus 00-ff])
Oct 24 01:19:07 keyvalue kernel: [    0.404520] acpi PNP0A03:00: _OSC: OS supports [ASPM ClockPM Segments MSI HPX-Type3]
Oct 24 01:19:07 keyvalue kernel: [    0.405636] acpi PNP0A03:00: fail to add MMCONFIG information, can't access extended PCI configuration space under this bridge.
Oct 24 01:19:07 keyvalue kernel: [    0.407946] PCI host bridge to bus 0000:00
Oct 24 01:19:07 keyvalue kernel: [    0.408509] pci_bus 0000:00: root bus resource [io  0x0000-0x0cf7 window]
Oct 24 01:19:07 keyvalue kernel: [    0.409498] pci_bus 0000:00: root bus resource [io  0x0d00-0xffff window]
Oct 24 01:19:07 keyvalue kernel: [    0.410432] pci_bus 0000:00: root bus resource [mem 0x000a0000-0x000bffff window]
Oct 24 01:19:07 keyvalue kernel: [    0.411537] pci_bus 0000:00: root bus resource [mem 0xc0000000-0xfebfefff window]
Oct 24 01:19:07 keyvalue kernel: [    0.412507] pci_bu[[0;32m  OK  [0m] Started Login Service.
[[0;32m  OK  [0m] Started LSB: Record successful boot for GRUB.
[[0;32m  OK  [0m] Started LSB: automatic crash report generation.
[[0;32m  OK  [0m] Started LXD - container startup/shutdown.
[[0;32m  OK  [0m] Started Unattended Upgrades Shutdown.
s 0000:00: root bus resource [bus 00-ff]
Oct 24 01:19:07 keyvalue kernel: [    0.413408] pci 0000:00:00.0: [8086:1237] type 00 class 0x060000
Oct 24 01:19:07 keyvalue kernel: [    0.417144] pci 0000:00:01.0: [8086:7110] type 00 class 0x060100
Oct 24 01:19:07 keyvalue kernel: [    0.431644] pci 0000:00:01.3: [8086:7113] type 00 class 0x068000
Oct 24 01:19:07 keyvalue kernel: [    0.441140] pci 0000:00:01.3: quirk: [io  0xb000-0xb03f] claimed by PIIX4 ACPI
Oct 24 01:19:07 keyvalue kernel: [    0.442974] pci 0000:00:03.0: [1af4:1004] type 00 class 0x000000
Oct 24 01:19:07 keyvalue kernel: [    0.447782] pci 0000:00:03.0: reg 0x10: [io  0xc040-0xc07f]
Oct 24 01:19:07 keyvalue kernel: [    0.451174] pci 0000:00:03.0: reg 0x14: [mem 0xc0000000-0xc000007f]
Oct 24 01:19:07 keyvalue kernel: [    0.462952] pci 0000:00:04.0: [1af4:1000] type 00 class 0x020000
Oct 24 01:19:07 keyvalue kernel: [    0.468073] pci 0000:00:04.0: reg 0x10: [io  0xc000-0xc03f]
Oct 24 01:19:07 keyvalue kernel: [    0.471328] pci 0000:00:04.0: reg 0x14: [mem 0xc0002000-0xc000203f]
Oct 24 01:19:07 keyvalue kernel: [    0.481762] pci 0000:00:05.0: [1af4:1005] type 00 class 0x00ff00
Oct 24 01:19:07 keyvalue kernel: [    0.486381] pci 0000:00:05.0: reg 0x10: [io  0xc080-0xc09f]
Oct 24 01:19:07 keyvalue kernel: [    0.490394] pci 0000:00:05.0: reg 0x14: [mem 0xc0001000-0xc000103f]
Oct 24 01:19:07 keyvalue kernel: [    0.508322] ACPI: PCI Interrupt Link [LNKA] (IRQs 5 *10 11)
Oct 24 01:19:07 keyvalue kernel: [    0.509352] ACPI: PCI Interrupt Link [LNKB] (IRQs 5 *10 11)
Oct 24 01:19:07 keyvalue kernel: [    0.510862] ACPI: PCI Interrupt Link [LNKC] (IRQs 5 10 *11)
Oct 24 01:19:07 keyvalue kernel: [    0.512586] ACPI: PCI Interrupt Link [LNKD] (IRQs 5 10 *11)
Oct 24 01:19:07 keyvalue kernel: [    0.516556] ACPI: PCI Interrupt Link [LNKS] (IRQs *9)
Oct 24 01:19:07 keyvalue kernel: [    0.517688] iommu: Default domain type: Translated 
Oct 24 01:19:07 keyvalue kernel: [    0.519331] SCSI subsystem initialized
Oct 24 01:19:07 keyvalue kernel: [    0.520553] libata version 3.00 loaded.
Oct 24 01:19:07 keyvalue kernel: [    0.520585] vgaarb: loaded
Oct 24 01:19:07 keyvalue kernel: [    0.521037] ACPI: bus type USB registered
Oct 24 01:19:07 keyvalue kernel: [    0.521600] usbcore: registered new interface driver usbfs
Oct 24 01:19:07 keyvalue kernel: [    0.522355] usbcore: registered new interface driver hub
Oct 24 01:19:07 keyvalue kernel: [    0.523079] usbcore: registered new device driver usb
Oct 24 01:19:07 keyvalue kernel: [    0.523781] pps_core: LinuxPPS API ver. 1 registered
Oct 24 01:19:07 keyvalue kernel: [    0.524507] pps_core: Software ver. 5.3.6 - Copyright 2005-2007 Rodolfo Giometti <giometti@linux.it>
Oct 24 01:19:07 keyvalue kernel: [    0.525725] PTP clock support registered
Oct 24 01:19:07 keyvalue kernel: [    0.526312] EDAC MC: Ver: 3.0.0
Oct 24 01:19:07 keyvalue kernel: [    0.526917] Registered efivars operations
Oct 24 01:19:07 keyvalue kernel: [    0.527551] PCI: Using ACPI for IRQ routing
Oct 24 01:19:07 keyvalue kernel: [    0.528508] PCI: pci_cache_line_size set to 64 bytes
Oct 24 01:19:07 keyvalue kernel: [    0.528591] e820: reserve RAM buffer [mem 0x00055000-0x0005ffff]
Oct 24 01:19:07 keyvalue kernel: [    0.528592] e820: reserve RAM buffer [mem 0x00098000-0x0009ffff]
Oct 24 01:19:07 keyvalue kernel: [    0.528593] e820: reserve RAM buffer [mem 0xbd957000-0xbfffffff]
Oct 24 01:19:07 keyvalue kernel: [    0.528594] e820: reserve RAM buffer [mem 0xbdadd000-0xbfffffff]
Oct 24 01:19:07 keyvalue kernel: [    0.528595] e820: reserve RAM buffer [mem 0xbeb9b000-0xbfffffff]
Oct 24 01:19:07 keyvalue kernel: [    0.528596] e820: reserve RAM buffer [mem 0xbffe0000-0xbfffffff]
Oct 24 01:19:07 keyvalue kernel: [    0.528683] NetLabel: Initializing
Oct 24 01:19:07 keyvalue kernel: [    0.529156] NetLabel:  domain hash size = 128
Oct 24 01:19:07 keyvalue kernel: [    0.529748] NetLabel:  protocols = UNLABELED CIPSOv4 CALIPSO
Oct 24 01:19:07 keyvalue kernel: [    0.530576] NetLabel:  unlabeled traffic allowed by default
Oct 24 01:19:07 keyvalue kernel:         Starting Authorization Manager...
         Starting Hostname Service...
 [    0.531426] clocksource: Switched to clocksource kvm-clock
Oct 24 01:19:07 keyvalue kernel: [    0.542185] VFS: Disk quotas dquot_6.6.0
Oct 24 01:19:07 keyvalue kernel: [    0.542794] VFS: Dquot-cache hash table entries: 512 (order 0, 4096 bytes)
Oct 24 01:19:07 keyvalue kernel: [    0.543799] AppArmor: AppArmor Filesystem Enabled
Oct 24 01:19:07 keyvalue kernel: [    0.544503] pnp: PnP ACPI init
Oct 24 01:19:07 keyvalue kernel: [    0.545025] pnp 00:00: Plug and Play ACPI device, IDs PNP0b00 (active)
Oct 24 01:19:07 keyvalue kernel: [    0.545095] pnp 00:01: Plug and Play ACPI device, IDs PNP0303 (active)
Oct 24 01:19:07 keyvalue kernel: [    0.545142] pnp 00:02: Plug and Play ACPI device, IDs PNP0f13 (active)
Oct 24 01:19:07 keyvalue kernel: [    0.545196] pnp 00:03: Plug and Play ACPI device, IDs PNP0501 (active)
Oct 24 01:19:07 keyvalue kernel: [    0.545241] pnp 00:04: Plug and Play ACPI device, IDs PNP0501 (active)
Oct 24 01:19:07 keyvalue kernel: [    0.545285] pnp 00:05: Plug and Play ACPI device, IDs PNP0501 (active)
Oct 24 01:19:07 keyvalue kernel: [    0.545327] pnp 00:06: Plug and Play ACPI device, IDs PNP0501 (active)
Oct 24 01:19:07 keyvalue kernel: [    0.545531] pnp: PnP ACPI: found 7 devices
Oct 24 01:19:07 keyvalue kernel: [    0.546994] thermal_sys: Registered thermal governor 'fair_share'
Oct 24 01:19:07 keyvalue kernel: [    0.546995] thermal_sys: Registered thermal governor 'bang_bang'
Oct 24 01:19:07 keyvalue kernel: [    0.547864] thermal_sys: Registered thermal governor 'step_wise'
Oct 24 01:19:07 keyvalue kernel: [    0.548674] thermal_sys: Registered thermal governor 'user_space'
Oct 24 01:19:07 keyvalue kernel: [    0.549479] thermal_sys: Registered thermal governor 'power_allocator'
Oct 24 01:19:07 keyvalue kernel: [    0.554854] clocksource: acpi_pm: mask: 0xffffff max_cycles: 0xffffff, max_idle_ns: 2085701024 ns
Oct 24 01:19:07 keyvalue kernel: [    0.556973] pci_bus 0000:00: resource 4 [io  0x0000-0x0cf7 window]
Oct 24 01:19:07 keyvalue kernel: [    0.557850] pci_bus 0000:00: resource 5 [io  0x0d00-0xffff window]
Oct 24 01:19:07 keyvalue kernel: [    0.558737] pci_bus 0000:00: resource 6 [mem 0x000a0000-0x000bffff window]
Oct 24 01:19:07 keyvalue kernel: [    0.559684] pci_bus 0000:00: resource 7 [mem 0xc0000000-0xfebfefff window]
Oct 24 01:19:07 keyvalue kernel: [    0.560673] NET: Registered protocol family 2
Oct 24 01:19:07 keyvalue kernel: [    0.561405] tcp_listen_portaddr_hash hash table entries: 2048 (order: 3, 32768 bytes, linear)
Oct 24 01:19:07 keyvalue kernel: [    0.562571] TCP established hash table entries: 32768 (order: 6, 262144 bytes, linear)
Oct 24 01:19:07 keyvalue kernel: [    0.563662] TCP bind hash table entries: 32768 (order: 7, 524288 bytes, linear)
Oct 24 01:19:07 keyvalue kernel: [    0.564770] TCP: Hash tables configured (established 32768 bind 32768)
Oct 24 01:19:07 keyvalue kernel: [    0.565728] UDP hash table entries: 2048 (order: 4, 65536 bytes, linear)
Oct 24 01:19:07 keyvalue kernel: [    0.566660] UDP-Lite hash table entries: 2048 (order: 4, 65536 bytes, linear)
Oct 24 01:19:07 keyvalue kernel: [    0.568417] NET: Registered protocol family 1
Oct 24 01:19:07 keyvalue kernel: [    0.569040] NET: Registered protocol family 44
Oct 24 01:19:07 keyvalue kernel: [    0.569651] pci 0000:00:00.0: Limiting direct PCI/PCI transfers
Oct 24 01:19:07 keyvalue kernel: [    0.570496] PCI: CLS 0 bytes, default 64
Oct 24 01:19:07 keyvalue kernel: [    0.571076] Trying to unpack rootfs image as initramfs...
Oct 24 01:19:07 keyvalue kernel: [    1.138623] Freeing initrd memory: 35624K
Oct 24 01:19:07 keyvalue kernel: [    1.139357] PCI-DMA: Using software bounce buffering for IO (SWIOTLB)
Oct 24 01:19:07 keyvalue kernel: [    1.140231] software IO TLB: mapped [mem 0xb6ff7000-0xbaff7000] (64MB)
Oct 24 01:19:07 keyvalue kernel: [    1.141163] clocksource: tsc: mask: 0xffffffffffffffff max_cycles: 0x212735223b2, max_idle_ns: 440795277976 ns
Oct 24 01:19:07 keyvalue kernel: [    1.142655] clocksource: Switched to clocksource tsc
Oct 24 01:19:07 keyvalue kernel: [    1.14345         Starting Wait until snapd is fully seeded...
         Starting Terminate Plymouth Boot Screen...
         Starting Hold until boot process finishes up...
2] check: Scanning for low memory corruption every 60 seconds
Oct 24 01:19:07 keyvalue kernel: [    1.144611] Initialise system trusted keyrings
Oct 24 01:19:07 keyvalue kernel: [    1.145230] Key type blacklist registered
Oct 24 01:19:07 keyvalue kernel: [    1.145838] workingset: timestamp_bits=36 max_order=20 bucket_order=0
Oct 24 01:19:07 keyvalue kernel: [    1.147794] zbud: loaded
Oct 24 01:19:07 keyvalue kernel: [    1.148481] squashfs: version 4.0 (2009/01/31) Phillip Lougher
Oct 24 01:19:07 keyvalue kernel: [    1.149436] fuse: init (API version 7.31)
Oct 24 01:19:07 keyvalue kernel: [    1.150108] Platform Keyring initialized
Oct 24 01:19:07 keyvalue kernel: [    1.153342] Key type asymmetric registered
Oct 24 01:19:07 keyvalue kernel: [    1.153915] Asymmetric key parser 'x509' registered
Oct 24 01:19:07 keyvalue kernel: [    1.154584] Block layer SCSI generic (bsg) driver version 0.4 loaded (major 244)
Oct 24 01:19:07 keyvalue kernel: [    1.155617] io scheduler mq-deadline registered
Oct 24 01:19:07 keyvalue kernel: [    1.156318] shpchp: Standard Hot Plug PCI Controller Driver version: 0.4
Oct 24 01:19:07 keyvalue kernel: [    1.157367] intel_idle: Please enable MWAIT in BIOS SETUP
Oct 24 01:19:07 keyvalue kernel: [    1.157445] input: Power Button as /devices/LNXSYSTM:00/LNXPWRBN:00/input/input0
Oct 24 01:19:07 keyvalue kernel: [    1.158585] ACPI: Power Button [PWRF]
Oct 24 01:19:07 keyvalue kernel: [    1.159258] input: Sleep Button as /devices/LNXSYSTM:00/LNXSLPBN:00/input/input1
Oct 24 01:19:07 keyvalue kernel: [    1.160276] ACPI: Sleep Button [SLPF]
Oct 24 01:19:07 keyvalue kernel: [    1.162377] PCI Interrupt Link [LNKC] enabled at IRQ 11
Oct 24 01:19:07 keyvalue kernel: [    1.163202] virtio-pci 0000:00:03.0: virtio_pci: leaving for legacy driver
Oct 24 01:19:07 keyvalue kernel: [    1.166829] PCI Interrupt Link [LNKD] enabled at IRQ 10
Oct 24 01:19:07 keyvalue kernel: [    1.167667] virtio-pci 0000:00:04.0: virtio_pci: leaving for legacy driver
Oct 24 01:19:07 keyvalue kernel: [    1.171030] PCI Interrupt Link [LNKA] enabled at IRQ 10
Oct 24 01:19:07 keyvalue kernel: [    1.171871] virtio-pci 0000:00:05.0: virtio_pci: leaving for legacy driver
Oct 24 01:19:07 keyvalue kernel: [    1.175068] Serial: 8250/16550 driver, 32 ports, IRQ sharing enabled
Oct 24 01:19:07 keyvalue kernel: [    1.198035] 00:03: ttyS0 at I/O 0x3f8 (irq = 4, base_baud = 115200) is a 16550A
Oct 24 01:19:07 keyvalue kernel: [    1.220656] 00:04: ttyS1 at I/O 0x2f8 (irq = 3, base_baud = 115200) is a 16550A
Oct 24 01:19:07 keyvalue kernel: [    1.243293] 00:05: ttyS2 at I/O 0x3e8 (irq = 6, base_baud = 115200) is a 16550A
Oct 24 01:19:07 keyvalue kernel: [    1.266165] 00:06: ttyS3 at I/O 0x2e8 (irq = 7, base_baud = 115200) is a 16550A
Oct 24 01:19:07 keyvalue kernel: [    1.268463] Linux agpgart interface v0.103
Oct 24 01:19:07 keyvalue kernel: [    1.281525] tpm_tis MSFT0101:00: 2.0 TPM (device-id 0x9009, rev-id 0)
Oct 24 01:19:07 keyvalue kernel: [    1.289367] loop: module loaded
Oct 24 01:19:07 keyvalue kernel: [    1.296849] scsi host0: Virtio SCSI HBA
Oct 24 01:19:07 keyvalue kernel: [    1.303201] scsi 0:0:1:0: Direct-Access     Google   PersistentDisk   1    PQ: 0 ANSI: 6
Oct 24 01:19:07 keyvalue kernel: [    1.304740] libphy: Fixed MDIO Bus: probed
Oct 24 01:19:07 keyvalue kernel: [    1.305401] tun: Universal TUN/TAP device driver, 1.6
Oct 24 01:19:07 keyvalue kernel: [    1.306326] PPP generic driver version 2.4.2
Oct 24 01:19:07 keyvalue kernel: [    1.307201] VFIO - User Level meta-driver version: 0.3
Oct 24 01:19:07 keyvalue kernel: [    1.308327] ehci_hcd: USB 2.0 'Enhanced' Host Controller (EHCI) Driver
Oct 24 01:19:07 keyvalue kernel: [    1.309577] ehci-pci: EHCI PCI platform driver
Oct 24 01:19:07 keyvalue kernel: [    1.310547] ehci-platform: EHCI generic platform driver
Oct 24 01:19:07 keyvalue kernel: [    1.311510] ohci_hcd: USB 1.1 'Open' Host Controller (OHCI) Driver
Oct 24 01:19:07 keyvalue kernel: [    1.312846] ohci-pci: OHCI PCI platform driver
Oct 24 01:19:07 keyvalue kernel: [    1.313981] ohci-platf         Starting Google Compute Engine Instance Setup...
[[0;32m  OK  [0m] Started Wait until snapd is fully seeded.
[[0;32m  OK  [0m] Started Terminate Plymouth Boot Screen.
[[0;32m  OK  [0m] Started Hold until boot process finishes up.
[[0;32m  OK  [0m] Started Authorization Manager.
[[0;32m  OK  [0m] Started Accounts Service.
[[0;32m  OK  [0m] Started Hostname Service.
[[0;32m  OK  [0m] Started Google Compute Engine Instance Setup.
orm: OHCI generic platform driver
Oct 24 01:19:07 keyvalue kernel: [    1.314951] uhci_hcd: USB Universal Host Controller Interface driver
Oct 24 01:19:07 keyvalue kernel: [    1.316648] i8042: PNP: PS/2 Controller [PNP0303:KBD,PNP0f13:MOU] at 0x60,0x64 irq 1,12
Oct 24 01:19:07 keyvalue kernel: [    1.318449] i8042: Warning: Keylock active
Oct 24 01:19:07 keyvalue kernel: [    1.319842] serio: i8042 KBD port at 0x60,0x64 irq 1
Oct 24 01:19:07 keyvalue kernel: [    1.320718] serio: i8042 AUX port at 0x60,0x64 irq 12
Oct 24 01:19:07 keyvalue kernel: [    1.321984] mousedev: PS/2 mouse device common for all mice
Oct 24 01:19:07 keyvalue kernel: [    1.323308] rtc_cmos 00:00: RTC can wake from S4
Oct 24 01:19:07 keyvalue kernel: [    1.324768] rtc_cmos 00:00: registered as rtc0
Oct 24 01:19:07 keyvalue kernel: [    1.325518] rtc_cmos 00:00: alarms up to one day, 114 bytes nvram
Oct 24 01:19:07 keyvalue kernel: [    1.326421] i2c /dev entries driver
Oct 24 01:19:07 keyvalue kernel: [    1.326947] device-mapper: uevent: version 1.0.3
Oct 24 01:19:07 keyvalue kernel: [    1.328088] device-mapper: ioctl: 4.41.0-ioctl (2019-09-16) initialised: dm-devel@redhat.com
Oct 24 01:19:07 keyvalue kernel: [    1.329691] platform eisa.0: Probing EISA bus 0
Oct 24 01:19:07 keyvalue kernel: [    1.330424] platform eisa.0: EISA: Cannot allocate resource for mainboard
Oct 24 01:19:07 keyvalue kernel: [    1.331834] platform eisa.0: Cannot allocate resource for EISA slot 1
Oct 24 01:19:07 keyvalue kernel: [    1.333285] platform eisa.0: Cannot allocate resource for EISA slot 2
Oct 24 01:19:07 keyvalue kernel: [    1.334604] platform eisa.0: Cannot allocate resource for EISA slot 3
Oct 24 01:19:07 keyvalue kernel: [    1.335862] platform eisa.0: Cannot allocate resource for EISA slot 4
Oct 24 01:19:07 keyvalue kernel: [    1.337253] platform eisa.0: Cannot allocate resource for EISA slot 5
Oct 24 01:19:07 keyvalue kernel: [    1.338588] platform eisa.0: Cannot allocate resource for EISA slot 6
Oct 24 01:19:07 keyvalue kernel: [    1.339682] platform eisa.0: Cannot allocate resource for EISA slot 7
Oct 24 01:19:07 keyvalue kernel: [    1.340809] platform eisa.0: Cannot allocate resource for EISA slot 8
Oct 24 01:19:07 keyvalue kernel: [    1.341937] platform eisa.0: EISA: Detected 0 cards
Oct 24 01:19:07 keyvalue kernel: [    1.342820] intel_pstate: CPU model not supported
Oct 24 01:19:07 keyvalue kernel: [    1.343618] ledtrig-cpu: registered to indicate activity on CPUs
Oct 24 01:19:07 keyvalue kernel: [    1.345030] EFI Variables Facility v0.08 2004-May-17
Oct 24 01:19:07 keyvalue kernel: [    1.350735] drop_monitor: Initializing network drop monitor service
Oct 24 01:19:07 keyvalue kernel: [    1.352938] NET: Registered protocol family 10
Oct 24 01:19:07 keyvalue kernel: [    1.354496] sd 0:0:1:0: Attached scsi generic sg0 type 0
Oct 24 01:19:07 keyvalue kernel: [    1.355871] sd 0:0:1:0: [sda] 20971520 512-byte logical blocks: (10.7 GB/10.0 GiB)
Oct 24 01:19:07 keyvalue kernel: [    1.357218] sd 0:0:1:0: [sda] 4096-byte physical blocks
Oct 24 01:19:07 keyvalue kernel: [    1.358452] sd 0:0:1:0: [sda] Write Protect is off
Oct 24 01:19:07 keyvalue kernel: [    1.359491] sd 0:0:1:0: [sda] Mode Sense: 1f 00 00 08
Oct 24 01:19:07 keyvalue kernel: [    1.359555] sd 0:0:1:0: [sda] Write cache: enabled, read cache: enabled, doesn't support DPO or FUA
Oct 24 01:19:07 keyvalue kernel: [    1.364866] Segment Routing with IPv6
Oct 24 01:19:07 keyvalue kernel: [    1.365839] NET: Registered protocol family 17
Oct 24 01:19:07 keyvalue kernel: [    1.366811] Key type dns_resolver registered
Oct 24 01:19:07 keyvalue kernel: [    1.367851] RAS: Correctable Errors collector initialized.
