Serial port 1 (console) output for master
[2J[01;01H[=3h[2J[01;01H[2J[01;01H[=3h[2J[01;01H[2J[01;01H[=3h[2J[01;01H[0m[35m[40m[2J[01;01H[=3h[2J[01;01H[0m[37m[40m[2J[01;01H[=3h[2J[01;01H[0m[35m[40m[0m[37m[40mBdsDxe: loading Boot0001 "UEFI Google PersistentDisk " from PciRoot(0x0)/Pci(0x3,0x0)/Scsi(0x1,0x0)
BdsDxe: starting Boot0001 "UEFI Google PersistentDisk " from PciRoot(0x0)/Pci(0x3,0x0)/Scsi(0x1,0x0)

UEFI: Attempting to start image.
Description: UEFI Google PersistentDisk 
FilePath: PciRoot(0x0)/Pci(0x3,0x0)/Scsi(0x1,0x0)
OptionNumber: 1.

[0m[30m[40m[2J[01;01H[0m[37m[40merror: no such device: root.


Press any key to continue...

[    0.000000] Linux version 5.4.0-1028-gcp (buildd@lcy01-amd64-018) (gcc version 7.5.0 (Ubuntu 7.5.0-3ubuntu1~18.04)) #29~18.04.1-Ubuntu SMP Mon Oct 5 16:41:43 UTC 2020 (Ubuntu 5.4.0-1028.29~18.04.1-gcp 5.4.65)
[    0.000000] Command line: BOOT_IMAGE=/boot/vmlinuz-5.4.0-1028-gcp root=LABEL=cloudimg-rootfs ro console=ttyS0
[    0.000000] KERNEL supported cpus:
[    0.000000]   Intel GenuineIntel
[    0.000000]   AMD AuthenticAMD
[    0.000000]   Hygon HygonGenuine
[    0.000000]   Centaur CentaurHauls
[    0.000000]   zhaoxin   Shanghai  
[    0.000000] x86/fpu: Supporting XSAVE feature 0x001: 'x87 floating point registers'
[    0.000000] x86/fpu: Supporting XSAVE feature 0x002: 'SSE registers'
[    0.000000] x86/fpu: Supporting XSAVE feature 0x004: 'AVX registers'
[    0.000000] x86/fpu: xstate_offset[2]:  576, xstate_sizes[2]:  256
[    0.000000] x86/fpu: Enabled xstate features 0x7, context size is 832 bytes, using 'standard' format.
[    0.000000] BIOS-provided physical RAM map:
[    0.000000] BIOS-e820: [mem 0x0000000000000000-0x0000000000000fff] reserved
[    0.000000] BIOS-e820: [mem 0x0000000000001000-0x0000000000054fff] usable
[    0.000000] BIOS-e820: [mem 0x0000000000055000-0x000000000005ffff] reserved
[    0.000000] BIOS-e820: [mem 0x0000000000060000-0x0000000000097fff] usable
[    0.000000] BIOS-e820: [mem 0x0000000000098000-0x000000000009ffff] reserved
[    0.000000] BIOS-e820: [mem 0x0000000000100000-0x00000000bd956fff] usable
[    0.000000] BIOS-e820: [mem 0x00000000bd957000-0x00000000bd959fff] ACPI data
[    0.000000] BIOS-e820: [mem 0x00000000bd95a000-0x00000000bd95afff] ACPI NVS
[    0.000000] BIOS-e820: [mem 0x00000000bd95b000-0x00000000bdadcfff] usable
[    0.000000] BIOS-e820: [mem 0x00000000bdadd000-0x00000000bdae4fff] ACPI NVS
[    0.000000] BIOS-e820: [mem 0x00000000bdae5000-0x00000000bdb1afff] reserved
[    0.000000] BIOS-e820: [mem 0x00000000bdb1b000-0x00000000beb9afff] usable
[    0.000000] BIOS-e820: [mem 0x00000000beb9b000-0x00000000bebf2fff] reserved
[    0.000000] BIOS-e820: [mem 0x00000000bebf3000-0x00000000bebfafff] ACPI data
[    0.000000] BIOS-e820: [mem 0x00000000bebfb000-0x00000000bebfefff] ACPI NVS
[    0.000000] BIOS-e820: [mem 0x00000000bebff000-0x00000000bffdffff] usable
[    0.000000] BIOS-e820: [mem 0x00000000bffe0000-0x00000000bfffffff] reserved
[    0.000000] BIOS-e820: [mem 0x0000000100000000-0x000000012fffffff] usable
[    0.000000] NX (Execute Disable) protection: active
[    0.000000] efi: EFI v2.70 by EDK II
[    0.000000] efi:  TPMFinalLog=0xbdadd000  ACPI=0xbebfa000  ACPI 2.0=0xbebfa014  SMBIOS=0xbebcd000  MEMATTR=0xbdefa218  TPMEventLog=0xbd177018 
[    0.000000] secureboot: Secure boot disabled
[    0.000000] SMBIOS 2.4 present.
[    0.000000] DMI: Google Google Compute Engine/Google Compute Engine, BIOS Google 01/01/2011
[    0.000000] Hypervisor detected: KVM
[    0.000000] kvm-clock: Using msrs 4b564d01 and 4b564d00
[    0.000000] kvm-clock: cpu 0, msr 5e601001, primary cpu clock
[    0.000000] kvm-clock: using sched offset of 19491606395 cycles
[    0.000003] clocksource: kvm-clock: mask: 0xffffffffffffffff max_cycles: 0x1cd42e4dffb, max_idle_ns: 881590591483 ns
[    0.000005] tsc: Detected 2300.000 MHz processor
[    0.000089] last_pfn = 0x130000 max_arch_pfn = 0x400000000
[    0.000143] x86/PAT: Configuration [0-7]: WB  WC  UC- UC  WB  WP  UC- WT  
[    0.000152] last_pfn = 0xbffe0 max_arch_pfn = 0x400000000
[    0.015129] check: Scanning 1 areas for low memory corruption
[    0.015174] Using GB pages for direct mapping
[    0.016463] secureboot: Secure boot disabled
[    0.016465] RAMDISK: [mem 0x3b1c7000-0x3d490fff]
[    0.016481] ACPI: Early table checksum verification disabled
[    0.016487] ACPI: RSDP 0x00000000BEBFA014 000024 (v02 Google)
[    0.016491] ACPI: XSDT 0x00000000BEBF90E8 00005C (v01 Google GOOGFACP 00000001      01000013)
[    0.016498] ACPI: FACP 0x00000000BEBF4000 0000F4 (v02 Google GOOGFACP 00000001 GOOG 00000001)
[    0.016504] ACPI: DSDT 0x00000000BEBF5000 0018BA (v01 Google GOOGDSDT 00000001 GOOG 00000001)
[    0.016509] ACPI: FACS 0x00000000BD95A000 000040
[    0.016512] ACPI: SSDT 0x00000000BEBF8000 000316 (v02 GOOGLE Tpm2Tabl 00001000 INTL 20160527)
[    0.016516] ACPI: TPM2 0x00000000BEBF7000 000034 (v04 GOOGLE          00000001 GOOG 00000001)
[    0.016520] ACPI: SRAT 0x00000000BEBF3000 0000B8 (v03 Google GOOGSRAT 00000001 GOOG 00000001)
[    0.016524] ACPI: APIC 0x00000000BD959000 00006E (v05 Google GOOGAPIC 00000001 GOOG 00000001)
[    0.016527] ACPI: SSDT 0x00000000BD958000 00091F (v01 Google GOOGSSDT 00000001 GOOG 00000001)
[    0.016531] ACPI: WAET 0x00000000BD957000 000028 (v01 Google GOOGWAET 00000001 GOOG 00000001)
[    0.016626] SRAT: PXM 0 -> APIC 0x00 -> Node 0
[    0.016630] ACPI: SRAT: Node 0 PXM 0 [mem 0x00000000-0x0009ffff]
[    0.016633] ACPI: SRAT: Node 0 PXM 0 [mem 0x00100000-0xbfffffff]
[    0.016635] ACPI: SRAT: Node 0 PXM 0 [mem 0x100000000-0x12fffffff]
[    0.016639] NUMA: Node 0 [mem 0x00000000-0x0009ffff] + [mem 0x00100000-0xbfffffff] -> [mem 0x00000000-0xbfffffff]
[    0.016642] NUMA: Node 0 [mem 0x00000000-0xbfffffff] + [mem 0x100000000-0x12fffffff] -> [mem 0x00000000-0x12fffffff]
[    0.016659] NODE_DATA(0) allocated [mem 0x12ffd3000-0x12fffdfff]
[    0.017673] Zone ranges:
[    0.017674]   DMA      [mem 0x0000000000001000-0x0000000000ffffff]
[    0.017676]   DMA32    [mem 0x0000000001000000-0x00000000ffffffff]
[    0.017677]   Normal   [mem 0x0000000100000000-0x000000012fffffff]
[    0.017678]   Device   empty
[    0.017679] Movable zone start for each node
[    0.017682] Early memory node ranges
[    0.017683]   node   0: [mem 0x0000000000001000-0x0000000000054fff]
[    0.017685]   node   0: [mem 0x0000000000060000-0x0000000000097fff]
[    0.017685]   node   0: [mem 0x0000000000100000-0x00000000bd956fff]
[    0.017687]   node   0: [mem 0x00000000bd95b000-0x00000000bdadcfff]
[    0.017687]   node   0: [mem 0x00000000bdb1b000-0x00000000beb9afff]
[    0.017688]   node   0: [mem 0x00000000bebff000-0x00000000bffdffff]
[    0.017689]   node   0: [mem 0x0000000100000000-0x000000012fffffff]
[    0.019276] Zeroed struct page in unavailable ranges: 314 pages
[    0.019279] Initmem setup node 0 [mem 0x0000000000001000-0x000000012fffffff]
[    0.052399] ACPI: PM-Timer IO Port: 0xb008
[    0.052418] ACPI: LAPIC_NMI (acpi_id[0xff] dfl dfl lint[0x1])
[    0.052498] IOAPIC[0]: apic_id 0, version 17, address 0xfec00000, GSI 0-23
[    0.052502] ACPI: INT_SRC_OVR (bus 0 bus_irq 5 global_irq 5 high level)
[    0.052503] ACPI: INT_SRC_OVR (bus 0 bus_irq 9 global_irq 9 high level)
[    0.052505] ACPI: INT_SRC_OVR (bus 0 bus_irq 10 global_irq 10 high level)
[    0.052505] ACPI: INT_SRC_OVR (bus 0 bus_irq 11 global_irq 11 high level)
[    0.052512] Using ACPI (MADT) for SMP configuration information
[    0.052515] smpboot: Allowing 1 CPUs, 0 hotplug CPUs
[    0.052568] PM: Registered nosave memory: [mem 0x00000000-0x00000fff]
[    0.052572] PM: Registered nosave memory: [mem 0x00055000-0x0005ffff]
[    0.052576] PM: Registered nosave memory: [mem 0x00098000-0x0009ffff]
[    0.052578] PM: Registered nosave memory: [mem 0x000a0000-0x000fffff]
[    0.052582] PM: Registered nosave memory: [mem 0xbd957000-0xbd959fff]
[    0.052584] PM: Registered nosave memory: [mem 0xbd95a000-0xbd95afff]
[    0.052587] PM: Registered nosave memory: [mem 0xbdadd000-0xbdae4fff]
[    0.052589] PM: Registered nosave memory: [mem 0xbdae5000-0xbdb1afff]
[    0.052593] PM: Registered nosave memory: [mem 0xbeb9b000-0xbebf2fff]
[    0.052595] PM: Registered nosave memory: [mem 0xbebf3000-0xbebfafff]
[    0.052597] PM: Registered nosave memory: [mem 0xbebfb000-0xbebfefff]
[    0.052601] PM: Registered nosave memory: [mem 0xbffe0000-0xbfffffff]
[    0.052603] PM: Registered nosave memory: [mem 0xc0000000-0xffffffff]
[    0.052606] [mem 0xc0000000-0xffffffff] available for PCI devices
[    0.052608] Booting paravirtualized kernel on KVM
[    0.052613] clocksource: refined-jiffies: mask: 0xffffffff max_cycles: 0xffffffff, max_idle_ns: 7645519600211568 ns
[    0.052626] setup_percpu: NR_CPUS:8192 nr_cpumask_bits:1 nr_cpu_ids:1 nr_node_ids:1
[    0.053505] percpu: Embedded 54 pages/cpu s184320 r8192 d28672 u2097152
[    0.053540] Built 1 zonelists, mobility grouping on.  Total pages: 964251
[    0.053541] Policy zone: Normal
[    0.053543] Kernel command line: BOOT_IMAGE=/boot/vmlinuz-5.4.0-1028-gcp root=LABEL=cloudimg-rootfs ro console=ttyS0
[    0.055208] Dentry cache hash table entries: 524288 (order: 10, 4194304 bytes, linear)
[    0.056038] Inode-cache hash table entries: 262144 (order: 9, 2097152 bytes, linear)
[    0.056079] mem auto-init: stack:off, heap alloc:off, heap free:off
[    0.083743] Memory: 3684904K/3930904K available (14339K kernel code, 2385K rwdata, 4852K rodata, 2672K init, 5044K bss, 246000K reserved, 0K cma-reserved)
[    0.083754] random: get_random_u64 called from __kmem_cache_create+0x41/0x550 with crng_init=0
[    0.084681] SLUB: HWalign=64, Order=0-3, MinObjects=0, CPUs=1, Nodes=1
[    0.084694] Kernel/User page tables isolation: enabled
[    0.084708] ftrace: allocating 44397 entries in 174 pages
[    0.102883] rcu: Hierarchical RCU implementation.
[    0.102887] rcu: 	RCU restricting CPUs from NR_CPUS=8192 to nr_cpu_ids=1.
[    0.102888] 	Tasks RCU enabled.
[    0.102889] rcu: RCU calculated value of scheduler-enlistment delay is 25 jiffies.
[    0.102890] rcu: Adjusting geometry for rcu_fanout_leaf=16, nr_cpu_ids=1
[    0.105513] NR_IRQS: 524544, nr_irqs: 256, preallocated irqs: 16
[    0.105745] random: crng done (trusting CPU's manufacturer)
[    0.105769] Console: colour dummy device 80x25
[    0.257866] printk: console [ttyS0] enabled
[    0.258622] ACPI: Core revision 20190816
[    0.259548] APIC: Switch to symmetric I/O mode setup
[    0.260988] x2apic enabled
[    0.262838] Switched APIC routing to physical x2apic.
[    0.267147] ..TIMER: vector=0x30 apic1=0 pin1=0 apic2=-1 pin2=-1
[    0.268340] clocksource: tsc-early: mask: 0xffffffffffffffff max_cycles: 0x212735223b2, max_idle_ns: 440795277976 ns
[    0.269858] Calibrating delay loop (skipped) preset value.. 4600.00 BogoMIPS (lpj=9200000)
[    0.271006] pid_max: default: 32768 minimum: 301
[    0.275565] LSM: Security Framework initializing
[    0.276254] Yama: becoming mindful.
[    0.276775] AppArmor: AppArmor initialized
[    0.277910] Mount-cache hash table entries: 8192 (order: 4, 65536 bytes, linear)
[    0.279571] Mountpoint-cache hash table entries: 8192 (order: 4, 65536 bytes, linear)
[    0.281659] Last level iTLB entries: 4KB 1024, 2MB 1024, 4MB 1024
[    0.281860] Last level dTLB entries: 4KB 1024, 2MB 1024, 4MB 1024, 1GB 4
[    0.283048] Spectre V1 : Mitigation: usercopy/swapgs barriers and __user pointer sanitization
[    0.285858] Spectre V2 : Mitigation: Full generic retpoline
[    0.286796] Spectre V2 : Spectre v2 / SpectreRSB mitigation: Filling RSB on context switch
[    0.288226] Spectre V2 : Enabling Restricted Speculation for firmware calls
[    0.289859] Spectre V2 : mitigation: Enabling conditional Indirect Branch Prediction Barrier
[    0.291182] Speculative Store Bypass: Mitigation: Speculative Store Bypass disabled via prctl and seccomp
[    0.292785] MDS: Mitigation: Clear CPU buffers
[    0.299967] Freeing SMP alternatives memory: 40K
[    0.411021] smpboot: CPU0: Intel(R) Xeon(R) CPU @ 2.30GHz (family: 0x6, model: 0x3f, stepping: 0x0)
[    0.413685] Performance Events: unsupported p6 CPU model 63 no PMU driver, software events only.
[    0.413930] rcu: Hierarchical SRCU implementation.
[    0.416243] NMI watchdog: Perf NMI watchdog permanently disabled
[    0.417922] smp: Bringing up secondary CPUs ...
[    0.418730] smp: Brought up 1 node, 1 CPU
[    0.419775] smpboot: Max logical packages: 1
[    0.420810] smpboot: Total of 1 processors activated (4600.00 BogoMIPS)
[    0.422171] devtmpfs: initialized
[    0.423060] x86/mm: Memory block size: 128MB
[    0.424391] PM: Registering ACPI NVS region [mem 0xbd95a000-0xbd95afff] (4096 bytes)
[    0.425862] PM: Registering ACPI NVS region [mem 0xbdadd000-0xbdae4fff] (32768 bytes)
[    0.427440] PM: Registering ACPI NVS region [mem 0xbebfb000-0xbebfefff] (16384 bytes)
[    0.429972] clocksource: jiffies: mask: 0xffffffff max_cycles: 0xffffffff, max_idle_ns: 7645041785100000 ns
[    0.431438] futex hash table entries: 256 (order: 2, 16384 bytes, linear)
[    0.432450] pinctrl core: initialized pinctrl subsystem
[    0.433353] PM: RTC time: 01:19:11, date: 2020-10-24
[    0.433977] NET: Registered protocol family 16
[    0.434752] audit: initializing netlink subsys (disabled)
[    0.435648] EISA bus registered
[    0.436146] cpuidle: using governor ladder
[    0.436732] cpuidle: using governor menu
[    0.437371] ACPI: bus type PCI registered
[    0.437859] acpiphp: ACPI Hot Plug PCI Controller Driver version: 0.5
[    0.439098] PCI: Using configuration type 1 for base access
[    0.441881] audit: type=2000 audit(1603502351.415:1): state=initialized audit_enabled=0 res=1
[    0.443746] HugeTLB registered 1.00 GiB page size, pre-allocated 0 pages
[    0.444840] HugeTLB registered 2.00 MiB page size, pre-allocated 0 pages
[    0.446685] ACPI: Added _OSI(Module Device)
[    0.447296] ACPI: Added _OSI(Processor Device)
[    0.447960] ACPI: Added _OSI(3.0 _SCP Extensions)
[    0.448645] ACPI: Added _OSI(Processor Aggregator Device)
[    0.449429] ACPI: Added _OSI(Linux-Dell-Video)
[    0.449891] ACPI: Added _OSI(Linux-Lenovo-NV-HDMI-Audio)
[    0.450822] ACPI: Added _OSI(Linux-HPI-Hybrid-Graphics)
[    0.454022] ACPI: 3 ACPI AML tables successfully acquired and loaded
[    0.456082] ACPI: Interpreter enabled
[    0.456827] ACPI: (supports S0 S3 S4 S5)
[    0.457503] ACPI: Using IOAPIC for interrupt routing
[    0.457886] PCI: Using host bridge windows from ACPI; if necessary, use "pci=nocrs" and report a bug
[    0.462097] ACPI: Enabled 16 GPEs in block 00 to 0F
[    0.465871] ACPI: PCI Root Bridge [PCI0] (domain 0000 [bus 00-ff])
[    0.466944] acpi PNP0A03:00: _OSC: OS supports [ASPM ClockPM Segments MSI HPX-Type3]
[    0.468244] acpi PNP0A03:00: fail to add MMCONFIG information, can't access extended PCI configuration space under this bridge.
[    0.470600] PCI host bridge to bus 0000:00
[    0.471286] pci_bus 0000:00: root bus resource [io  0x0000-0x0cf7 window]
[    0.472239] pci_bus 0000:00: root bus resource [io  0x0d00-0xffff window]
[    0.473171] pci_bus 0000:00: root bus resource [mem 0x000a0000-0x000bffff window]
[    0.473858] pci_bus 0000:00: root bus resource [mem 0xc0000000-0xfebfefff window]
[    0.474938] pci_bus 0000:00: root bus resource [bus 00-ff]
[    0.475721] pci 0000:00:00.0: [8086:1237] type 00 class 0x060000
[    0.479772] pci 0000:00:01.0: [8086:7110] type 00 class 0x060100
[    0.502159] pci 0000:00:01.3: [8086:7113] type 00 class 0x068000
[    0.521915] pci 0000:00:01.3: quirk: [io  0xb000-0xb03f] claimed by PIIX4 ACPI
[    0.524011] pci 0000:00:03.0: [1af4:1004] type 00 class 0x000000
[    0.533869] pci 0000:00:03.0: reg 0x10: [io  0xc040-0xc07f]
[    0.540032] pci 0000:00:03.0: reg 0x14: [mem 0xc0000000-0xc000007f]
[    0.555635] pci 0000:00:04.0: [1af4:1000] type 00 class 0x020000
[    0.563909] pci 0000:00:04.0: reg 0x10: [io  0xc000-0xc03f]
[    0.568841] pci 0000:00:04.0: reg 0x14: [mem 0xc0002000-0xc000203f]
[    0.583522] pci 0000:00:05.0: [1af4:1005] type 00 class 0x00ff00
[    0.590977] pci 0000:00:05.0: reg 0x10: [io  0xc080-0xc09f]
[    0.597096] pci 0000:00:05.0: reg 0x14: [mem 0xc0001000-0xc000103f]
[    0.622105] ACPI: PCI Interrupt Link [LNKA] (IRQs 5 *10 11)
[    0.624838] ACPI: PCI Interrupt Link [LNKB] (IRQs 5 *10 11)
[    0.627377] ACPI: PCI Interrupt Link [LNKC] (IRQs 5 10 *11)
[    0.629978] ACPI: PCI Interrupt Link [LNKD] (IRQs 5 10 *11)
[    0.632630] ACPI: PCI Interrupt Link [LNKS] (IRQs *9)
[    0.633977] iommu: Default domain type: Translated 
[    0.635781] SCSI subsystem initialized
[    0.636520] vgaarb: loaded
[    0.636973] ACPI: bus type USB registered
[    0.637591] usbcore: registered new interface driver usbfs
[    0.637868] usbcore: registered new interface driver hub
[    0.638788] usbcore: registered new device driver usb
[    0.640189] pps_core: LinuxPPS API ver. 1 registered
[    0.640988] pps_core: Software ver. 5.3.6 - Copyright 2005-2007 Rodolfo Giometti <giometti@linux.it>
[    0.641863] PTP clock support registered
[    0.642672] EDAC MC: Ver: 3.0.0
[    0.643428] Registered efivars operations
[    0.644126] PCI: Using ACPI for IRQ routing
[    0.646066] NetLabel: Initializing
[    0.646655] NetLabel:  domain hash size = 128
[    0.647369] NetLabel:  protocols = UNLABELED CIPSOv4 CALIPSO
[    0.648204] NetLabel:  unlabeled traffic allowed by default
[    0.649984] clocksource: Switched to clocksource kvm-clock
[    0.665429] VFS: Disk quotas dquot_6.6.0
[    0.666047] VFS: Dquot-cache hash table entries: 512 (order 0, 4096 bytes)
[    0.667183] AppArmor: AppArmor Filesystem Enabled
[    0.667894] pnp: PnP ACPI init
[    0.668996] pnp: PnP ACPI: found 7 devices
[    0.670629] thermal_sys: Registered thermal governor 'fair_share'
[    0.670630] thermal_sys: Registered thermal governor 'bang_bang'
[    0.671529] thermal_sys: Registered thermal governor 'step_wise'
[    0.672408] thermal_sys: Registered thermal governor 'user_space'
[    0.673685] thermal_sys: Registered thermal governor 'power_allocator'
[    0.679144] clocksource: acpi_pm: mask: 0xffffff max_cycles: 0xffffff, max_idle_ns: 2085701024 ns
[    0.681570] pci_bus 0000:00: resource 4 [io  0x0000-0x0cf7 window]
[    0.682545] pci_bus 0000:00: resource 5 [io  0x0d00-0xffff window]
[    0.683556] pci_bus 0000:00: resource 6 [mem 0x000a0000-0x000bffff window]
[    0.686963] pci_bus 0000:00: resource 7 [mem 0xc0000000-0xfebfefff window]
[    0.688541] NET: Registered protocol family 2
[    0.690657] tcp_listen_portaddr_hash hash table entries: 2048 (order: 3, 32768 bytes, linear)
[    0.692241] TCP established hash table entries: 32768 (order: 6, 262144 bytes, linear)
[    0.693751] TCP bind hash table entries: 32768 (order: 7, 524288 bytes, linear)
[    0.695253] TCP: Hash tables configured (established 32768 bind 32768)
[    0.697087] UDP hash table entries: 2048 (order: 4, 65536 bytes, linear)
[    0.698783] UDP-Lite hash table entries: 2048 (order: 4, 65536 bytes, linear)
[    0.701424] NET: Registered protocol family 1
[    0.702468] NET: Registered protocol family 44
[    0.704036] pci 0000:00:00.0: Limiting direct PCI/PCI transfers
[    0.705238] PCI: CLS 0 bytes, default 64
[    0.706814] Trying to unpack rootfs image as initramfs...
[    1.322631] Freeing initrd memory: 35624K
[    1.323677] PCI-DMA: Using software bounce buffering for IO (SWIOTLB)
[    1.325169] software IO TLB: mapped [mem 0xb6ff7000-0xbaff7000] (64MB)
[    1.326374] clocksource: tsc: mask: 0xffffffffffffffff max_cycles: 0x212735223b2, max_idle_ns: 440795277976 ns
[    1.328123] clocksource: Switched to clocksource tsc
[    1.328848] check: Scanning for low memory corruption every 60 seconds
[    1.330103] Initialise system trusted keyrings
[    1.330767] Key type blacklist registered
[    1.331388] workingset: timestamp_bits=36 max_order=20 bucket_order=0
[    1.333565] zbud: loaded
[    1.334327] squashfs: version 4.0 (2009/01/31) Phillip Lougher
[    1.335581] fuse: init (API version 7.31)
[    1.336407] Platform Keyring initialized
[    1.340386] Key type asymmetric registered
[    1.341399] Asymmetric key parser 'x509' registered
[    1.342372] Block layer SCSI generic (bsg) driver version 0.4 loaded (major 244)
[    1.343608] io scheduler mq-deadline registered
[    1.344472] shpchp: Standard Hot Plug PCI Controller Driver version: 0.4
[    1.345747] input: Power Button as /devices/LNXSYSTM:00/LNXPWRBN:00/input/input0
[    1.347095] ACPI: Power Button [PWRF]
[    1.347687] input: Sleep Button as /devices/LNXSYSTM:00/LNXSLPBN:00/input/input1
[    1.348956] ACPI: Sleep Button [SLPF]
[    1.352298] PCI Interrupt Link [LNKC] enabled at IRQ 11
[    1.353147] virtio-pci 0000:00:03.0: virtio_pci: leaving for legacy driver
[    1.357921] PCI Interrupt Link [LNKD] enabled at IRQ 10
[    1.358718] virtio-pci 0000:00:04.0: virtio_pci: leaving for legacy driver
[    1.363055] PCI Interrupt Link [LNKA] enabled at IRQ 10
[    1.363998] virtio-pci 0000:00:05.0: virtio_pci: leaving for legacy driver
[    1.367881] Serial: 8250/16550 driver, 32 ports, IRQ sharing enabled
[    1.390292] 00:03: ttyS0 at I/O 0x3f8 (irq = 4, base_baud = 115200) is a 16550A
[    1.414492] 00:04: ttyS1 at I/O 0x2f8 (irq = 3, base_baud = 115200) is a 16550A
[    1.437937] 00:05: ttyS2 at I/O 0x3e8 (irq = 6, base_baud = 115200) is a 16550A
[    1.461547] 00:06: ttyS3 at I/O 0x2e8 (irq = 7, base_baud = 115200) is a 16550A
[    1.464470] Linux agpgart interface v0.103
[    1.480096] tpm_tis MSFT0101:00: 2.0 TPM (device-id 0x9009, rev-id 0)
[    1.494179] loop: module loaded
[    1.506680] scsi host0: Virtio SCSI HBA
[    1.514187] scsi 0:0:1:0: Direct-Access     Google   PersistentDisk   1    PQ: 0 ANSI: 6
[    1.516547] libphy: Fixed MDIO Bus: probed
[    1.517683] tun: Universal TUN/TAP device driver, 1.6
[    1.518920] PPP generic driver version 2.4.2
[    1.520085] VFIO - User Level meta-driver version: 0.3
[    1.521485] ehci_hcd: USB 2.0 'Enhanced' Host Controller (EHCI) Driver
[    1.523154] ehci-pci: EHCI PCI platform driver
[    1.524343] ehci-platform: EHCI generic platform driver
[    1.525669] ohci_hcd: USB 1.1 'Open' Host Controller (OHCI) Driver
[    1.527072] ohci-pci: OHCI PCI platform driver
[    1.527956] ohci-platform: OHCI generic platform driver
[    1.529187] uhci_hcd: USB Universal Host Controller Interface driver
[    1.530941] i8042: PNP: PS/2 Controller [PNP0303:KBD,PNP0f13:MOU] at 0x60,0x64 irq 1,12
[    1.533268] i8042: Warning: Keylock active
[    1.535664] serio: i8042 KBD port at 0x60,0x64 irq 1
[    1.536999] serio: i8042 AUX port at 0x60,0x64 irq 12
[    1.538758] mousedev: PS/2 mouse device common for all mice
[    1.540311] rtc_cmos 00:00: RTC can wake from S4
[    1.542544] rtc_cmos 00:00: registered as rtc0
[    1.543530] rtc_cmos 00:00: alarms up to one day, 114 bytes nvram
[    1.545808] i2c /dev entries driver
[    1.547355] device-mapper: uevent: version 1.0.3
[    1.549057] device-mapper: ioctl: 4.41.0-ioctl (2019-09-16) initialised: dm-devel@redhat.com
[    1.551804] platform eisa.0: Probing EISA bus 0
[    1.552887] platform eisa.0: EISA: Cannot allocate resource for mainboard
[    1.554719] platform eisa.0: Cannot allocate resource for EISA slot 1
[    1.556297] platform eisa.0: Cannot allocate resource for EISA slot 2
[    1.558034] platform eisa.0: Cannot allocate resource for EISA slot 3
[    1.559478] platform eisa.0: Cannot allocate resource for EISA slot 4
[    1.560837] platform eisa.0: Cannot allocate resource for EISA slot 5
[    1.562463] platform eisa.0: Cannot allocate resource for EISA slot 6
[    1.563981] platform eisa.0: Cannot allocate resource for EISA slot 7
[    1.565608] platform eisa.0: Cannot allocate resource for EISA slot 8
[    1.567309] platform eisa.0: EISA: Detected 0 cards
[    1.568691] intel_pstate: CPU model not supported
[    1.570105] ledtrig-cpu: registered to indicate activity on CPUs
[    1.571632] EFI Variables Facility v0.08 2004-May-17
[    1.577254] drop_monitor: Initializing network drop monitor service
[    1.580489] NET: Registered protocol family 10
[    1.587824] scsi 0:0:1:0: Attached scsi generic sg0 type 0
[    1.590322] sd 0:0:1:0: [sda] 20971520 512-byte logical blocks: (10.7 GB/10.0 GiB)
[    1.592372] sd 0:0:1:0: [sda] 4096-byte physical blocks
[    1.594768] sd 0:0:1:0: [sda] Write Protect is off
[    1.596695] Segment Routing with IPv6
[    1.597650] NET: Registered protocol family 17
[    1.598812] sd 0:0:1:0: [sda] Write cache: enabled, read cache: enabled, doesn't support DPO or FUA
[    1.601317] Key type dns_resolver registered
[    1.602600] RAS: Correctable Errors collector initialized.
[    1.604874] IPI shorthand broadcast: enabled
[    1.606403] sched_clock: Marking stable (1450195134, 156148162)->(1605419792, 923504)
[    1.608846] registered taskstats version 1
[    1.610016] Loading compiled-in X.509 certificates
[    1.611917] Loaded X.509 cert 'Build time autogenerated kernel key: 954c5aaf9a5f3e9318effb99eb295b60a4b3bd45'
[    1.614035] zswap: loaded using pool lzo/zbud
[    1.615112] Key type ._fscrypt registered
[    1.616190] Key type .fscrypt registered
[    1.620507] Key type big_key registered
[    1.621845] Key type trusted registered
[    1.624651] Key type encrypted registered
[    1.625719] AppArmor: AppArmor sha1 policy hashing enabled
[    1.627649] integrity: Loading X.509 certificate: UEFI:db
[    1.629155] integrity: Loaded X.509 cert 'Microsoft Corporation UEFI CA 2011: 13adbf4309bd82709c8cd54f316ed522988a1bd4'
[    1.631811] integrity: Loading X.509 certificate: UEFI:db
[    1.633219] integrity: Loaded X.509 cert 'Microsoft Windows Production PCA 2011: a92902398e16c49778cd90f99e4f9ae17c55af53'
[    1.636138] integrity: Loading X.509 certificate: UEFI:MokListRT
[    1.637926] integrity: Loaded X.509 cert 'SomeOrg: shim: a01ee84e9b37ace407961cc468c5909447878469'
[    1.640014] integrity: Loading X.509 certificate: UEFI:MokListRT
[    1.641753] integrity: Loaded X.509 cert 'Canonical Ltd. Master Certificate Authority: ad91990bc22ab1f517048c23b6655a268e345a63'
[    1.645381] ima: Allocated hash algorithm: sha1
[    1.677963] ima: No architecture policies found
[    1.679356] evm: Initialising EVM extended attributes:
[    1.680748] evm: security.selinux
[    1.681713] evm: security.SMACK64
[    1.682587] evm: security.SMACK64EXEC
[    1.683590] evm: security.SMACK64TRANSMUTE
[    1.684886] evm: security.SMACK64MMAP
[    1.685972] evm: security.apparmor
[    1.686983] evm: security.ima
[    1.687799] evm: security.capability
[    1.688971] evm: HMAC attrs: 0x1
[    1.690338] PM:   Magic number: 8:203:307
[    1.691444]  sda: sda1 sda14 sda15
[    1.692942] tty tty36: hash matches
[    1.694166] rtc_cmos 00:00: setting system clock to 2020-10-24T01:19:12 UTC (1603502352)
[    1.698797] sd 0:0:1:0: [sda] Attached SCSI disk
[    1.700948] Freeing unused decrypted memory: 2040K
[    1.702557] Freeing unused kernel image memory: 2672K
[    1.704056] Write protecting the kernel read-only data: 22528k
[    1.705803] Freeing unused kernel image memory: 2008K
[    1.707116] Freeing unused kernel image memory: 1292K
[    1.716819] x86/mm: Checked W+X mappings: passed, no W+X pages found.
[    1.719169] x86/mm: Checking user space page tables
[    1.728452] x86/mm: Checked W+X mappings: passed, no W+X pages found.
[    1.730661] Run /init as init process
Loading, please wait...
[    1.742149] input: AT Translated Set 2 keyboard as /devices/platform/i8042/serio0/input/input2
starting version 237
[    1.834851] piix4_smbus 0000:00:01.3: SMBus base address uninitialized - upgrade BIOS or use force_addr=0xaddr
[    1.870248] cryptd: max_cpu_qlen set to 1000
[    1.892158] AVX2 version of gcm_enc/dec engaged.
[    1.893806] AES CTR mode by8 optimization enabled
[    1.934815] virtio_net virtio1 ens4: renamed from eth0
[    2.705006] input: ImExPS/2 Generic Explorer Mouse as /devices/platform/i8042/serio1/input/input4
Begin: Loading essential drivers ... [    3.345866] raid6: avx2x4   gen() 24847 MB/s
[    3.393864] raid6: avx2x4   xor() 15338 MB/s
[    3.441868] raid6: avx2x2   gen() 21926 MB/s
[    3.489863] raid6: avx2x2   xor() 14501 MB/s
[    3.537866] raid6: avx2x1   gen() 16967 MB/s
[    3.585866] raid6: avx2x1   xor() 13221 MB/s
[    3.633871] raid6: sse2x4   gen() 10261 MB/s
[    3.681866] raid6: sse2x4   xor()  6482 MB/s
[    3.729885] raid6: sse2x2   gen()  9233 MB/s
[    3.777865] raid6: sse2x2   xor()  6248 MB/s
[    3.825870] raid6: sse2x1   gen()  8143 MB/s
[    3.873863] raid6: sse2x1   xor()  4737 MB/s
[    3.874628] raid6: using algorithm avx2x4 gen() 24847 MB/s
[    3.875381] raid6: .... xor() 15338 MB/s, rmw enabled
[    3.876296] raid6: using avx2x2 recovery algorithm
[    3.879491] xor: automatically using best checksumming function   avx       
[    3.882701] async_tx: api initialized (async)
done.
Begin: Running /scripts/init-premount ... done.
Begin: Mounting root file system ... Begin: Running /scripts/local-top ... done.
Begin: Running /scripts/local-premount ... [    3.937893] Btrfs loaded, crc32c=crc32c-intel
Scanning for Btrfs filesystems
done.
Warning: fsck not present, so skipping root file system
[    4.087755] EXT4-fs (sda1): mounted filesystem with ordered data mode. Opts: (null)
done.
Begin: Running /scripts/local-bottom ... done.
Begin: Running /scripts/init-bottom ... done.
[    5.816645] systemd[1]: systemd 237 running in system mode. (+PAM +AUDIT +SELINUX +IMA +APPARMOR +SMACK +SYSVINIT +UTMP +LIBCRYPTSETUP +GCRYPT +GNUTLS +ACL +XZ +LZ4 +SECCOMP +BLKID +ELFUTILS +KMOD -IDN2 +IDN -PCRE2 default-hierarchy=hybrid)
[    5.820671] systemd[1]: Detected virtualization kvm.
[    5.821424] systemd[1]: Detected architecture x86-64.

Welcome to [1mUbuntu 18.04.5 LTS[0m!

[    5.856808] systemd[1]: Set hostname to <instance-1>.
[    6.735130] systemd[1]: Reached target System Time Synchronized.
[[0;32m  OK  [0m] Reached target System Time Synchronized.
[    6.746497] systemd[1]: Created slice User and Session Slice.
[[0;32m  OK  [0m] Created slice User and Session Slice.
[    6.758400] systemd[1]: Created slice System Slice.
[[0;32m  OK  [0m] Created slice System Slice.
[    6.770146] systemd[1]: Listening on LVM2 poll daemon socket.
[[0;32m  OK  [0m] Listening on LVM2 poll daemon socket.
[    6.782141] systemd[1]: Listening on LVM2 metadata daemon socket.
[[0;32m  OK  [0m] Listening on LVM2 metadata daemon socket.
[    6.794205] systemd[1]: Listening on Journal Audit Socket.
[[0;32m  OK  [0m] Listening on Journal Audit Socket.
[[0;32m  OK  [0m] Listening on Network Service Netlink Socket.
[[0;32m  OK  [0m] Listening on udev Control Socket.
[[0;32m  OK  [0m] Listening on Journal Socket.
         Mounting POSIX Message Queue File System...
         Mounting Huge Pages File System...
         Mounting Kernel Debug File System...
         Starting Create list of required stâ€¦ce nodes for the current kernel...
         Starting Load Kernel Modules...
[[0;32m  OK  [0m] Listening on Device-mapper event daemon FIFOs.
         Starting Monitoring of LVM2 mirrorsâ€¦ng dmeventd or progress polling...
[[0;32m  OK  [0m] Reached target User and Group Name Lookups.
[[0;32m  OK  [0m] Created slice system-serial\x2dgetty.slice.
[[0;32m  OK  [0m] Started Forward Password Requests to Wall Directory Watch.
[[0;32m  OK  [0m] Reached target Swap.
[[0;32m  OK  [0m] Listening on udev Kernel Socket.
[    6.937254] Loading iSCSI transport class v2.0-870.
         Starting udev Coldplug all Devices...
[[0;32m  OK  [0m] Listening on /dev/initctl Compatibility Named Pipe.
[[0;32m  OK  [0m] Listening on Journal Socket (/dev/log).
         Starting Uncomplicated firewall...
         Starting Set the console keyboard layout...
         Starting Remount Root and Kernel File Systems...
[[0;32m  OK  [0m] Set up automount Arbitrary Executabâ€¦rmats File System Automount Point.
[    7.015175] EXT4-fs (sda1): re-mounted. Opts: (null)
[[0;32m  OK  [0m] Reached targe[    7.018585] iscsi: registered transport (tcp)
t Slices.
[[0;32m  OK  [0m] Listening on Syslog Socket.
         Starting Journal Service...
[[0;32m  OK  [0m] Mounted POSIX Message Queue File System.
[[0;32m  OK  [0m] Mounted Huge Pages File System.
[[0;32m  OK  [0m] Mounted Kernel Debug File System.
[[0;32m  OK  [0m] Started Create list of required staâ€¦vice nodes for the current kernel.
[[0;32m  OK  [0m] Started Uncomplicated firewall.
[[0;32m  OK  [0m] Started Remount Root and Kernel File Systems.
[[0;32m  OK  [0m] Started LVM2 metadata daemon.
         Starting Load/Save Random Seed...
         Starting Create Static Device Nodes in /dev...
[[0;32m  OK  [0m] Started Load/Save Random Seed.
[[0;32m  OK  [0m] Started Create Static Device Nodes in /dev.
[[0;32m  OK  [0m] Started Monitoring of LVM2 mirrors,â€¦sing dmeventd or progress polling.
         Starting udev Kernel Device Manager...
[    7.204775] iscsi: registered transport (iser)
[[0;32m  OK  [0m] Started Journal Service.
[[0;32m  OK  [0m] Started Load Kernel Modules.
         Mounting FUSE Control File System...
         Mounting Kernel Configuration File System...
         Starting Apply Kernel Variables...
         Starting Flush Journal to Persistent Storage...
[[0;32m  OK  [0m] Started udev Coldplug all Devices.
[[0;32m  OK  [0m] Started Set the console keyboard layout.
[[0;32m  OK  [0m] Mounted FUSE Control File System.
[[0;32m  OK  [0m] Mounted Kernel Configuration File System.
[[0;32m  OK  [0m] Reached target Local File Systems (Pre).
         Mounting Mount unit for snapd, revision 9607...
         Mounting Mount unit for core18, revision 1885...
         Mounting Mount unit for google-cloud-sdk, revision 155...
[[0;32m  OK  [0m] Started Apply Kernel Variables.
[[0;32m  OK  [0m] Mounted Mount unit for core18, revision 1885.
[[0;32m  OK  [0m] Mounted Mount unit for snapd, revision 9607.
[[0;32m  OK  [0m] Mounted Mount unit for google-cloud-sdk, revision 155.
[[0;32m  OK  [0m] Started udev Kernel Device Manager.
[[0;32m  OK  [0m] Started Dispatch Password Requests to Console Directory Watch.
[[0;32m  OK  [0m] Reached target Local Encrypted Volumes.
[[0;32m  OK  [0m] Started Flush Journal to Persistent Storage.
[[0;32m  OK  [0m] Found device /dev/ttyS0.
[[0;32m  OK  [0m] Listening on Load/Save RF Kill Switch Status /dev/rfkill Watch.
[[0;32m  OK  [0m] Found device PersistentDisk UEFI.
         Mounting /boot/efi...
[[0;32m  OK  [0m] Mounted /boot/efi.
[[0;32m  OK  [0m] Reached target Local File Systems.
         Starting Create Volatile Files and Directories...
         Starting Set console font and keymap...
         Starting ebtables ruleset management...
         Starting AppArmor initialization...
         Starting Tell Plymouth To Write Out Runtime Data...
[[0;32m  OK  [0m] Started Set console font and keymap.
[[0;32m  OK  [0m] Started Tell Plymouth To Write Out Runtime Data.
[[0;32m  OK  [0m] Started ebtables ruleset management.
[[0;32m  OK  [0m] Started Create Volatile Files and Directories.
         Starting Update UTMP about System Boot/Shutdown...
[[0;32m  OK  [0m] Started Update UTMP about System Boot/Shutdown.
[[0;32m  OK  [0m] Started AppArmor initialization.
         Starting Load AppArmor profiles managed internally by snapd...
         Starting Initial cloud-init job (pre-networking)...
[[0;32m  OK  [0m] Started Load AppArmor profiles managed internally by snapd.
[   14.410641] cloud-init[660]: Cloud-init v. 20.3-2-g371b392c-0ubuntu1~18.04.1 running 'init-local' at Sat, 24 Oct 2020 01:19:24 +0000. Up 13.97 seconds.
[[0;32m  OK  [0m] Started Initial cloud-init job (pre-networking).
[[0;32m  OK  [0m] Reached target Network (Pre).
         Starting Network Service...
[[0;32m  OK  [0m] Started Network Service.
         Starting Network Name Resolution...
         Starting Wait for Network to be Configured...
[[0;32m  OK  [0m] Started Network Name Resolution.
[[0;32m  OK  [0m] Reached target Host and Network Name Lookups.
[[0;32m  OK  [0m] Reached target Network.
[[0;32m  OK  [0m] Started Wait for Network to be Configured.
         Starting Initial cloud-init job (metadata service crawler)...
[   17.953276] cloud-init[787]: Cloud-init v. 20.3-2-g371b392c-0ubuntu1~18.04.1 running 'init' at Sat, 24 Oct 2020 01:19:28 +0000. Up 17.35 seconds.
[   17.977965] cloud-init[787]: ci-info: ++++++++++++++++++++++++++++++++++++++Net device info+++++++++++++++++++++++++++++++++++++++
[   17.997985] cloud-init[787]: ci-info: +--------+------+---------------------------+-----------------+--------+-------------------+
[   18.017928] cloud-init[787]: ci-info: | Device |  Up  |          Address          |       Mask      | Scope  |     Hw-Address    |
[   18.038023] cloud-init[787]: ci-info: +--------+------+---------------------------+-----------------+--------+-------------------+
[   18.057990] cloud-init[787]: ci-info: |  ens4  | True |        10.128.0.38        | 255.255.255.255 | global | 42:01:0a:80:00:26 |
[   18.078027] cloud-init[787]: ci-info: |  ens4  | True | fe80::4001:aff:fe80:26/64 |        .        |  link  | 42:01:0a:80:00:26 |
[   18.098031] cloud-init[787]: ci-info: |   lo   | True |         127.0.0.1         |    255.0.0.0    |  host  |         .         |
[   18.117971] cloud-init[787]: ci-info: |   lo   | True |          ::1/128          |        .        |  host  |         .         |
[   18.137985] cloud-init[787]: ci-info: +--------+------+---------------------------+-----------------+--------+-------------------+
[   18.157979] cloud-init[787]: ci-info: +++++++++++++++++++++++++++++Route IPv4 info++++++++++++++++++++++++++++++
[   18.178026] cloud-init[787]: ci-info: +-------+-------------+------------+-----------------+-----------+-------+
[   18.197933] cloud-init[787]: ci-info: | Route | Destination |  Gateway   |     Genmask     | Interface | Flags |
[   18.217992] cloud-init[787]: ci-info: +-------+-------------+------------+-----------------+-----------+-------+
[   18.237992] cloud-init[787]: ci-info: |   0   |   0.0.0.0   | 10.128.0.1 |     0.0.0.0     |    ens4   |   UG  |
[   18.257976] cloud-init[787]: ci-info: |   1   |  10.128.0.1 |  0.0.0.0   | 255.255.255.255 |    ens4   |   UH  |
[   18.277996] cloud-init[787]: ci-info: +-------+-------------+------------+-----------------+-----------+-------+
[   18.297973] cloud-init[787]: ci-info: +++++++++++++++++++Route IPv6 info+++++++++++++++++++
[   18.317987] cloud-init[787]: ci-info: +-------+-------------+---------+-----------+-------+
[   18.338019] cloud-init[787]: ci-info: | Route | Destination | Gateway | Interface | Flags |
[   18.358030] cloud-init[787]: ci-info: +-------+-------------+---------+-----------+-------+
[   18.377938] cloud-init[787]: ci-info: |   1   |  fe80::/64  |    ::   |    ens4   |   U   |
[   18.398019] cloud-init[787]: ci-info: |   3   |    local    |    ::   |    ens4   |   U   |
[   18.418038] cloud-init[787]: ci-info: |   4   |   ff00::/8  |    ::   |    ens4   |   U   |
[   18.437983] cloud-init[787]: ci-info: +-------+-------------+---------+-----------+-------+
[   19.218011] cloud-init[787]: Generating public/private rsa key pair.
[   19.234027] cloud-init[787]: Your identification has been saved in /etc/ssh/ssh_host_rsa_key.
[   19.254007] cloud-init[787]: Your public key has been saved in /etc/ssh/ssh_host_rsa_key.pub.
[   19.273967] cloud-init[787]: The key fingerprint is:
[   19.289966] cloud-init[787]: SHA256:BB+xuVVAMKk/3VHJQ0QX7HzTT8FlLl2MuRrykOziFn0 root@master
[[0;32m  OK  [0m] Started Initial cloud-init job (metadata service crawler).
[[0;32m  OK  [0m] Reached target System Initialization.
[   19.316123] cloud-init[787]: The key's randomart image is:
[[0;32m  OK  [0m] Started ACPI Events Check.
[[0;32m  OK  [0m] Listening on Open-iSCSI iscsid Socket.
[[0;32m  OK  [0m] Reached target Paths.
[[0;32m  OK  [0m] Listening on UUID daemon activation socket.
[[0;32m  OK  [0m] Started Daily Cleanup of Temporary Directories.
[   19.365137] cloud-init[787]: +---[RSA 2048]----+
[   19.453972] cloud-init[787]: |      . ==o..=**B|
[   19.470023] cloud-init[787]: |       o.= .  BOo|
[   19.485993] cloud-init[787]: |       .=... .+o=|
         Starting LXD - unix socket.
[[0;32m  OK  [0m] Listening on ACPID Listen Socket.
         Starting Socket activation for snappy daemon.
[   19.508655] cloud-init[787]: |      .. o= o .=+|
[[0;32m  OK  [0m] Started Daily apt download activities.
[[0;32m  OK  [0m] Started Message of the Day.
[[0;32m  OK  [0m] Listening on D-Bus System Message Bus Socket.
[[0;32m  OK  [0m] Started Discard unused blocks once a week.
[   19.573185] cloud-init[787]: |       .S+ = + .+|
[   19.645982] cloud-init[787]: |        = + E   .|
[   19.662004] cloud-init[787]: |       . + .     |
[[0;32m  OK  [0m] Started Daily apt upgrade and clean activities.
[[0;32m  OK  [0m] Reached target Timers.
[[0;32m  OK  [0m] Reached target Network is Online.
[   19.679374] cloud-init[787]: |        o        |
[   19.731737] cloud-init[787]: |       .         |
         Starting Availability of block devices...
[[0;32m  OK  [0m] Reached target Remote File Systems (Pre).
[[0;32m  OK  [0m] Reached target Remote File Systems.
[[0;32m  OK  [0m] Reached target Cloud-config availability.
[[0;32m  OK  [0m] Listening on LXD - unix socket.
[[0;32m  OK  [0m] Listening on Socket activation for snappy daemon.
[   19.749199] cloud-init[787]: +----[SHA256]-----+
[   19.858018] cloud-init[787]: Generating public/private dsa key pair.
[[0;32m  OK  [0m] Started Availability of block devices.
[[0;32m  OK  [0m] Reached target Sockets.
[[0;32m  OK  [0m] Reached target Basic System.
[   19.877403] cloud-init[787]: Your identification has been saved in /etc/ssh/ssh_host_dsa_key.
         Starting chrony, an NTP client/server...
[   19.941133] cloud-init[787]: Your public key has been saved in /etc/ssh/ssh_host_dsa_key.pub.
[   19.974004] cloud-init[787]: The key fingerprint is:
[   19.989998] cloud-init[787]: SHA256:HfjrIYZWMcXJy7uLaaGh3Pcwps/dw/xFpY9bQtNOaRA root@master
         Starting Dispatcher daemon for systemd-networkd...
[   20.013145] cloud-init[787]: The key's randomart image is:
         Starting SSHGuard...
[   20.049287] cloud-init[787]: +---[DSA 1024]----+
[[0;32m  OK  [0m] Started FUSE filesystem for LXC.
[[0;32m  OK  [0m] Started Deferred execution scheduler.
[[0;32m  OK  [0m] Started D-Bus System Message Bus.
[   20.081289] cloud-init[787]: |         o.. E   |
[   20.141974] cloud-init[787]: |         o+   .  |
[   20.158007] cloud-init[787]: |        +... .  .|
[   20.174630] cloud-init[787]: |         =o.  .oo|
[   20.189959] cloud-init[787]: |        S o.  +o+|
[   20.205994] cloud-init[787]: |      .o. .. ..B |
[   20.222036] cloud-init[787]: |   . ooo*.o+  o =|
[   20.237955] cloud-init[787]: |    o.o=oO.o+  = |
[   20.253986] cloud-init[787]: |      .+=.=..oo  |
[   20.269959] cloud-init[787]: +----[SHA256]-----+
[   20.286029] cloud-init[787]: Generating public/private ecdsa key pair.
[   20.301944] cloud-init[787]: Your identification has been saved in /etc/ssh/ssh_host_ecdsa_key.
[   20.321941] cloud-init[787]: Your public key has been saved in /etc/ssh/ssh_host_ecdsa_key.pub.
         Starting Permit User Sessions...
         Starting Accounts Service...
         Starting LXD - container startup/shutdown...
         Starting System Logging Service...
[   20.345098] cloud-init[787]: The key fingerprint is:
         Starting Snap Daemon...
         Starting LSB: automatic crash report generation...
[   20.421261] cloud-init[787]: SHA256:QvB9iMu6IkQYD+KbobvTCpTeKQV+jNVLfTOG1GMELPo root@master
[[0;32m  OK  [0m] Started Regular background program processing daemon.
         Starting LSB: Record successful boot for GRUB...
         Starting Login Service...
[[0;32m  OK  [0m] Started Dispatcher daemon for systemd-networkd.
[[0;32m  OK  [0m] Started SSHGuard.
[[0;32m  OK  [0m] Started Permit User Sessions.
[[0;32m  OK  [0m] Started chrony, an NTP client/server.
[   20.463404] cloud-init[787]: The key's randomart image is:
[[0;32m  OK  [0m] Started System Logging Service.
[   20.593705] cloud-init[787]: +---[ECDSA 256]---+
[[0;32m  OK  [0m] Started Login Service.
[[0;32m  OK  [0m] Started Unattended Upgrades Shutdown.
         Starting Authorization Manager...
         Starting Google Compute Engine Instance Setup...
         Starting Hostname Service...
         Starting Hold until boot process finishes up...
         Starting Terminate Plymouth Boot Screen...
[[0;32m  OK  [0m] Started LSB: automatic crash report generation.
[[0;32m  OK  [0m] Started LSB: Record successful boot for GRUB.
[[0;32m  OK  [0m] Started Hold until boot process finishes up.
[[0;32m  OK  [0m] Started Terminate Plymouth Boot Screen.
[[0;32m  OK  [0m] Started Authorization Manager.
[[0;32m  OK  [0m] Started Accounts Service.
[[0;32m  OK  [0m] Started Hostname Service.
         Starting Set console scheme...
[[0;32m  OK  [0m] Started Serial Getty on ttyS0.
[[0;32m  OK  [0m] Started Set console scheme.
[[0;32m  OK  [0m] Created slice system-getty.slice.
[[0;32m  OK  [0m] Started Getty on tty1.
[[0;32m  OK  [0m] Reached target Login Prompts.
[   20.619797] cloud-init[787]: |    . .o+.       |
[   20.937994] cloud-init[787]: |+   .+o+.=       |
[   20.944157] cloud-init[787]: |+= ..o=o+=o      |
[   20.957950] cloud-init[787]: |o+B..o..o.o      |
[   20.973967] cloud-init[787]: |o=++..+ S        |
Oct 24 01:19:31 master systemd-modules-load[394]: Inserted module 'iscsi_tcp'
Oct 24 01:19:31 master systemd-modules-load[394]: Inserted module 'ib_iser'
Oct 24 01:19:31 master systemd[1]: Started Load Kernel Modules.
Oct 24 01:19:31 master systemd[1]: Mounting FUSE Control File System...
Oct 24 01:19:31 master systemd[1]: Mounting Kernel Configuration File System...
Oct 24 01:19:31 master systemd[1]: Starting Apply Kernel Variables...
Oct 24 01:19:31 master systemd[1]: Starting Flush Journal to Persistent Storage...
Oct 24 01:19:31 master systemd[1]: Started udev Coldplug all Devices.
Oct 24 01:19:31 master systemd[1]: Started Set the console keyboard layout.
Oct 24 01:19:31 master systemd[1]: Mounted FUSE Control File System.
Oct 24 01:19:31 master systemd[1]: Mounted Kernel Configuration File System.
Oct 24 01:19:31 master systemd[1]: Reached target Local File Systems (Pre).
Oct 24 01:19:31 master systemd[1]: Mounting Mount unit for snapd, revision 9607...
Oct 24 01:19:31 master systemd[1]: Mounting Mount unit for core18, revision 1885...
Oct 24 01:19:31 master systemd[1]: Mounting Mount unit for google-cloud-sdk, revision 155...
Oct 24 01:19:31 master systemd[1]: Started Apply Kernel Variables.
Oct 24 01:19:31 master systemd[1]: Mounted Mount unit for core18, revision 1885.
Oct 24 01:19:31 master systemd[1]: Mounted Mount unit for snapd, revision 9607.
Oct 24 01:19:31 master systemd[1]: Mounted Mount unit for google-cloud-sdk, revision 155.
Oct 24 01:19:31 master systemd[1]: Started udev Kernel Device Manager.
Oct 24 01:19:31 master systemd[1]: Started Dispatch Password Requests to Console Directory Watch.
Oct 24 01:19:31 master systemd[1]: Reached target Local Encrypted Volumes.
Oct 24 01:19:31 master systemd[1]: Started Flush Journal to Persistent Storage.
Oct 24 01:19:31 master systemd-udevd[431]: link_config: autonegotiation is unset or enabled, the speed and duplex are not writable.
Oct 24 01:19:31 master systemd[1]: Found device /dev/ttyS0.
Oct 24 01:19:31 master systemd[1]: Listening on Load/Save RF Kill Switch Status /dev/rfkill Watch.
Oct 24 01:19:31 master systemd-udevd[432]: link_config: autonegotiation is unset or enabled, the speed and duplex are not writable.
Oct 24 01:19:31 master systemd[1]: Found device PersistentDisk UEFI.
Oct 24 01:19:31 master systemd[1]: Mounting /boot/efi...
Oct 24 01:19:31 master systemd[1]: Mounted /boot/efi.
Oct 24 01:19:31 master systemd[1]: Reached target Local File Systems.
Oct 24 01:19:31 master systemd[1]: Starting Create Volatile Files and Directories...
Oct 24 01:19:31 master systemd[1]: Starting Set console font and keymap...
Oct 24 01:19:31 master systemd[1]: Starting ebtables ruleset management...
Oct 24 01:19:31 master systemd[1]: Starting AppArmor initialization...
Oct 24 01:19:31 master systemd[1]: Starting Tell Plymouth To Write Out Runtime Data...
Oct 24 01:19:31 master systemd[1]: Started Set console font and keymap.
Oct 24 01:19:31 master apparmor[537]:  * Starting AppArmor profiles
Oct 24 01:19:31 master systemd[1]: Started Tell Plymouth To Write Out Runtime Data.
Oct 24 01:19:31 master systemd[1]: Started ebtables ruleset management.
Oct 24 01:19:31 master systemd[1]: Started Create Volatile Files and Directories.
Oct 24 01:19:31 master systemd[1]: Starting Update UTMP about System Boot/Shutdown...
Oct 24 01:19:31 master systemd[1]: Started Update UTMP about System Boot/Shutdown.
Oct 24 01:19:31 master apparmor[537]: Skipping profile in /etc/apparmor.d/disable: usr.sbin.rsyslogd
Oct 24 01:19:31 master apparmor[537]:    ...done.
Oct 24 01:19:31 master systemd[1]: Started AppArmor initialization.
Oct 24 01:19:31 master systemd[1]: Starting Load AppArmor profiles managed internally by snapd...
Oct 24 01:19:31 master systemd[1]: Starting Initial cloud-init job (pre-networking)...
Oct 24 01:19:31 master systemd[1]: Started Load AppArmor profiles managed internally by snapd.
Oct 24 01:19:31 master cloud-init[660]: Cloud-init v. 20.3-2-g371b392c-0ubuntu1~18.04.1 running 'init-local' at Sat, 24 Oct 2020 01:19:24 +0000. Up 13.97 seconds.
Oct 24 01:19:31 master systemd[1]: Started Initial cloud-init job (pre-networking).
Oct 24 01:19:31 master systemd[1]: Reached target Network (Pre).
Oct 24 01:19:31 master systemd[1]: Starting Network Service...
Oct 24 01:19:31 master systemd-networkd[748]: Enumeration completed
Oct 24 01:19:31 master systemd[1]: Started Network Service.
Oct 24 01:19:31 master systemd-networkd[748]: ens4: IPv6 successfully enabled
Oct 24 01:19:31 master systemd-networkd[748]: lo: Link is not managed by us
Oct 24 01:19:31 master systemd-networkd[748]: ens4: Link UP
Oct 24 01:19:31 master systemd-networkd[748]: ens4: Gained carrier
Oct 24 01:19:31 master systemd-networkd[748]: ens4: DHCPv4 address 10.128.0.38/32 via 10.128.0.1
Oct 24 01:19:31 master systemd-networkd[748]: Not connected to system bus, not setting hostname.
Oct 24 01:19:31 master systemd[1]: Starting Network Name Resolution...
Oct 24 01:19:31 master systemd[1]: Starting Wait for Network to be Configured...
Oct 24 01:19:31 master systemd-networkd-wait-online[775]: ignoring: lo
Oct 24 01:19:31 master systemd-resolved[774]: Positive Trust Anchors:
Oct 24 01:19:31 master systemd-resolved[774]: . IN DS 19036 8 2 49aac11d7b6f6446702e54a1607371607a1a41855200fd2ce1cdde32f24e8fb5
Oct 24 01:19:31 master systemd-resolved[774]: . IN DS 20326 8 2 e06d44b80b8f1d39a95c0b0d7c65d08458e880409bbc683457104237c7f8ec8d
Oct 24 01:19:31 master systemd-resolved[774]: Negative trust anchors: 10.in-addr.arpa 16.172.in-addr.arpa 17.172.in-addr.arpa 18.172.in-addr.arpa 19.172.in-addr.arpa 20.172.in-addr.arpa 21.172.in-addr.arpa 22.172.in-addr.arpa 23.172.in-addr.arpa 24.172.in-addr.arpa 25.172.in-addr.arpa 26.172.in-addr.arpa 27.172.in-addr.arpa 28.172.in-addr.arpa 29.172.in-addr.arpa 30.172.in-addr.arpa 31.172.in-addr.arpa 168.192.in-addr.arpa d.f.ip6.arpa corp home internal intranet lan local private test
Oct 24 01:19:31 master systemd-resolved[774]: Using system hostname 'instance-1'.
Oct 24 01:19:31 master systemd[1]: Started Network Name Resolution.
Oct 24 01:19:31 master systemd[1]: Reached target Host and Network Name Lookups.
Oct 24 01:19:31 master systemd[1]: Reached target Network.
Oct 24 01:19:31 master systemd-networkd[748]: ens4: Gained IPv6LL
Oct 24 01:19:31 master systemd-networkd[748]: ens4: Configured
Oct 24 01:19:31 master systemd-networkd-wait-online[775]: ignoring: lo
Oct 24 01:19:31 master systemd-networkd-wait-online[775]: managing: ens4
Oct 24 01:19:31 master systemd[1]: Started Wait for Network to be Configured.
Oct 24 01:19:31 master systemd[1]: Starting Initial cloud-init job (metadata service crawler)...
Oct 24 01:19:31 master systemd-resolved[774]: Server returned error NXDOMAIN, mitigating potential DNS violation DVE-2018-0001, retrying transaction with reduced feature level UDP.
Oct 24 01:19:31 master systemd-resolved[774]: message repeated 5 times: [ Server returned error NXDOMAIN, mitigating potential DNS violation DVE-2018-0001, retrying transaction with reduced feature level UDP.]
Oct 24 01:19:31 master systemd-resolved[774]: System hostname changed to 'master'.
Oct 24 01:19:31 master cloud-init[787]: Cloud-init v. 20.3-2-g371b392c-0ubuntu1~18.04.1 running 'init' at Sat, 24 Oct 2020 01:19:28 +0000. Up 17.35 seconds.
Oct 24 01:19:31 master cloud-init[787]: ci-info: ++++++++++++++++++++++++++++++++++++++Net device info+++++++++++++++++++++++++++++++++++++++
Oct 24 01:19:31 master cloud-init[787]: ci-info: +--------+------+---------------------------+-----------------+--------+-------------------+
Oct 24 01:19:31 master cloud-init[787]: ci-info: | Device |  Up  |          Address          |       Mask      | Scope  |     Hw-Address    |
Oct 24 01:19:31 master cloud-init[787]: ci-info: +--------+------+---------------------------+-----------------+--------+-------------------+
Oct 24 01:19:31 master cloud-init[787]: ci-info: |  ens4  | True |        10.128.0.38        | 255.255.255.255 | global | 42:01:0a:80:00:26 |
Oct 24 01:19:31 master cloud-init[787]: ci-info: |  ens4  | True | fe80::4001:aff:fe80:26/64 |        .        |  link  | 42:01:0a:80:00:26 |
Oct 24 01:19:31 master cloud-init[787]: ci-inf[   20.990270] cloud-init[787]: |+++ .E .         |
[   21.672199] cloud-init[787]: |o= o.            |
[   21.672255] cloud-init[787]: |= +  .           |
[   21.672296] cloud-init[787]: |o= ..            |
[   21.672334] cloud-init[787]: +----[SHA256]-----+
[   21.672369] cloud-init[787]: Generating public/private ed25519 key pair.
[   21.672409] cloud-init[787]: Your identification has been saved in /etc/ssh/ssh_host_ed25519_key.
[   21.672445] cloud-init[787]: Your public key has been saved in /etc/ssh/ssh_host_ed25519_key.pub.
[   21.672484] cloud-init[787]: The key fingerprint is:
[   21.672520] cloud-init[787]: SHA256:d64RmSDYRJT0O0C+IblkqjNtlIHmOzPhrYxlMHM+0Fk root@master
[   21.672564] cloud-init[787]: The key's randomart image is:
[   21.672599] cloud-init[787]: +--[ED25519 256]--+
[   21.672636] cloud-init[787]: |     +*.         |
[   21.672670] cloud-init[787]: | .   B..         |
[   21.672707] cloud-init[787]: |... E * o        |
[   21.672744] cloud-init[787]: |o. O o = o o     |
[   21.672781] cloud-init[787]: |=oB . . S = .    |
[   21.672823] cloud-init[787]: |.@+      o +     |
[   21.672861] cloud-init[787]: |+*B.      . .    |
[   21.672898] cloud-init[787]: |o*=.       o     |
[   21.672934] cloud-init[787]: |.o        .      |
[   21.672969] cloud-init[787]: +----[SHA256]-----+
o: |   lo   | True |         127.0.0.1         |    255.0.0.0    |  host  |         .         |
Oct 24 01:19:31 master cloud-init[787]: ci-info: |   lo   | True |          ::1/128          |        .        |  host  |         .         |
Oct 24 01:19:31 master cloud-init[787]: ci-info: +--------+------+---------------------------+-----------------+--------+-------------------+
Oct 24 01:19:31 master cloud-init[787]: ci-info: +++++++++++++++++++++++++++++Route IPv4 info++++++++++++++++++++++++++++++
Oct 24 01:19:31 master cloud-init[787]: ci-info: +-------+-------------+------------+-----------------+-----------+-------+
Oct 24 01:19:31 master cloud-init[787]: ci-info: | Route | Destination |  Gateway   |     Genmask     | Interface | Flags |
Oct 24 01:19:31 master cloud-init[787]: ci-info: +-------+-------------+------------+-----------------+-----------+-------+
Oct 24 01:19:31 master cloud-init[787]: ci-info: |   0   |   0.0.0.0   | 10.128.0.1 |     0.0.0.0     |    ens4   |   UG  |
Oct 24 01:19:31 master cloud-init[787]: ci-info: |   1   |  10.128.0.1 |  0.0.0.0   | 255.255.255.255 |    ens4   |   UH  |
Oct 24 01:19:31 master cloud-init[787]: ci-info: +-------+-------------+------------+-----------------+-----------+-------+
Oct 24 01:19:31 master cloud-init[787]: ci-info: +++++++++++++++++++Route IPv6 info+++++++++++++++++++
Oct 24 01:19:31 master cloud-init[787]: ci-info: +-------+-------------+---------+-----------+-------+
Oct 24 01:19:31 master cloud-init[787]: ci-info: | Route | Destination | Gateway | Interface | Flags |
Oct 24 01:19:31 master cloud-init[787]: ci-info: +-------+-------------+---------+-----------+-------+
Oct 24 01:19:31 master cloud-init[787]: ci-info: |   1   |  fe80::/64  |    ::   |    ens4   |   U   |
Oct 24 01:19:31 master cloud-init[787]: ci-info: |   3   |    local    |    ::   |    ens4   |   U   |
Oct 24 01:19:31 master cloud-init[787]: ci-info: |   4   |   ff00::/8  |    ::   |    ens4   |   U   |
Oct 24 01:19:31 master cloud-init[787]: ci-info: +-------+-------------+---------+-----------+-------+
Oct 24 01:19:31 master kernel: [    0.000000] Linux version 5.4.0-1028-gcp (buildd@lcy01-amd64-018) (gcc version 7.5.0 (Ubuntu 7.5.0-3ubuntu1~18.04)) #29~18.04.1-Ubuntu SMP Mon Oct 5 16:41:43 UTC 2020 (Ubuntu 5.4.0-1028.29~18.04.1-gcp 5.4.65)
Oct 24 01:19:31 master kernel: [    0.000000] Command line: BOOT_IMAGE=/boot/vmlinuz-5.4.0-1028-gcp root=LABEL=cloudimg-rootfs ro console=ttyS0
Oct 24 01:19:31 master kernel: [    0.000000] KERNEL supported cpus:
Oct 24 01:19:31 master kernel: [    0.000000]   Intel GenuineIntel
Oct 24 01:19:31 master kernel: [    0.000000]   AMD AuthenticAMD
Oct 24 01:19:31 master kernel: [    0.000000]   Hygon HygonGenuine
Oct 24 01:19:31 master kernel: [    0.000000]   Centaur CentaurHauls
Oct 24 01:19:31 master kernel: [    0.000000]   zhaoxin   Shanghai  
Oct 24 01:19:31 master kernel: [    0.000000] x86/fpu: Supporting XSAVE feature 0x001: 'x87 floating point registers'
Oct 24 01:19:31 master kernel: [    0.000000] x86/fpu: Supporting XSAVE feature 0x002: 'SSE registers'
Oct 24 01:19:31 master kernel: [    0.000000] x86/fpu: Supporting XSAVE feature 0x004: 'AVX registers'
Oct 24 01:19:31 master kernel: [    0.000000] x86/fpu: xstate_offset[2]:  576, xstate_sizes[2]:  256
Oct 24 01:19:31 master kernel: [    0.000000] x86/fpu: Enabled xstate features 0x7, context size is 832 bytes, using 'standard' format.
Oct 24 01:19:31 master kernel: [    0.000000] BIOS-provided physical RAM map:
Oct 24 01:19:31 master kernel: [    0.000000] BIOS-e820: [mem 0x0000000000000000-0x0000000000000fff] reserved
Oct 24 01:19:31 master kernel: [    0.000000] BIOS-e820: [mem 0x0000000000001000-0x0000000000054fff] usable
Oct 24 01:19:31 master kernel: [    0.000000] BIOS-e820: [mem 0x0000000000055000-0x000000000005ffff] reserved
Oct 24 01:19:31 master kernel: [    0.000000] BIOS-e820: [mem 0x0000000000060000-0x0000000000097fff] usable
Oct 24 01:19:31 master kernel: [    0.000000] BIOS-e820: [mem 0x0000000000098000-0x000000000009ffff] reserved
Oct 24 01:19:31 master kernel: [    0.000000] [[0;32m  OK  [0m] Started LXD - container startup/shutdown.
[[0;32m  OK  [0m] Started Google Compute Engine Instance Setup.
[[0;32m  OK  [0m] Started Google Compute Engine Network Daemon.
BIOS-e820: [mem 0x0000000000100000-0x00000000bd956fff] usable
Oct 24 01:19:31 master kernel: [    0.000000] BIOS-e820: [mem 0x00000000bd957000-0x00000000bd959fff] ACPI data
Oct 24 01:19:31 master kernel: [    0.000000] BIOS-e820: [mem 0x00000000bd95a000-0x00000000bd95afff] ACPI NVS
Oct 24 01:19:31 master kernel: [    0.000000] BIOS-e820: [mem 0x00000000bd95b000-0x00000000bdadcfff] usable
Oct 24 01:19:31 master kernel: [    0.000000] BIOS-e820: [mem 0x00000000bdadd000-0x00000000bdae4fff] ACPI NVS
Oct 24 01:19:31 master kernel: [    0.000000] BIOS-e820: [mem 0x00000000bdae5000-0x00000000bdb1afff] reserved
Oct 24 01:19:31 master kernel: [    0.000000] BIOS-e820: [mem 0x00000000bdb1b000-0x00000000beb9afff] usable
Oct 24 01:19:31 master kernel: [    0.000000] BIOS-e820: [mem 0x00000000beb9b000-0x00000000bebf2fff] reserved
Oct 24 01:19:31 master kernel: [    0.000000] BIOS-e820: [mem 0x00000000bebf3000-0x00000000bebfafff] ACPI data
Oct 24 01:19:31 master kernel: [    0.000000] BIOS-e820: [mem 0x00000000bebfb000-0x00000000bebfefff] ACPI NVS
Oct 24 01:19:31 master kernel: [    0.000000] BIOS-e820: [mem 0x00000000bebff000-0x00000000bffdffff] usable
Oct 24 01:19:31 master kernel: [    0.000000] BIOS-e820: [mem 0x00000000bffe0000-0x00000000bfffffff] reserved
Oct 24 01:19:31 master kernel: [    0.000000] BIOS-e820: [mem 0x0000000100000000-0x000000012fffffff] usable
Oct 24 01:19:31 master kernel: [    0.000000] NX (Execute Disable) protection: active
Oct 24 01:19:31 master kernel: [    0.000000] efi: EFI v2.70 by EDK II
Oct 24 01:19:31 master kernel: [    0.000000] efi:  TPMFinalLog=0xbdadd000  ACPI=0xbebfa000  ACPI 2.0=0xbebfa014  SMBIOS=0xbebcd000  MEMATTR=0xbdefa218  TPMEventLog=0xbd177018 
Oct 24 01:19:31 master kernel: [    0.000000] secureboot: Secure boot disabled
Oct 24 01:19:31 master kernel: [    0.000000] SMBIOS 2.4 present.
Oct 24 01:19:31 master kernel: [    0.000000] DMI: Google Google Compute Engine/Google Compute Engine, BIOS Google 01/01/2011
Oct 24 01:19:31 master kernel: [    0.000000] Hypervisor detected: KVM
Oct 24 01:19:31 master kernel: [    0.000000] kvm-clock: Using msrs 4b564d01 and 4b564d00
Oct 24 01:19:31 master kernel: [    0.000000] kvm-clock: cpu 0, msr 5e601001, primary cpu clock
Oct 24 01:19:31 master kernel: [    0.000000] kvm-clock: using sched offset of 19491606395 cycles
Oct 24 01:19:31 master kernel: [    0.000003] clocksource: kvm-clock: mask: 0xffffffffffffffff max_cycles: 0x1cd42e4dffb, max_idle_ns: 881590591483 ns
Oct 24 01:19:31 master kernel: [    0.000005] tsc: Detected 2300.000 MHz processor
Oct 24 01:19:31 master kernel: [    0.000082] e820: update [mem 0x00000000-0x00000fff] usable ==> reserved
Oct 24 01:19:31 master kernel: [    0.000083] e820: remove [mem 0x000a0000-0x000fffff] usable
Oct 24 01:19:31 master kernel: [    0.000089] last_pfn = 0x130000 max_arch_pfn = 0x400000000
Oct 24 01:19:31 master kernel: [    0.000127] MTRR default type: write-back
Oct 24 01:19:31 master kernel: [    0.000127] MTRR fixed ranges enabled:
Oct 24 01:19:31 master kernel: [    0.000129]   00000-9FFFF write-back
Oct 24 01:19:31 master kernel: [    0.000130]   A0000-FFFFF uncachable
Oct 24 01:19:31 master kernel: [    0.000130] MTRR variable ranges enabled:
Oct 24 01:19:31 master kernel: [    0.000132]   0 base 0000C0000000 mask 3FFFC0000000 uncachable
Oct 24 01:19:31 master kernel: [    0.000132]   1 disabled
Oct 24 01:19:31 master kernel: [    0.000133]   2 disabled
Oct 24 01:19:31 master kernel: [    0.000133]   3 disabled
Oct 24 01:19:31 master kernel: [    0.000133]   4 disabled
Oct 24 01:19:31 master kernel: [    0.000134]   5 disabled
Oct 24 01:19:31 master kernel: [    0.000134]   6 disabled
Oct 24 01:19:31 master kernel: [    0.000135]   7 disabled
Oct 24 01:19:31 master kernel: [    0.000143] x86/PAT: Configuration [0-7]: WB  WC  UC- UC  WB  WP  UC- WT  
Oct 24 01:19:31 master kernel: [    0.000152] last_pfn = 0xbffe0 max_arch_pfn = 0x400000000
Oct 24 01:19:31 master kernel: [    0.015129] check: Scanning 1 areas for low memory corruption
Oct 24 01:19:31 master kernel: [    0.015174] Using GB pag[[0;32m  OK  [0m] Started Google Compute Engine Accounts Daemon.
[[0;32m  OK  [0m] Started Google Compute Engine Clock Skew Daemon.
         Starting OpenBSD Secure Shell server...
es for direct mapping
Oct 24 01:19:31 master kernel: [    0.016463] secureboot: Secure boot disabled
Oct 24 01:19:31 master kernel: [    0.016465] RAMDISK: [mem 0x3b1c7000-0x3d490fff]
Oct 24 01:19:31 master kernel: [    0.016481] ACPI: Early table checksum verification disabled
Oct 24 01:19:31 master kernel: [    0.016487] ACPI: RSDP 0x00000000BEBFA014 000024 (v02 Google)
Oct 24 01:19:31 master kernel: [    0.016491] ACPI: XSDT 0x00000000BEBF90E8 00005C (v01 Google GOOGFACP 00000001      01000013)
Oct 24 01:19:31 master kernel: [    0.016498] ACPI: FACP 0x00000000BEBF4000 0000F4 (v02 Google GOOGFACP 00000001 GOOG 00000001)
Oct 24 01:19:31 master kernel: [    0.016504] ACPI: DSDT 0x00000000BEBF5000 0018BA (v01 Google GOOGDSDT 00000001 GOOG 00000001)
Oct 24 01:19:31 master kernel: [    0.016509] ACPI: FACS 0x00000000BD95A000 000040
Oct 24 01:19:31 master kernel: [    0.016512] ACPI: SSDT 0x00000000BEBF8000 000316 (v02 GOOGLE Tpm2Tabl 00001000 INTL 20160527)
Oct 24 01:19:31 master kernel: [    0.016516] ACPI: TPM2 0x00000000BEBF7000 000034 (v04 GOOGLE          00000001 GOOG 00000001)
Oct 24 01:19:31 master kernel: [    0.016520] ACPI: SRAT 0x00000000BEBF3000 0000B8 (v03 Google GOOGSRAT 00000001 GOOG 00000001)
Oct 24 01:19:31 master kernel: [    0.016524] ACPI: APIC 0x00000000BD959000 00006E (v05 Google GOOGAPIC 00000001 GOOG 00000001)
Oct 24 01:19:31 master kernel: [    0.016527] ACPI: SSDT 0x00000000BD958000 00091F (v01 Google GOOGSSDT 00000001 GOOG 00000001)
Oct 24 01:19:31 master kernel: [    0.016531] ACPI: WAET 0x00000000BD957000 000028 (v01 Google GOOGWAET 00000001 GOOG 00000001)
Oct 24 01:19:31 master kernel: [    0.016541] ACPI: Local APIC address 0xfee00000
Oct 24 01:19:31 master kernel: [    0.016626] SRAT: PXM 0 -> APIC 0x00 -> Node 0
Oct 24 01:19:31 master kernel: [    0.016630] ACPI: SRAT: Node 0 PXM 0 [mem 0x00000000-0x0009ffff]
Oct 24 01:19:31 master kernel: [    0.016633] ACPI: SRAT: Node 0 PXM 0 [mem 0x00100000-0xbfffffff]
Oct 24 01:19:31 master kernel: [    0.016635] ACPI: SRAT: Node 0 PXM 0 [mem 0x100000000-0x12fffffff]
Oct 24 01:19:31 master kernel: [    0.016639] NUMA: Node 0 [mem 0x00000000-0x0009ffff] + [mem 0x00100000-0xbfffffff] -> [mem 0x00000000-0xbfffffff]
Oct 24 01:19:31 master kernel: [    0.016642] NUMA: Node 0 [mem 0x00000000-0xbfffffff] + [mem 0x100000000-0x12fffffff] -> [mem 0x00000000-0x12fffffff]
Oct 24 01:19:31 master kernel: [    0.016659] NODE_DATA(0) allocated [mem 0x12ffd3000-0x12fffdfff]
Oct 24 01:19:31 master kernel: [    0.017673] Zone ranges:
Oct 24 01:19:31 master kernel: [    0.017674]   DMA      [mem 0x0000000000001000-0x0000000000ffffff]
Oct 24 01:19:31 master kernel: [    0.017676]   DMA32    [mem 0x0000000001000000-0x00000000ffffffff]
Oct 24 01:19:31 master kernel: [    0.017677]   Normal   [mem 0x0000000100000000-0x000000012fffffff]
Oct 24 01:19:31 master kernel: [    0.017678]   Device   empty
Oct 24 01:19:31 master kernel: [    0.017679] Movable zone start for each node
Oct 24 01:19:31 master kernel: [    0.017682] Early memory node ranges
Oct 24 01:19:31 master kernel: [    0.017683]   node   0: [mem 0x0000000000001000-0x0000000000054fff]
Oct 24 01:19:31 master kernel: [    0.017685]   node   0: [mem 0x0000000000060000-0x0000000000097fff]
Oct 24 01:19:31 master kernel: [    0.017685]   node   0: [mem 0x0000000000100000-0x00000000bd956fff]
Oct 24 01:19:31 master kernel: [    0.017687]   node   0: [mem 0x00000000bd95b000-0x00000000bdadcfff]
Oct 24 01:19:31 master kernel: [    0.017687]   node   0: [mem 0x00000000bdb1b000-0x00000000beb9afff]
Oct 24 01:19:31 master kernel: [    0.017688]   node   0: [mem 0x00000000bebff000-0x00000000bffdffff]
Oct 24 01:19:31 master kernel: [    0.017689]   node   0: [mem 0x0000000100000000-0x000000012fffffff]
Oct 24 01:19:31 master kernel: [    0.019276] Zeroed struct page in unavailable ranges: 314 pages
Oct 24 01:19:31 master kernel: [    0.019279] Initmem setup node 0 [mem 0x0000000000001000-0x000000012fffffff]
Oct 24 01:19:31 master kernel: [    0.019283] On node 0 totalpages: 982726
Oct 24 01:19:31 master kernel: [    0.019284]   DMA z[[0;32m  OK  [0m] Started OpenBSD Secure Shell server.
one: 64 pages used for memmap
Oct 24 01:19:31 master kernel: [    0.019285]   DMA zone: 3118 pages reserved
Oct 24 01:19:31 master kernel: [    0.019286]   DMA zone: 3980 pages, LIFO batch:0
Oct 24 01:19:31 master kernel: [    0.019344]   DMA32 zone: 12221 pages used for memmap
Oct 24 01:19:31 master kernel: [    0.019344]   DMA32 zone: 782138 pages, LIFO batch:63
Oct 24 01:19:31 master kernel: [    0.045322]   Normal zone: 3072 pages used for memmap
Oct 24 01:19:31 master kernel: [    0.045325]   Normal zone: 196608 pages, LIFO batch:63
Oct 24 01:19:31 master kernel: [    0.052399] ACPI: PM-Timer IO Port: 0xb008
Oct 24 01:19:31 master kernel: [    0.052405] ACPI: Local APIC address 0xfee00000
Oct 24 01:19:31 master kernel: [    0.052418] ACPI: LAPIC_NMI (acpi_id[0xff] dfl dfl lint[0x1])
Oct 24 01:19:31 master kernel: [    0.052498] IOAPIC[0]: apic_id 0, version 17, address 0xfec00000, GSI 0-23
Oct 24 01:19:31 master kernel: [    0.052502] ACPI: INT_SRC_OVR (bus 0 bus_irq 5 global_irq 5 high level)
Oct 24 01:19:31 master kernel: [    0.052503] ACPI: INT_SRC_OVR (bus 0 bus_irq 9 global_irq 9 high level)
Oct 24 01:19:31 master kernel: [    0.052505] ACPI: INT_SRC_OVR (bus 0 bus_irq 10 global_irq 10 high level)
Oct 24 01:19:31 master kernel: [    0.052505] ACPI: INT_SRC_OVR (bus 0 bus_irq 11 global_irq 11 high level)
Oct 24 01:19:31 master kernel: [    0.052508] ACPI: IRQ5 used by override.
Oct 24 01:19:31 master kernel: [    0.052508] ACPI: IRQ9 used by override.
Oct 24 01:19:31 master kernel: [    0.052509] ACPI: IRQ10 used by override.
Oct 24 01:19:31 master kernel: [    0.052509] ACPI: IRQ11 used by override.
Oct 24 01:19:31 master kernel: [    0.052512] Using ACPI (MADT) for SMP configuration information
Oct 24 01:19:31 master kernel: [    0.052515] smpboot: Allowing 1 CPUs, 0 hotplug CPUs
Oct 24 01:19:31 master kernel: [    0.052568] PM: Registered nosave memory: [mem 0x00000000-0x00000fff]
Oct 24 01:19:31 master kernel: [    0.052572] PM: Registered nosave memory: [mem 0x00055000-0x0005ffff]
Oct 24 01:19:31 master kernel: [    0.052576] PM: Registered nosave memory: [mem 0x00098000-0x0009ffff]
Oct 24 01:19:31 master kernel: [    0.052578] PM: Registered nosave memory: [mem 0x000a0000-0x000fffff]
Oct 24 01:19:31 master kernel: [    0.052582] PM: Registered nosave memory: [mem 0xbd957000-0xbd959fff]
Oct 24 01:19:31 master kernel: [    0.052584] PM: Registered nosave memory: [mem 0xbd95a000-0xbd95afff]
Oct 24 01:19:31 master kernel: [    0.052587] PM: Registered nosave memory: [mem 0xbdadd000-0xbdae4fff]
Oct 24 01:19:31 master kernel: [    0.052589] PM: Registered nosave memory: [mem 0xbdae5000-0xbdb1afff]
Oct 24 01:19:31 master kernel: [    0.052593] PM: Registered nosave memory: [mem 0xbeb9b000-0xbebf2fff]
Oct 24 01:19:31 master kernel: [    0.052595] PM: Registered nosave memory: [mem 0xbebf3000-0xbebfafff]
Oct 24 01:19:31 master kernel: [    0.052597] PM: Registered nosave memory: [mem 0xbebfb000-0xbebfefff]
Oct 24 01:19:31 master kernel: [    0.052601] PM: Registered nosave memory: [mem 0xbffe0000-0xbfffffff]
Oct 24 01:19:31 master kernel: [    0.052603] PM: Registered nosave memory: [mem 0xc0000000-0xffffffff]
Oct 24 01:19:31 master kernel: [    0.052606] [mem 0xc0000000-0xffffffff] available for PCI devices
Oct 24 01:19:31 master kernel: [    0.052608] Booting paravirtualized kernel on KVM
Oct 24 01:19:31 master kernel: [    0.052613] clocksource: refined-jiffies: mask: 0xffffffff max_cycles: 0xffffffff, max_idle_ns: 7645519600211568 ns
Oct 24 01:19:31 master kernel: [    0.052626] setup_percpu: NR_CPUS:8192 nr_cpumask_bits:1 nr_cpu_ids:1 nr_node_ids:1
Oct 24 01:19:31 master kernel: [    0.053505] percpu: Embedded 54 pages/cpu s184320 r8192 d28672 u2097152
Oct 24 01:19:31 master kernel: [    0.053511] pcpu-alloc: s184320 r8192 d28672 u2097152 alloc=1*2097152
Oct 24 01:19:31 master kernel: [    0.053512] pcpu-alloc: [0] 0 
Oct 24 01:19:31 master kernel: [    0.053540] Built 1 zonelists, mobility grouping on.  Total pages: 964251
Oct 24 01:19:31 master kernel: [    0.053541] Policy zone: Normal
Oct 24 01:19:31 master kernel: [    0.053543] Kernel command line: BOOT_IMAGE=/boot/vmlinuz-5.4.0-1028-gcp root=LABEL=cloudimg-rootfs ro console=ttyS0
Oct 24 01:19:31 master kernel: [    0.055208] Dentry cache hash table entries: 524288 (order: 10, 4194304 bytes, linear)
Oct 24 01:19:31 master kernel: [    0.056038] Inode-cache hash table entries: 262144 (order: 9, 2097152 bytes, linear)
Oct 24 01:19:31 master kernel: [    0.056079] mem auto-init: stack:off, heap alloc:off, heap free:off
Oct 24 01:19:31 master kernel: [    0.075486] Calgary: detecting Calgary via BIOS EBDA area
Oct 24 01:19:31 master kernel: [    0.075488] Calgary: Unable to locate Rio Grande table in EBDA - bailing!
Oct 24 01:19:31 master kernel: [    0.083743] Memory: 3684904K/3930904K available (14339K kernel code, 2385K rwdata, 4852K rodata, 2672K init, 5044K bss, 246000K reserved, 0K cma-reserved)
Oct 24 01:19:31 master kernel: [    0.083754] random: get_random_u64 called from __kmem_cache_create+0x41/0x550 with crng_init=0
Oct 24 01:19:31 master kernel: [    0.084681] SLUB: HWalign=64, Order=0-3, MinObjects=0, CPUs=1, Nodes=1
Oct 24 01:19:31 master kernel: [    0.084694] Kernel/User page tables isolation: enabled
Oct 24 01:19:31 master kernel: [    0.084708] ftrace: allocating 44397 entries in 174 pages
Oct 24 01:19:31 master kernel: [    0.102883] rcu: Hierarchical RCU implementation.
Oct 24 01:19:31 master kernel: [    0.102887] rcu: 	RCU restricting CPUs from NR_CPUS=8192 to nr_cpu_ids=1.
Oct 24 01:19:31 master kernel: [    0.102888] 	Tasks RCU enabled.
Oct 24 01:19:31 master kernel: [    0.102889] rcu: RCU calculated value of scheduler-enlistment delay is 25 jiffies.
Oct 24 01:19:31 master kernel: [    0.102890] rcu: Adjusting geometry for rcu_fanout_leaf=16, nr_cpu_ids=1
Oct 24 01:19:31 master kernel: [    0.105513] NR_IRQS: 524544, nr_irqs: 256, preallocated irqs: 16
Oct 24 01:19:31 master kernel: [    0.105745] random: crng done (trusting CPU's manufacturer)
Oct 24 01:19:31 master kernel: [    0.105769] Console: colour dummy device 80x25
Oct 24 01:19:31 master kernel: [    0.257866] printk: console [ttyS0] enabled
Oct 24 01:19:31 master kernel: [    0.258622] ACPI: Core revision 20190816
Oct 24 01:19:31 master kernel: [    0.259548] APIC: Switch to symmetric I/O mode setup
Oct 24 01:19:31 master kernel: [    0.260988] x2apic enabled
Oct 24 01:19:31 master kernel: [    0.262838] Switched APIC routing to physical x2apic.
Oct 24 01:19:31 master kernel: [    0.267147] ..TIMER: vector=0x30 apic1=0 pin1=0 apic2=-1 pin2=-1
Oct 24 01:19:31 master kernel: [    0.268340] clocksource: tsc-early: mask: 0xffffffffffffffff max_cycles: 0x212735223b2, max_idle_ns: 440795277976 ns
Oct 24 01:19:31 master kernel: [    0.269858] Calibrating delay loop (skipped) preset value.. 4600.00 BogoMIPS (lpj=9200000)
Oct 24 01:19:31 master kernel: [    0.271006] pid_max: default: 32768 minimum: 301
Oct 24 01:19:31 master kernel: [    0.275565] LSM: Security Framework initializing
Oct 24 01:19:31 master kernel: [    0.276254] Yama: becoming mindful.
Oct 24 01:19:31 master kernel: [    0.276775] AppArmor: AppArmor initialized
Oct 24 01:19:31 master kernel: [    0.277910] Mount-cache hash table entries: 8192 (order: 4, 65536 bytes, linear)
Oct 24 01:19:31 master kernel: [    0.279571] Mountpoint-cache hash table entries: 8192 (order: 4, 65536 bytes, linear)
Oct 24 01:19:31 master kernel: [    0.281659] Last level iTLB entries: 4KB 1024, 2MB 1024, 4MB 1024
Oct 24 01:19:31 master kernel: [    0.281860] Last level dTLB entries: 4KB 1024, 2MB 1024, 4MB 1024, 1GB 4
Oct 24 01:19:31 master kernel: [    0.283048] Spectre V1 : Mitigation: usercopy/swapgs barriers and __user pointer sanitization
Oct 24 01:19:31 master kernel: [    0.285858] Spectre V2 : Mitigation: Full generic retpoline
Oct 24 01:19:31 master kernel: [    0.286796] Spectre V2 : Spectre v2 / SpectreRSB mitigation: Filling RSB on context switch
Oct 24 01:19:31 master kernel: [    0.288226] Spectre V2 : Enabling Restricted Speculation for firmware calls
Oct 24 01:19:31 master kernel: [    0.289859] Spectre V2 : mitigation: Enabling conditional Indirect Branch Prediction Barrier
Oct 24 01:19:31 master kernel: [    0.291182] Speculative Store Bypass: Mitigation: Speculative Store Bypass disabled via prctl and seccomp
Oct 24 01:19:31 master kernel: [    0.292785] MDS: Mitigation: Clear CPU buffers
Oct 24 01:19:31 master kernel: [    0.299967] Freeing SMP alternatives memory: 40K
Oct 24 01:19:31 master kernel: [    0.411021] smpboot: CPU0: Intel(R) Xeon(R) CPU @ 2.30GHz (family: 0x6, model: 0x3f, stepping: [[0;32m  OK  [0m] Started Snap Daemon.
         Starting Wait until snapd is fully seeded...
         Starting Google Compute Engine Shutdown Scripts...
[   23.211031] google_accounts_daemon[1210]: Adding user kasturi to group google-sudoers
[   23.719461] google_network_daemon[1209]: Internet Systems Consortium DHCP Client 4.3.5
[   23.719540] google_network_daemon[1209]: Copyright 2004-2016 Internet Systems Consortium.
[   23.719577] google_network_daemon[1209]: All rights reserved.
[   23.719614] google_network_daemon[1209]: For info, please visit https://www.isc.org/software/dhcp/
[   23.719647] google_network_daemon[1209]: Listening on Socket/ens4
[   23.719680] google_network_daemon[1209]: Sending on   Socket/ens4
0x0)
Oct 24 01:19:31 master kernel: [    0.413685] Performance Events: unsupported p6 CPU model 63 no PMU driver, software events only.
Oct 24 01:19:31 master kernel: [    0.413930] rcu: Hierarchical SRCU implementation.
Oct 24 01:19:31 master kernel: [    0.416243] NMI watchdog: Perf NMI watchdog permanently disabled
Oct 24 01:19:31 master kernel: [    0.417922] smp: Bringing up secondary CPUs ...
Oct 24 01:19:31 master kernel: [    0.418730] smp: Brought up 1 node, 1 CPU
Oct 24 01:19:31 master kernel: [    0.419775] smpboot: Max logical packages: 1
Oct 24 01:19:31 master kernel: [    0.420810] smpboot: Total of 1 processors activated (4600.00 BogoMIPS)
Oct 24 01:19:31 master kernel: [    0.422171] devtmpfs: initialized
Oct 24 01:19:31 master kernel: [    0.423060] x86/mm: Memory block size: 128MB
Oct 24 01:19:31 master kernel: [    0.424391] PM: Registering ACPI NVS region [mem 0xbd95a000-0xbd95afff] (4096 bytes)
Oct 24 01:19:31 master kernel: [    0.425862] PM: Registering ACPI NVS region [mem 0xbdadd000-0xbdae4fff] (32768 bytes)
Oct 24 01:19:31 master kernel: [    0.427440] PM: Registering ACPI NVS region [mem 0xbebfb000-0xbebfefff] (16384 bytes)
Oct 24 01:19:31 master kernel: [    0.429972] clocksource: jiffies: mask: 0xffffffff max_cycles: 0xffffffff, max_idle_ns: 7645041785100000 ns
Oct 24 01:19:31 master kernel: [    0.431438] futex hash table entries: 256 (order: 2, 16384 bytes, linear)
Oct 24 01:19:31 master kernel: [    0.432450] pinctrl core: initialized pinctrl subsystem
Oct 24 01:19:31 master kernel: [    0.433353] PM: RTC time: 01:19:11, date: 2020-10-24
Oct 24 01:19:31 master kernel: [    0.433977] NET: Registered protocol family 16
Oct 24 01:19:31 master kernel: [    0.434752] audit: initializing netlink subsys (disabled)
Oct 24 01:19:31 master kernel: [    0.435648] EISA bus registered
Oct 24 01:19:31 master kernel: [    0.436146] cpuidle: using governor ladder
Oct 24 01:19:31 master kernel: [    0.436732] cpuidle: using governor menu
Oct 24 01:19:31 master kernel: [    0.437371] ACPI: bus type PCI registered
Oct 24 01:19:31 master kernel: [    0.437859] acpiphp: ACPI Hot Plug PCI Controller Driver version: 0.5
Oct 24 01:19:31 master kernel: [    0.439098] PCI: Using configuration type 1 for base access
Oct 24 01:19:31 master kernel: [    0.441881] audit: type=2000 audit(1603502351.415:1): state=initialized audit_enabled=0 res=1
Oct 24 01:19:31 master kernel: [    0.443746] HugeTLB registered 1.00 GiB page size, pre-allocated 0 pages
Oct 24 01:19:31 master kernel: [    0.444840] HugeTLB registered 2.00 MiB page size, pre-allocated 0 pages
Oct 24 01:19:31 master kernel: [    0.446685] ACPI: Added _OSI(Module Device)
Oct 24 01:19:31 master kernel: [    0.447296] ACPI: Added _OSI(Processor Device)
Oct 24 01:19:31 master kernel: [    0.447960] ACPI: Added _OSI(3.0 _SCP Extensions)
Oct 24 01:19:31 master kernel: [    0.448645] ACPI: Added _OSI(Processor Aggregator Device)
Oct 24 01:19:31 master kernel: [    0.449429] ACPI: Added _OSI(Linux-Dell-Video)
Oct 24 01:19:31 master kernel: [    0.449891] ACPI: Added _OSI(Linux-Lenovo-NV-HDMI-Audio)
Oct 24 01:19:31 master kernel: [    0.450822] ACPI: Added _OSI(Linux-HPI-Hybrid-Graphics)
Oct 24 01:19:31 master kernel: [    0.454022] ACPI: 3 ACPI AML tables successfully acquired and loaded
Oct 24 01:19:31 master kernel: [    0.456082] ACPI: Interpreter enabled
Oct 24 01:19:31 master kernel: [    0.456827] ACPI: (supports S0 S3 S4 S5)
Oct 24 01:19:31 master kernel: [    0.457503] ACPI: Using IOAPIC for interrupt routing
Oct 24 01:19:31 master kernel: [    0.457886] PCI: Using host bridge windows from ACPI; if necessary, use "pci=nocrs" and report a bug
Oct 24 01:19:31 master kernel: [    0.462097] ACPI: Enabled 16 GPEs in block 00 to 0F
Oct 24 01:19:31 master kernel: [    0.465871] ACPI: PCI Root Bridge [PCI0] (domain 0000 [bus 00-ff])
Oct 24 01:19:31 master kernel: [    0.466944] acpi PNP0A03:00: _OSC: OS supports [ASPM ClockPM Segments MSI HPX-Type3]
Oct 24 01:19:31 master kernel: [    0.468244] acpi PNP0A03:00: fail to add MMCONFIG information, can't access extended[[0;32m  OK  [0m] Started Google Compute Engine Shutdown Scripts.
[[0;32m  OK  [0m] Started Wait until snapd is fully seeded.
         Starting Apply the settings specified in cloud-config...
[[0;32m  OK  [0m] Reached target Multi-User System.
[[0;32m  OK  [0m] Reached target Graphical Interface.
 PCI configuration space under this bridge.
Oct 24 01:19:31 master kernel: [    0.470600] PCI host bridge to bus 0000:00
Oct 24 01:19:31 master kernel: [    0.471286] pci_bus 0000:00: root bus resource [io  0x0000-0x0cf7 window]
Oct 24 01:19:31 master kernel: [    0.472239] pci_bus 0000:00: root bus resource [io  0x0d00-0xffff window]
Oct 24 01:19:31 master kernel: [    0.473171] pci_bus 0000:00: root bus resource [mem 0x000a0000-0x000bffff window]
Oct 24 01:19:31 master kernel: [    0.473858] pci_bus 0000:00: root bus resource [mem 0xc0000000-0xfebfefff window]
Oct 24 01:19:31 master kernel: [    0.474938] pci_bus 0000:00: root bus resource [bus 00-ff]
Oct 24 01:19:31 master kernel: [    0.475721] pci 0000:00:00.0: [8086:1237] type 00 class 0x060000
Oct 24 01:19:31 master kernel: [    0.479772] pci 0000:00:01.0: [8086:7110] type 00 class 0x060100
Oct 24 01:19:31 master kernel: [    0.502159] pci 0000:00:01.3: [8086:7113] type 00 class 0x068000
Oct 24 01:19:31 master kernel: [    0.521915] pci 0000:00:01.3: quirk: [io  0xb000-0xb03f] claimed by PIIX4 ACPI
Oct 24 01:19:31 master kernel: [    0.524011] pci 0000:00:03.0: [1af4:1004] type 00 class 0x000000
Oct 24 01:19:31 master kernel: [    0.533869] pci 0000:00:03.0: reg 0x10: [io  0xc040-0xc07f]
Oct 24 01:19:31 master kernel: [    0.540032] pci 0000:00:03.0: reg 0x14: [mem 0xc0000000-0xc000007f]
Oct 24 01:19:31 master kernel: [    0.555635] pci 0000:00:04.0: [1af4:1000] type 00 class 0x020000
Oct 24 01:19:31 master kernel: [    0.563909] pci 0000:00:04.0: reg 0x10: [io  0xc000-0xc03f]
Oct 24 01:19:31 master kernel: [    0.568841] pci 0000:00:04.0: reg 0x14: [mem 0xc0002000-0xc000203f]
Oct 24 01:19:31 master kernel: [    0.583522] pci 0000:00:05.0: [1af4:1005] type 00 class 0x00ff00
Oct 24 01:19:31 master kernel: [    0.590977] pci 0000:00:05.0: reg 0x10: [io  0xc080-0xc09f]
Oct 24 01:19:31 master kernel: [    0.597096] pci 0000:00:05.0: reg 0x14: [mem 0xc0001000-0xc000103f]
Oct 24 01:19:31 master kernel: [    0.622105] ACPI: PCI Interrupt Link [LNKA] (IRQs 5 *10 11)
Oct 24 01:19:31 master kernel: [    0.624838] ACPI: PCI Interrupt Link [LNKB] (IRQs 5 *10 11)
Oct 24 01:19:31 master kernel: [    0.627377] ACPI: PCI Interrupt Link [LNKC] (IRQs 5 10 *11)
Oct 24 01:19:31 master kernel: [    0.629978] ACPI: PCI Interrupt Link [LNKD] (IRQs 5 10 *11)
Oct 24 01:19:31 master kernel: [    0.632630] ACPI: PCI Interrupt Link [LNKS] (IRQs *9)
Oct 24 01:19:31 master kernel: [    0.633977] iommu: Default domain type: Translated 
Oct 24 01:19:31 master kernel: [    0.635781] SCSI subsystem initialized
Oct 24 01:19:31 master kernel: [    0.636481] libata version 3.00 loaded.
Oct 24 01:19:31 master kernel: [    0.636520] vgaarb: loaded
Oct 24 01:19:31 master kernel: [    0.636973] ACPI: bus type USB registered
Oct 24 01:19:31 master kernel: [    0.637591] usbcore: registered new interface driver usbfs
Oct 24 01:19:31 master kernel: [    0.637868] usbcore: registered new interface driver hub
Oct 24 01:19:31 master kernel: [    0.638788] usbcore: registered new device driver usb
Oct 24 01:19:31 master kernel: [    0.640189] pps_core: LinuxPPS API ver. 1 registered
Oct 24 01:19:31 master kernel: [    0.640988] pps_core: Software ver. 5.3.6 - Copyright 2005-2007 Rodolfo Giometti <giometti@linux.it>
Oct 24 01:19:31 master kernel: [    0.641863] PTP clock support registered
Oct 24 01:19:31 master kernel: [    0.642672] EDAC MC: Ver: 3.0.0
Oct 24 01:19:31 master kernel: [    0.643428] Registered efivars operations
Oct 24 01:19:31 master kernel: [    0.644126] PCI: Using ACPI for IRQ routing
Oct 24 01:19:31 master kernel: [    0.645859] PCI: pci_cache_line_size set to 64 bytes
Oct 24 01:19:31 master kernel: [    0.645957] e820: reserve RAM buffer [mem 0x00055000-0x0005ffff]
Oct 24 01:19:31 master kernel: [    0.645959] e820: reserve RAM buffer [mem 0x00098000-0x0009ffff]
Oct 24 01:19:31 master kernel: [    0.645959] e820: reserve RAM buffer [mem 0xbd957000-0xbfffffff]
Oct 24 01:19:31 master kernel: [    0.645960] e820: reserve RAM buffer [mem 0xbdadd000-0xbfffffff]
Oct 24 01:19:31 master kernel: [          Starting Update UTMP about System Runlevel Changes...
   0.645961] e820: reserve RAM buffer [mem 0xbeb9b000-0xbfffffff]
Oct 24 01:19:31 master kernel: [    0.645962] e820: reserve RAM buffer [mem 0xbffe0000-0xbfffffff]
Oct 24 01:19:31 master kernel: [    0.646066] NetLabel: Initializing
Oct 24 01:19:31 master kernel: [    0.646655] NetLabel:  domain hash size = 128
Oct 24 01:19:31 master kernel: [    0.647369] NetLabel:  protocols = UNLABELED CIPSOv4 CALIPSO
Oct 24 01:19:31 master kernel: [    0.648204] NetLabel:  unlabeled traffic allowed by default
Oct 24 01:19:31 master kernel: [    0.649984] clocksource: Switched to clocksource kvm-clock
Oct 24 01:19:31 master kernel: [    0.665429] VFS: Disk quotas dquot_6.6.0
Oct 24 01:19:31 master kernel: [    0.666047] VFS: Dquot-cache hash table entries: 512 (order 0, 4096 bytes)
Oct 24 01:19:31 master kernel: [    0.667183] AppArmor: AppArmor Filesystem Enabled
Oct 24 01:19:31 master kernel: [    0.667894] pnp: PnP ACPI init
Oct 24 01:19:31 master kernel: [    0.668430] pnp 00:00: Plug and Play ACPI device, IDs PNP0b00 (active)
Oct 24 01:19:31 master kernel: [    0.668508] pnp 00:01: Plug and Play ACPI device, IDs PNP0303 (active)
Oct 24 01:19:31 master kernel: [    0.668575] pnp 00:02: Plug and Play ACPI device, IDs PNP0f13 (active)
Oct 24 01:19:31 master kernel: [    0.668635] pnp 00:03: Plug and Play ACPI device, IDs PNP0501 (active)
Oct 24 01:19:31 master kernel: [    0.668682] pnp 00:04: Plug and Play ACPI device, IDs PNP0501 (active)
Oct 24 01:19:31 master kernel: [    0.668728] pnp 00:05: Plug and Play ACPI device, IDs PNP0501 (active)
Oct 24 01:19:31 master kernel: [    0.668772] pnp 00:06: Plug and Play ACPI device, IDs PNP0501 (active)
Oct 24 01:19:31 master kernel: [    0.668996] pnp: PnP ACPI: found 7 devices
Oct 24 01:19:31 master kernel: [    0.670629] thermal_sys: Registered thermal governor 'fair_share'
Oct 24 01:19:31 master kernel: [    0.670630] thermal_sys: Registered thermal governor 'bang_bang'
Oct 24 01:19:31 master kernel: [    0.671529] thermal_sys: Registered thermal governor 'step_wise'
Oct 24 01:19:31 master kernel: [    0.672408] thermal_sys: Registered thermal governor 'user_space'
Oct 24 01:19:31 master kernel: [    0.673685] thermal_sys: Registered thermal governor 'power_allocator'
Oct 24 01:19:31 master kernel: [    0.679144] clocksource: acpi_pm: mask: 0xffffff max_cycles: 0xffffff, max_idle_ns: 2085701024 ns
Oct 24 01:19:31 master kernel: [    0.681570] pci_bus 0000:00: resource 4 [io  0x0000-0x0cf7 window]
Oct 24 01:19:31 master kernel: [    0.682545] pci_bus 0000:00: resource 5 [io  0x0d00-0xffff window]
Oct 24 01:19:31 master kernel: [    0.683556] pci_bus 0000:00: resource 6 [mem 0x000a0000-0x000bffff window]
Oct 24 01:19:31 master kernel: [    0.686963] pci_bus 0000:00: resource 7 [mem 0xc0000000-0xfebfefff window]
Oct 24 01:19:31 master kernel: [    0.688541] NET: Registered protocol family 2
Oct 24 01:19:31 master kernel: [    0.690657] tcp_listen_portaddr_hash hash table entries: 2048 (order: 3, 32768 bytes, linear)
Oct 24 01:19:31 master kernel: [    0.692241] TCP established hash table entries: 32768 (order: 6, 262144 bytes, linear)
Oct 24 01:19:31 master kernel: [    0.693751] TCP bind hash table entries: 32768 (order: 7, 524288 bytes, linear)
Oct 24 01:19:31 master kernel: [    0.695253] TCP: Hash tables configured (established 32768 bind 32768)
Oct 24 01:19:31 master kernel: [    0.697087] UDP hash table entries: 2048 (order: 4, 65536 bytes, linear)
Oct 24 01:19:31 master kernel: [    0.698783] UDP-Lite hash table entries: 2048 (order: 4, 65536 bytes, linear)
Oct 24 01:19:31 master kernel: [    0.701424] NET: Registered protocol family 1
Oct 24 01:19:31 master kernel: [    0.702468] NET: Registered protocol family 44
Oct 24 01:19:31 master kernel: [    0.704036] pci 0000:00:00.0: Limiting direct PCI/PCI transfers
Oct 24 01:19:31 master kernel: [    0.705238] PCI: CLS 0 bytes, default 64
Oct 24 01:19:31 master kernel: [    0.706814] Trying to unpack rootfs image as initramfs...
Oct 24 01:19:31 master kernel: [    1.322631] Freeing initrd memory: 35624K
Oct 24 01:19:31 master kernel: [[0;32m  OK  [0m] Started Update UTMP about System Runlevel Changes.
[    1.323677] PCI-DMA: Using software bounce buffering for IO (SWIOTLB)
Oct 24 01:19:31 master kernel: [    1.325169] software IO TLB: mapped [mem 0xb6ff7000-0xbaff7000] (64MB)
Oct 24 01:19:31 master kernel: [    1.326374] clocksource: tsc: mask: 0xffffffffffffffff max_cycles: 0x212735223b2, max_idle_ns: 440795277976 ns
Oct 24 01:19:31 master kernel: [    1.328123] clocksource: Switched to clocksource tsc
Oct 24 01:19:31 master kernel: [    1.328848] check: Scanning for low memory corruption every 60 seconds
Oct 24 01:19:31 master kernel: [    1.330103] Initialise system trusted keyrings
Oct 24 01:19:31 master kernel: [    1.330767] Key type blacklist registered
Oct 24 01:19:31 master kernel: [    1.331388] workingset: timestamp_bits=36 max_order=20 bucket_order=0
Oct 24 01:19:31 master kernel: [    1.333565] zbud: loaded
Oct 24 01:19:31 master kernel: [    1.334327] squashfs: version 4.0 (2009/01/31) Phillip Lougher
Oct 24 01:19:31 master kernel: [    1.335581] fuse: init (API version 7.31)
Oct 24 01:19:31 master kernel: [    1.336407] Platform Keyring initialized
Oct 24 01:19:31 master kernel: [    1.340386] Key type asymmetric registered
Oct 24 01:19:31 master kernel: [    1.341399] Asymmetric key parser 'x509' registered
Oct 24 01:19:31 master kernel: [    1.342372] Block layer SCSI generic (bsg) driver version 0.4 loaded (major 244)
Oct 24 01:19:31 master kernel: [    1.343608] io scheduler mq-deadline registered
Oct 24 01:19:31 master kernel: [    1.344472] shpchp: Standard Hot Plug PCI Controller Driver version: 0.4
Oct 24 01:19:31 master kernel: [    1.345673] intel_idle: Please enable MWAIT in BIOS SETUP
Oct 24 01:19:31 master kernel: [    1.345747] input: Power Button as /devices/LNXSYSTM:00/LNXPWRBN:00/input/input0
Oct 24 01:19:31 master kernel: [    1.347095] ACPI: Power Button [PWRF]
Oct 24 01:19:31 master kernel: [    1.347687] input: Sleep Button as /devices/LNXSYSTM:00/LNXSLPBN:00/input/input1
Oct 24 01:19:31 master kernel: [    1.348956] ACPI: Sleep Button [SLPF]
Oct 24 01:19:31 master kernel: [    1.352298] PCI Interrupt Link [LNKC] enabled at IRQ 11
Oct 24 01:19:31 master kernel: [    1.353147] virtio-pci 0000:00:03.0: virtio_pci: leaving for legacy driver
Oct 24 01:19:31 master kernel: [    1.357921] PCI Interrupt Link [LNKD] enabled at IRQ 10
Oct 24 01:19:31 master kernel: [    1.358718] virtio-pci 0000:00:04.0: virtio_pci: leaving for legacy driver
Oct 24 01:19:31 master kernel: [    1.363055] PCI Interrupt Link [LNKA] enabled at IRQ 10
Oct 24 01:19:31 master kernel: [    1.363998] virtio-pci 0000:00:05.0: virtio_pci: leaving for legacy driver
Oct 24 01:19:31 master kernel: [    1.367881] Serial: 8250/16550 driver, 32 ports, IRQ sharing enabled
Oct 24 01:19:31 master kernel: [    1.390292] 00:03: ttyS0 at I/O 0x3f8 (irq = 4, base_baud = 115200) is a 16550A
Oct 24 01:19:31 master kernel: [    1.414492] 00:04: ttyS1 at I/O 0x2f8 (irq = 3, base_baud = 115200) is a 16550A
Oct 24 01:19:31 master kernel: [    1.437937] 00:05: ttyS2 at I/O 0x3e8 (irq = 6, base_baud = 115200) is a 16550A
Oct 24 01:19:31 master kernel: [    1.461547] 00:06: ttyS3 at I/O 0x2e8 (irq = 7, base_baud = 115200) is a 16550A
Oct 24 01:19:31 master kernel: [    1.464470] Linux agpgart interface v0.103
Oct 24 01:19:31 master kernel: [    1.480096] tpm_tis MSFT0101:00: 2.0 TPM (device-id 0x9009, rev-id 0)
Oct 24 01:19:31 master kernel: [    1.494179] loop: module loaded
Oct 24 01:19:31 master kernel: [    1.506680] scsi host0: Virtio SCSI HBA
Oct 24 01:19:31 master kernel: [    1.514187] scsi 0:0:1:0: Direct-Access     Google   PersistentDisk   1    PQ: 0 ANSI: 6
Oct 24 01:19:31 master kernel: [    1.516547] libphy: Fixed MDIO Bus: probed
Oct 24 01:19:31 master kernel: [    1.517683] tun: Universal TUN/TAP device driver, 1.6
Oct 24 01:19:31 master kernel: [    1.518920] PPP generic driver version 2.4.2
Oct 24 01:19:31 master kernel: [    1.520085] VFIO - User Level meta-driver version: 0.3
Oct 24 01:19:31 master kernel: [    1.521485] ehci_hcd: USB 2.0 'Enhanced' Host Controller (EHCI) Driver
Oct 24 01:19:31 master kernel: [    1.523154] ehci-pci: EHCI PCI platform driver
Oct 24 01:19:31 master kernel: [    1.524343] ehci-platform: EHCI generic platform driver
Oct 24 01:19:31 master kernel: [    1.525669] ohci_hcd: USB 1.1 'Open' Host Controller (OHCI) Driver
Oct 24 01:19:31 master kernel: [    1.527072] ohci-pci: OHCI PCI platform driver
Oct 24 01:19:31 master kernel: [    1.527956] ohci-platform: OHCI generic platform driver
Oct 24 01:19:31 master kernel: [    1.529187] uhci_hcd: USB Universal Host Controller Interface driver
Oct 24 01:19:31 master kernel: [    1.530941] i8042: PNP: PS/2 Controller [PNP0303:KBD,PNP0f13:MOU] at 0x60,0x64 irq 1,12
Oct 24 01:19:31 master kernel: [    1.533268] i8042: Warning: Keylock active
Oct 24 01:19:31 master kernel: [    1.535664] serio: i8042 KBD port at 0x60,0x64 irq 1
Oct 24 01:19:31 master kernel: [    1.536999] serio: i8042 AUX port at 0x60,0x64 irq 12
Oct 24 01:19:31 master kernel: [    1.538758] mousedev: PS/2 mouse device common for all mice
Oct 24 01:19:31 master kernel: [    1.540311] rtc_cmos 00:00: RTC can wake from S4
Oct 24 01:19:31 master kernel: [    1.542544] rtc_cmos 00:00: registered as rtc0
Oct 24 01:19:31 master kernel: [    1.543530] rtc_cmos 00:00: alarms up to one day, 114 bytes nvram
Oct 24 01:19:31 master kernel: [    1.545808] i2c /dev entries driver
Oct 24 01:19:31 master kernel: [    1.547355] device-mapper: uevent: version 1.0.3
Oct 24 01:19:31 master kernel: [    1.549057] device-mapper: ioctl: 4.41.0-ioctl (2019-09-16) initialised: dm-devel@redhat.com
Oct 24 01:19:31 master kernel: [    1.551804] platform eisa.0: Probing EISA bus 0
Oct 24 01:19:31 master kernel: [    1.552887] platform eisa.0: EISA: Cannot allocate resource for mainboard
Oct 24 01:19:31 master kernel: [    1.554719] platform eisa.0: Cannot allocate resource for EISA slot 1
Oct 24 01:19:31 master kernel: [    1.556297] platform eisa.0: Cannot allocate resource for EISA slot 2
Oct 24 01:19:31 master kernel: [    1.558034] platform eisa.0: Cannot allocate resource for EISA slot 3
Oct 24 01:19:31 master kernel: [    1.559478] platform eisa.0: Cannot allocate resource for EISA slot 4
Oct 24 01:19:31 master kernel: [    1.560837] platform eisa.0: Cannot allocate resource for EISA slot 5
Oct 24 01:19:31 master kernel: [    1.562463] platform eisa.0: Cannot allocate resource for EISA slot 6
Oct 24 01:19:31 master kernel: [    1.563981] platform eisa.0: Cannot allocate resource for EISA slot 7
Oct 24 01:19:31 master kernel: [    1.565608] platform eisa.0: Cannot allocate resource for EISA slot 8
Oct 24 01:19:31 master kernel: [    1.567309] platform eisa.0: EISA: Detected 0 cards
Oct 24 01:19:31 master kernel: [    1.568691] intel_pstate: CPU model not supported
Oct 24 01:19:31 master kernel: [    1.570105] ledtrig-cpu: registered to indicate activity on CPUs
Oct 24 01:19:31 master kernel: [    1.571632] EFI Variables Facility v0.08 2004-May-17
Oct 24 01:19:31 master kernel: [    1.577254] drop_monitor: Initializing network drop monitor service
Oct 24 01:19:31 master kernel: [    1.580489] NET: Registered protocol family 10
Oct 24 01:19:31 master kernel: [    1.587824] scsi 0:0:1:0: Attached scsi generic sg0 type 0
Oct 24 01:19:31 master kernel: [    1.590322] sd 0:0:1:0: [sda] 20971520 512-byte logical blocks: (10.7 GB/10.0 GiB)
Oct 24 01:19:31 master kernel: [    1.592372] sd 0:0:1:0: [sda] 4096-byte physical blocks
Oct 24 01:19:31 master kernel: [    1.594768] sd 0:0:1:0: [sda] Write Protect is off
Oct 24 01:19:31 master kernel: [    1.595909] sd 0:0:1:0: [sda] Mode Sense: 1f 00 00 08
Oct 24 01:19:31 master kernel: [    1.596695] Segment Routing with IPv6
Oct 24 01:19:31 master kernel: [    1.597650] NET: Registered protocol family 17
Oct 24 01:19:31 master kernel: [    1.598812] sd 0:0:1:0: [sda] Write cache: enabled, read cache: enabled, doesn't support DPO or FUA
Oct 24 01:19:31 master kernel: [    1.601317] Key type dns_resolver registered
Oct 24 01:19:31 master kernel: [    1.602600] RAS: Correctable Errors collector initialized.
Oct 24 01:19:31 master kernel: [    1.604874] IPI shorthand broadcast: enabled
Oct 24 01:19:31 master kernel: [    1.606403] sched_clock: Marking stable (1450195134, 156148162)->(1605419792, 923504)
Oct 24 01:19:31 master kernel: [    1.608846] registered taskstats version 1
Oct 24 01:19:31 master kernel: [    1.610016] Loading compiled-in X.509 certificates
Oct 24 01:19:31 master kernel: [    1.611917] Loaded X.509 cert 'Build time autogenerated kernel key: 954c5aaf9a5f3e9318effb99eb295b60a4b3bd45'
Oct 24 01:19:31 master kernel: [    1.614035] zswap: loaded using pool lzo/zbud
Oct 24 01:19:31 master kernel: [    1.615112] Key type ._fscrypt registered
Oct 24 01:19:31 master kernel: [    1.616190] Key type .fscrypt registered
Oct 24 01:19:31 master kernel: [    1.620507] Key type big_key registered
Oct 24 01:19:31 master kernel: [    1.621845] Key type trusted registered
Oct 24 01:19:31 master kernel: [    1.624651] Key type encrypted registered
Oct 24 01:19:31 master kernel: [    1.625719] AppArmor: AppArmor sha1 policy hashing enabled
Oct 24 01:19:31 master kernel: [    1.627649] integrity: Loading X.509 certificate: UEFI:db
Oct 24 01:19:31 master kernel: [    1.629155] integrity: Loaded X.509 cert 'Microsoft Corporation UEFI CA 2011: 13adbf4309bd82709c8cd54f316ed522988a1bd4'
Oct 24 01:19:31 master kernel: [    1.631811] integrity: Loading X.509 certificate: UEFI:db
Oct 24 01:19:31 master kernel: [    1.633219] int19:31 master kernel: [    1.834851] piix4_smbus 0000:00:01.3: SMBus base addressofile="unconfined" name="lxc-container-default" pid=619 comm="apparmor_parser"
Oct 24 01:19:31 master kernel: [    9.915132] audit: type=1400 audit(1603502360.716:3): apparmor="STATUS" operation="profile_load" profile="unconfined" name="lxc-container-default-cgns" pid=619 comm="apparmor_parser"
